Component: Arm Compiler for Embedded 6.19 Tool: armlink [5e73cb00]

==============================================================================

Section Cross References

    startup_stm32f103xb.o(STACK) refers (Special) to heapauxi.o(.text) for __use_two_region_memory
    startup_stm32f103xb.o(HEAP) refers (Special) to heapauxi.o(.text) for __use_two_region_memory
    startup_stm32f103xb.o(RESET) refers (Special) to heapauxi.o(.text) for __use_two_region_memory
    startup_stm32f103xb.o(RESET) refers to startup_stm32f103xb.o(STACK) for __initial_sp
    startup_stm32f103xb.o(RESET) refers to startup_stm32f103xb.o(.text) for Reset_Handler
    startup_stm32f103xb.o(RESET) refers to stm32f1xx_it.o(.text.NMI_Handler) for NMI_Handler
    startup_stm32f103xb.o(RESET) refers to stm32f1xx_it.o(.text.HardFault_Handler) for HardFault_Handler
    startup_stm32f103xb.o(RESET) refers to stm32f1xx_it.o(.text.MemManage_Handler) for MemManage_Handler
    startup_stm32f103xb.o(RESET) refers to stm32f1xx_it.o(.text.BusFault_Handler) for BusFault_Handler
    startup_stm32f103xb.o(RESET) refers to stm32f1xx_it.o(.text.UsageFault_Handler) for UsageFault_Handler
    startup_stm32f103xb.o(RESET) refers to stm32f1xx_it.o(.text.SVC_Handler) for SVC_Handler
    startup_stm32f103xb.o(RESET) refers to stm32f1xx_it.o(.text.DebugMon_Handler) for DebugMon_Handler
    startup_stm32f103xb.o(RESET) refers to stm32f1xx_it.o(.text.PendSV_Handler) for PendSV_Handler
    startup_stm32f103xb.o(RESET) refers to stm32f1xx_it.o(.text.SysTick_Handler) for SysTick_Handler
    startup_stm32f103xb.o(RESET) refers to stm32f1xx_it.o(.text.DMA1_Channel1_IRQHandler) for DMA1_Channel1_IRQHandler
    startup_stm32f103xb.o(RESET) refers to stm32f1xx_it.o(.text.DMA1_Channel4_IRQHandler) for DMA1_Channel4_IRQHandler
    startup_stm32f103xb.o(RESET) refers to stm32f1xx_it.o(.text.DMA1_Channel5_IRQHandler) for DMA1_Channel5_IRQHandler
    startup_stm32f103xb.o(RESET) refers to stm32f1xx_it.o(.text.TIM2_IRQHandler) for TIM2_IRQHandler
    startup_stm32f103xb.o(.text) refers (Special) to heapauxi.o(.text) for __use_two_region_memory
    startup_stm32f103xb.o(.text) refers to system_stm32f1xx.o(.text.SystemInit) for SystemInit
    startup_stm32f103xb.o(.text) refers to __main.o(!!!main) for __main
    startup_stm32f103xb.o(.text) refers to startup_stm32f103xb.o(HEAP) for Heap_Mem
    startup_stm32f103xb.o(.text) refers to startup_stm32f103xb.o(STACK) for Stack_Mem
    net_dhcp.o(.text.W5500_Init_DHCP) refers to w5500.o(.text.W5500_HardwareReset) for W5500_HardwareReset
    net_dhcp.o(.text.W5500_Init_DHCP) refers to w5500_core.o(.text.W5500_SoftwareReset) for W5500_SoftwareReset
    net_dhcp.o(.text.W5500_Init_DHCP) refers to w5500_core.o(.text.W5500_MemInit) for W5500_MemInit
    net_dhcp.o(.text.W5500_Init_DHCP) refers to w5500.o(.text.W5500_WriteReg) for W5500_WriteReg
    net_dhcp.o(.ARM.exidx.text.W5500_Init_DHCP) refers to net_dhcp.o(.text.W5500_Init_DHCP) for [Anonymous Symbol]
    net_dhcp.o(.text.DHCP_INIT) refers to w5500_core.o(.text.W5500_SocketInit) for W5500_SocketInit
    net_dhcp.o(.text.DHCP_INIT) refers to rand.o(.text) for srand
    net_dhcp.o(.text.DHCP_INIT) refers to net_dhcp.o(.bss.dhcp_ctx) for dhcp_ctx
    net_dhcp.o(.text.DHCP_INIT) refers to rt_memclr_w.o(.text) for __aeabi_memclr4
    net_dhcp.o(.text.DHCP_INIT) refers to rand.o(.emb_text) for rand
    net_dhcp.o(.ARM.exidx.text.DHCP_INIT) refers to net_dhcp.o(.text.DHCP_INIT) for [Anonymous Symbol]
    net_dhcp.o(.text.DHCP_DISCOVER) refers to rt_memclr_w.o(.text) for __aeabi_memclr4
    net_dhcp.o(.text.DHCP_DISCOVER) refers to net_if.o(.text.netif_get_mac) for netif_get_mac
    net_dhcp.o(.text.DHCP_DISCOVER) refers to net_dhcp.o(.bss.dhcp_ctx) for dhcp_ctx
    net_dhcp.o(.text.DHCP_DISCOVER) refers to w5500_core.o(.text.W5500_Set_UDP_Destination) for W5500_Set_UDP_Destination
    net_dhcp.o(.text.DHCP_DISCOVER) refers to w5500_core.o(.text.W5500_Send_UDP) for W5500_Send_UDP
    net_dhcp.o(.text.DHCP_DISCOVER) refers to stm32f1xx_hal.o(.text.HAL_GetTick) for HAL_GetTick
    net_dhcp.o(.ARM.exidx.text.DHCP_DISCOVER) refers to net_dhcp.o(.text.DHCP_DISCOVER) for [Anonymous Symbol]
    net_dhcp.o(.text.DHCP_WAIT_OFFER) refers to rt_memclr_w.o(.text) for __aeabi_memclr4
    net_dhcp.o(.text.DHCP_WAIT_OFFER) refers to stm32f1xx_hal.o(.text.HAL_GetTick) for HAL_GetTick
    net_dhcp.o(.text.DHCP_WAIT_OFFER) refers to net_dhcp.o(.bss.dhcp_ctx) for dhcp_ctx
    net_dhcp.o(.text.DHCP_WAIT_OFFER) refers to w5500_core.o(.text.W5500_Recv_UDP) for W5500_Recv_UDP
    net_dhcp.o(.text.DHCP_WAIT_OFFER) refers to net_if.o(.text.netif_get_mac) for netif_get_mac
    net_dhcp.o(.text.DHCP_WAIT_OFFER) refers to memcmp.o(.text) for memcmp
    net_dhcp.o(.text.DHCP_WAIT_OFFER) refers to net_dhcp.o(.text.get_dhcp_option) for get_dhcp_option
    net_dhcp.o(.ARM.exidx.text.DHCP_WAIT_OFFER) refers to net_dhcp.o(.text.DHCP_WAIT_OFFER) for [Anonymous Symbol]
[...]
    Removing stm32f1xx_hal_tim.o(.ARM.exidx.text.HAL_TIM_IC_CaptureHalfCpltCallback), (8 bytes).
    Removing stm32f1xx_hal_tim.o(.text.HAL_TIM_PWM_PulseFinishedHalfCpltCallback), (2 bytes).
    Removing stm32f1xx_hal_tim.o(.ARM.exidx.text.HAL_TIM_PWM_PulseFinishedHalfCpltCallback), (8 bytes).
    Removing stm32f1xx_hal_tim.o(.text.HAL_TIM_TriggerHalfCpltCallback), (2 bytes).
    Removing stm32f1xx_hal_tim.o(.ARM.exidx.text.HAL_TIM_TriggerHalfCpltCallback), (8 bytes).
    Removing stm32f1xx_hal_tim.o(.text.HAL_TIM_ErrorCallback), (2 bytes).
    Removing stm32f1xx_hal_tim.o(.ARM.exidx.text.HAL_TIM_ErrorCallback), (8 bytes).
    Removing stm32f1xx_hal_tim.o(.text.HAL_TIM_Base_GetState), (6 bytes).
    Removing stm32f1xx_hal_tim.o(.ARM.exidx.text.HAL_TIM_Base_GetState), (8 bytes).
    Removing stm32f1xx_hal_tim.o(.text.HAL_TIM_OC_GetState), (6 bytes).
    Removing stm32f1xx_hal_tim.o(.ARM.exidx.text.HAL_TIM_OC_GetState), (8 bytes).
    Removing stm32f1xx_hal_tim.o(.text.HAL_TIM_PWM_GetState), (6 bytes).
    Removing stm32f1xx_hal_tim.o(.ARM.exidx.text.HAL_TIM_PWM_GetState), (8 bytes).
    Removing stm32f1xx_hal_tim.o(.text.HAL_TIM_IC_GetState), (6 bytes).
    Removing stm32f1xx_hal_tim.o(.ARM.exidx.text.HAL_TIM_IC_GetState), (8 bytes).
    Removing stm32f1xx_hal_tim.o(.text.HAL_TIM_OnePulse_GetState), (6 bytes).
    Removing stm32f1xx_hal_tim.o(.ARM.exidx.text.HAL_TIM_OnePulse_GetState), (8 bytes).
    Removing stm32f1xx_hal_tim.o(.text.HAL_TIM_Encoder_GetState), (6 bytes).
    Removing stm32f1xx_hal_tim.o(.ARM.exidx.text.HAL_TIM_Encoder_GetState), (8 bytes).
    Removing stm32f1xx_hal_tim.o(.text.HAL_TIM_GetActiveChannel), (4 bytes).
    Removing stm32f1xx_hal_tim.o(.ARM.exidx.text.HAL_TIM_GetActiveChannel), (8 bytes).
    Removing stm32f1xx_hal_tim.o(.text.HAL_TIM_GetChannelState), (32 bytes).
    Removing stm32f1xx_hal_tim.o(.ARM.exidx.text.HAL_TIM_GetChannelState), (8 bytes).
    Removing stm32f1xx_hal_tim.o(.text.HAL_TIM_DMABurstState), (6 bytes).
    Removing stm32f1xx_hal_tim.o(.ARM.exidx.text.HAL_TIM_DMABurstState), (8 bytes).
    Removing stm32f1xx_hal_tim.o(.rodata.cst16), (32 bytes).
    Removing stm32f1xx_hal_tim_ex.o(.text), (0 bytes).
    Removing stm32f1xx_hal_tim_ex.o(.text.HAL_TIMEx_HallSensor_Init), (194 bytes).
    Removing stm32f1xx_hal_tim_ex.o(.ARM.exidx.text.HAL_TIMEx_HallSensor_Init), (8 bytes).
    Removing stm32f1xx_hal_tim_ex.o(.text.HAL_TIMEx_HallSensor_MspInit), (2 bytes).
    Removing stm32f1xx_hal_tim_ex.o(.ARM.exidx.text.HAL_TIMEx_HallSensor_MspInit), (8 bytes).
    Removing stm32f1xx_hal_tim_ex.o(.text.HAL_TIMEx_HallSensor_DeInit), (80 bytes).
    Removing stm32f1xx_hal_tim_ex.o(.ARM.exidx.text.HAL_TIMEx_HallSensor_DeInit), (8 bytes).
    Removing stm32f1xx_hal_tim_ex.o(.text.HAL_TIMEx_HallSensor_MspDeInit), (2 bytes).
    Removing stm32f1xx_hal_tim_ex.o(.ARM.exidx.text.HAL_TIMEx_HallSensor_MspDeInit), (8 bytes).
    Removing stm32f1xx_hal_tim_ex.o(.text.HAL_TIMEx_HallSensor_Start), (148 bytes).
    Removing stm32f1xx_hal_tim_ex.o(.ARM.exidx.text.HAL_TIMEx_HallSensor_Start), (8 bytes).
    Removing stm32f1xx_hal_tim_ex.o(.text.HAL_TIMEx_HallSensor_Stop), (66 bytes).
    Removing stm32f1xx_hal_tim_ex.o(.ARM.exidx.text.HAL_TIMEx_HallSensor_Stop), (8 bytes).
    Removing stm32f1xx_hal_tim_ex.o(.text.HAL_TIMEx_HallSensor_Start_IT), (156 bytes).
    Removing stm32f1xx_hal_tim_ex.o(.ARM.exidx.text.HAL_TIMEx_HallSensor_Start_IT), (8 bytes).
    Removing stm32f1xx_hal_tim_ex.o(.text.HAL_TIMEx_HallSensor_Stop_IT), (74 bytes).
    Removing stm32f1xx_hal_tim_ex.o(.ARM.exidx.text.HAL_TIMEx_HallSensor_Stop_IT), (8 bytes).
    Removing stm32f1xx_hal_tim_ex.o(.text.HAL_TIMEx_HallSensor_Start_DMA), (220 bytes).
    Removing stm32f1xx_hal_tim_ex.o(.ARM.exidx.text.HAL_TIMEx_HallSensor_Start_DMA), (8 bytes).
    Removing stm32f1xx_hal_tim_ex.o(.text.HAL_TIMEx_HallSensor_Stop_DMA), (74 bytes).
    Removing stm32f1xx_hal_tim_ex.o(.ARM.exidx.text.HAL_TIMEx_HallSensor_Stop_DMA), (8 bytes).
    Removing stm32f1xx_hal_tim_ex.o(.text.HAL_TIMEx_OCN_Start), (180 bytes).
    Removing stm32f1xx_hal_tim_ex.o(.ARM.exidx.text.HAL_TIMEx_OCN_Start), (8 bytes).
    Removing stm32f1xx_hal_tim_ex.o(.text.HAL_TIMEx_OCN_Stop), (136 bytes).
    Removing stm32f1xx_hal_tim_ex.o(.ARM.exidx.text.HAL_TIMEx_OCN_Stop), (8 bytes).
    Removing stm32f1xx_hal_tim_ex.o(.text.HAL_TIMEx_OCN_Start_IT), (236 bytes).
    Removing stm32f1xx_hal_tim_ex.o(.ARM.exidx.text.HAL_TIMEx_OCN_Start_IT), (8 bytes).
    Removing stm32f1xx_hal_tim_ex.o(.text.HAL_TIMEx_OCN_Stop_IT), (210 bytes).
    Removing stm32f1xx_hal_tim_ex.o(.ARM.exidx.text.HAL_TIMEx_OCN_Stop_IT), (8 bytes).
    Removing stm32f1xx_hal_tim_ex.o(.text.HAL_TIMEx_OCN_Start_DMA), (470 bytes).
    Removing stm32f1xx_hal_tim_ex.o(.ARM.exidx.text.HAL_TIMEx_OCN_Start_DMA), (8 bytes).
    Removing stm32f1xx_hal_tim_ex.o(.text.TIM_DMADelayPulseNCplt), (82 bytes).
    Removing stm32f1xx_hal_tim_ex.o(.ARM.exidx.text.TIM_DMADelayPulseNCplt), (8 bytes).
    Removing stm32f1xx_hal_tim_ex.o(.text.TIM_DMAErrorCCxN), (66 bytes).
    Removing stm32f1xx_hal_tim_ex.o(.ARM.exidx.text.TIM_DMAErrorCCxN), (8 bytes).
    Removing stm32f1xx_hal_tim_ex.o(.text.HAL_TIMEx_OCN_Stop_DMA), (200 bytes).
    Removing stm32f1xx_hal_tim_ex.o(.ARM.exidx.text.HAL_TIMEx_OCN_Stop_DMA), (8 bytes).
    Removing stm32f1xx_hal_tim_ex.o(.text.HAL_TIMEx_PWMN_Start), (180 bytes).
    Removing stm32f1xx_hal_tim_ex.o(.ARM.exidx.text.HAL_TIMEx_PWMN_Start), (8 bytes).
    Removing stm32f1xx_hal_tim_ex.o(.text.HAL_TIMEx_PWMN_Stop), (136 bytes).
    Removing stm32f1xx_hal_tim_ex.o(.ARM.exidx.text.HAL_TIMEx_PWMN_Stop), (8 bytes).
    Removing stm32f1xx_hal_tim_ex.o(.text.HAL_TIMEx_PWMN_Start_IT), (236 bytes).
    Removing stm32f1xx_hal_tim_ex.o(.ARM.exidx.text.HAL_TIMEx_PWMN_Start_IT), (8 bytes).
    Removing stm32f1xx_hal_tim_ex.o(.text.HAL_TIMEx_PWMN_Stop_IT), (210 bytes).
    Removing stm32f1xx_hal_tim_ex.o(.ARM.exidx.text.HAL_TIMEx_PWMN_Stop_IT), (8 bytes).
    Removing stm32f1xx_hal_tim_ex.o(.text.HAL_TIMEx_PWMN_Start_DMA), (470 bytes).
    Removing stm32f1xx_hal_tim_ex.o(.ARM.exidx.text.HAL_TIMEx_PWMN_Start_DMA), (8 bytes).
    Removing stm32f1xx_hal_tim_ex.o(.text.HAL_TIMEx_PWMN_Stop_DMA), (200 bytes).
    Removing stm32f1xx_hal_tim_ex.o(.ARM.exidx.text.HAL_TIMEx_PWMN_Stop_DMA), (8 bytes).
    Removing stm32f1xx_hal_tim_ex.o(.text.HAL_TIMEx_OnePulseN_Start), (118 bytes).
    Removing stm32f1xx_hal_tim_ex.o(.ARM.exidx.text.HAL_TIMEx_OnePulseN_Start), (8 bytes).
    Removing stm32f1xx_hal_tim_ex.o(.text.HAL_TIMEx_OnePulseN_Stop), (118 bytes).
    Removing stm32f1xx_hal_tim_ex.o(.ARM.exidx.text.HAL_TIMEx_OnePulseN_Stop), (8 bytes).
    Removing stm32f1xx_hal_tim_ex.o(.text.HAL_TIMEx_OnePulseN_Start_IT), (134 bytes).
    Removing stm32f1xx_hal_tim_ex.o(.ARM.exidx.text.HAL_TIMEx_OnePulseN_Start_IT), (8 bytes).
    Removing stm32f1xx_hal_tim_ex.o(.text.HAL_TIMEx_OnePulseN_Stop_IT), (134 bytes).
    Removing stm32f1xx_hal_tim_ex.o(.ARM.exidx.text.HAL_TIMEx_OnePulseN_Stop_IT), (8 bytes).
    Removing stm32f1xx_hal_tim_ex.o(.text.HAL_TIMEx_ConfigCommutEvent), (104 bytes).
    Removing stm32f1xx_hal_tim_ex.o(.ARM.exidx.text.HAL_TIMEx_ConfigCommutEvent), (8 bytes).
    Removing stm32f1xx_hal_tim_ex.o(.text.HAL_TIMEx_ConfigCommutEvent_IT), (104 bytes).
    Removing stm32f1xx_hal_tim_ex.o(.ARM.exidx.text.HAL_TIMEx_ConfigCommutEvent_IT), (8 bytes).
    Removing stm32f1xx_hal_tim_ex.o(.text.HAL_TIMEx_ConfigCommutEvent_DMA), (144 bytes).
    Removing stm32f1xx_hal_tim_ex.o(.ARM.exidx.text.HAL_TIMEx_ConfigCommutEvent_DMA), (8 bytes).
    Removing stm32f1xx_hal_tim_ex.o(.text.TIMEx_DMACommutationCplt), (12 bytes).
    Removing stm32f1xx_hal_tim_ex.o(.ARM.exidx.text.TIMEx_DMACommutationCplt), (8 bytes).
    Removing stm32f1xx_hal_tim_ex.o(.text.TIMEx_DMACommutationHalfCplt), (12 bytes).
    Removing stm32f1xx_hal_tim_ex.o(.ARM.exidx.text.TIMEx_DMACommutationHalfCplt), (8 bytes).
    Removing stm32f1xx_hal_tim_ex.o(.ARM.exidx.text.HAL_TIMEx_MasterConfigSynchronization), (8 bytes).
    Removing stm32f1xx_hal_tim_ex.o(.text.HAL_TIMEx_ConfigBreakDeadTime), (76 bytes).
    Removing stm32f1xx_hal_tim_ex.o(.ARM.exidx.text.HAL_TIMEx_ConfigBreakDeadTime), (8 bytes).
    Removing stm32f1xx_hal_tim_ex.o(.text.HAL_TIMEx_RemapConfig), (4 bytes).
    Removing stm32f1xx_hal_tim_ex.o(.ARM.exidx.text.HAL_TIMEx_RemapConfig), (8 bytes).
    Removing stm32f1xx_hal_tim_ex.o(.ARM.exidx.text.HAL_TIMEx_CommutCallback), (8 bytes).
    Removing stm32f1xx_hal_tim_ex.o(.text.HAL_TIMEx_CommutHalfCpltCallback), (2 bytes).
    Removing stm32f1xx_hal_tim_ex.o(.ARM.exidx.text.HAL_TIMEx_CommutHalfCpltCallback), (8 bytes).
    Removing stm32f1xx_hal_tim_ex.o(.ARM.exidx.text.HAL_TIMEx_BreakCallback), (8 bytes).
    Removing stm32f1xx_hal_tim_ex.o(.text.HAL_TIMEx_HallSensor_GetState), (6 bytes).
    Removing stm32f1xx_hal_tim_ex.o(.ARM.exidx.text.HAL_TIMEx_HallSensor_GetState), (8 bytes).
    Removing stm32f1xx_hal_tim_ex.o(.text.HAL_TIMEx_GetChannelNState), (32 bytes).
    Removing stm32f1xx_hal_tim_ex.o(.ARM.exidx.text.HAL_TIMEx_GetChannelNState), (8 bytes).
    Removing system_stm32f1xx.o(.text), (0 bytes).
    Removing system_stm32f1xx.o(.ARM.exidx.text.SystemInit), (8 bytes).
    Removing system_stm32f1xx.o(.text.SystemCoreClockUpdate), (110 bytes).
    Removing system_stm32f1xx.o(.ARM.exidx.text.SystemCoreClockUpdate), (8 bytes).
    Removing system_stm32f1xx.o(.rodata.APBPrescTable), (8 bytes).

825 unused section(s) (total 39484 bytes) removed from the image.

==============================================================================

Image Symbol Table

    Local Symbols

    Symbol Name                              Value     Ov Type        Size  Object(Section)

    ../clib/angel/boardlib.s                 0x00000000   Number         0  boardinit1.o ABSOLUTE
    ../clib/angel/boardlib.s                 0x00000000   Number         0  boardinit2.o ABSOLUTE
    ../clib/angel/boardlib.s                 0x00000000   Number         0  boardinit3.o ABSOLUTE
    ../clib/angel/boardlib.s                 0x00000000   Number         0  boardshut.o ABSOLUTE
    ../clib/angel/handlers.s                 0x00000000   Number         0  __scatter_copy.o ABSOLUTE
    ../clib/angel/handlers.s                 0x00000000   Number         0  __scatter_zi.o ABSOLUTE
    ../clib/angel/kernel.s                   0x00000000   Number         0  __rtentry.o ABSOLUTE
    ../clib/angel/kernel.s                   0x00000000   Number         0  __rtentry2.o ABSOLUTE
    ../clib/angel/kernel.s                   0x00000000   Number         0  __rtentry4.o ABSOLUTE
    ../clib/angel/kernel.s                   0x00000000   Number         0  rtexit.o ABSOLUTE
    ../clib/angel/kernel.s                   0x00000000   Number         0  rtexit2.o ABSOLUTE
    ../clib/angel/rt.s                       0x00000000   Number         0  rt_raise.o ABSOLUTE
    ../clib/angel/scatter.s                  0x00000000   Number         0  __scatter.o ABSOLUTE
    ../clib/angel/startup.s                  0x00000000   Number         0  __main.o ABSOLUTE
    ../clib/angel/sys.s                      0x00000000   Number         0  sys_stackheap_outer.o ABSOLUTE
    ../clib/angel/sys.s                      0x00000000   Number         0  libspace.o ABSOLUTE
    ../clib/angel/sys.s                      0x00000000   Number         0  use_no_semi.o ABSOLUTE
    ../clib/angel/sys.s                      0x00000000   Number         0  indicate_semi.o ABSOLUTE
    ../clib/angel/sysapp.c                   0x00000000   Number         0  sys_command.o ABSOLUTE
    ../clib/angel/sysapp.c                   0x00000000   Number         0  sys_command_hlt.o ABSOLUTE
    ../clib/angel/sysapp.c                   0x00000000   Number         0  sys_exit.o ABSOLUTE
    ../clib/angel/sysapp.c                   0x00000000   Number         0  sys_exit_hlt.o ABSOLUTE
    ../clib/angel/sysapp.c                   0x00000000   Number         0  sys_wrch.o ABSOLUTE
    ../clib/angel/sysapp.c                   0x00000000   Number         0  sys_wrch_hlt.o ABSOLUTE
    ../clib/armsys.c                         0x00000000   Number         0  argv_veneer.o ABSOLUTE
    ../clib/armsys.c                         0x00000000   Number         0  argv_veneer.o ABSOLUTE
    ../clib/armsys.c                         0x00000000   Number         0  _get_argv_nomalloc.o ABSOLUTE
    ../clib/armsys.c                         0x00000000   Number         0  no_argv.o ABSOLUTE
    ../clib/heapalloc.c                      0x00000000   Number         0  hrguard.o ABSOLUTE
    ../clib/heapaux.c                        0x00000000   Number         0  heapauxi.o ABSOLUTE
    ../clib/libinit.s                        0x00000000   Number         0  libinit2.o ABSOLUTE
    ../clib/libinit.s                        0x00000000   Number         0  libinit.o ABSOLUTE
    ../clib/libinit.s                        0x00000000   Number         0  libshutdown.o ABSOLUTE
    ../clib/libinit.s                        0x00000000   Number         0  libshutdown2.o ABSOLUTE
    ../clib/memcpset.s                       0x00000000   Number         0  rt_memclr_w.o ABSOLUTE
    ../clib/signal.c                         0x00000000   Number         0  defsig_rtmem_outer.o ABSOLUTE
    ../clib/signal.c                         0x00000000   Number         0  defsig_rtmem_formal.o ABSOLUTE
    ../clib/signal.c                         0x00000000   Number         0  defsig_exit.o ABSOLUTE
    ../clib/signal.c                         0x00000000   Number         0  defsig_rtmem_inner.o ABSOLUTE
    ../clib/signal.c                         0x00000000   Number         0  __raise.o ABSOLUTE
    ../clib/signal.c                         0x00000000   Number         0  defsig_general.o ABSOLUTE
    ../clib/signal.c                         0x00000000   Number         0  defsig_abrt_inner.o ABSOLUTE
    ../clib/signal.c                         0x00000000   Number         0  defsig_fpe_inner.o ABSOLUTE
    ../clib/signal.c                         0x00000000   Number         0  defsig_rtred_inner.o ABSOLUTE
    ../clib/signal.c                         0x00000000   Number         0  defsig_stak_inner.o ABSOLUTE
    ../clib/signal.c                         0x00000000   Number         0  defsig_pvfn_inner.o ABSOLUTE
    ../clib/signal.c                         0x00000000   Number         0  defsig_cppl_inner.o ABSOLUTE
    ../clib/signal.c                         0x00000000   Number         0  defsig_segv_inner.o ABSOLUTE
    ../clib/signal.c                         0x00000000   Number         0  defsig_other.o ABSOLUTE
    ../clib/signal.s                         0x00000000   Number         0  defsig.o ABSOLUTE
    ../clib/stdlib.c                         0x00000000   Number         0  rand.o ABSOLUTE
    ../clib/stdlib.c                         0x00000000   Number         0  rand.o ABSOLUTE
    ../clib/stdlib.c                         0x00000000   Number         0  exit.o ABSOLUTE
    ../clib/string.c                         0x00000000   Number         0  memcmp.o ABSOLUTE
    ../fplib/fpinit.s                        0x00000000   Number         0  fpinit.o ABSOLUTE
    ../fplib/fpinit_empty.s                  0x00000000   Number         0  fpinit_empty.o ABSOLUTE
    W5500.c                                  0x00000000   Number         0  w5500.o ABSOLUTE
    adc.c                                    0x00000000   Number         0  adc.o ABSOLUTE
    dc.s                                     0x00000000   Number         0  dc.o ABSOLUTE
    dma.c                                    0x00000000   Number         0  dma.o ABSOLUTE
    factory_proto.c                          0x00000000   Number         0  factory_proto.o ABSOLUTE
    gpio.c                                   0x00000000   Number         0  gpio.o ABSOLUTE
    link_manager.c                           0x00000000   Number         0  link_manager.o ABSOLUTE
    main.c                                   0x00000000   Number         0  main.o ABSOLUTE
    net_dhcp.c                               0x00000000   Number         0  net_dhcp.o ABSOLUTE
    net_if.c                                 0x00000000   Number         0  net_if.o ABSOLUTE
    spi.c                                    0x00000000   Number         0  spi.o ABSOLUTE
    startup_stm32f103xb.s                    0x00000000   Number         0  startup_stm32f103xb.o ABSOLUTE
    stm32f1xx_hal.c                          0x00000000   Number         0  stm32f1xx_hal.o ABSOLUTE
    stm32f1xx_hal_adc.c                      0x00000000   Number         0  stm32f1xx_hal_adc.o ABSOLUTE
    stm32f1xx_hal_adc_ex.c                   0x00000000   Number         0  stm32f1xx_hal_adc_ex.o ABSOLUTE
    stm32f1xx_hal_cortex.c                   0x00000000   Number         0  stm32f1xx_hal_cortex.o ABSOLUTE
    stm32f1xx_hal_dma.c                      0x00000000   Number         0  stm32f1xx_hal_dma.o ABSOLUTE
    stm32f1xx_hal_exti.c                     0x00000000   Number         0  stm32f1xx_hal_exti.o ABSOLUTE
    stm32f1xx_hal_flash.c                    0x00000000   Number         0  stm32f1xx_hal_flash.o ABSOLUTE
    stm32f1xx_hal_flash_ex.c                 0x00000000   Number         0  stm32f1xx_hal_flash_ex.o ABSOLUTE
    stm32f1xx_hal_gpio.c                     0x00000000   Number         0  stm32f1xx_hal_gpio.o ABSOLUTE
    stm32f1xx_hal_gpio_ex.c                  0x00000000   Number         0  stm32f1xx_hal_gpio_ex.o ABSOLUTE
    stm32f1xx_hal_msp.c                      0x00000000   Number         0  stm32f1xx_hal_msp.o ABSOLUTE
    stm32f1xx_hal_pwr.c                      0x00000000   Number         0  stm32f1xx_hal_pwr.o ABSOLUTE
    stm32f1xx_hal_rcc.c                      0x00000000   Number         0  stm32f1xx_hal_rcc.o ABSOLUTE
    stm32f1xx_hal_rcc_ex.c                   0x00000000   Number         0  stm32f1xx_hal_rcc_ex.o ABSOLUTE
    stm32f1xx_hal_spi.c                      0x00000000   Number         0  stm32f1xx_hal_spi.o ABSOLUTE
    stm32f1xx_hal_tim.c                      0x00000000   Number         0  stm32f1xx_hal_tim.o ABSOLUTE
    stm32f1xx_hal_tim_ex.c                   0x00000000   Number         0  stm32f1xx_hal_tim_ex.o ABSOLUTE
    stm32f1xx_it.c                           0x00000000   Number         0  stm32f1xx_it.o ABSOLUTE
    system_stm32f1xx.c                       0x00000000   Number         0  system_stm32f1xx.o ABSOLUTE
    tim.c                                    0x00000000   Number         0  tim.o ABSOLUTE
    w5500_core.c                             0x00000000   Number         0  w5500_core.o ABSOLUTE
    RESET                                    0x08000000   Section      236  startup_stm32f103xb.o(RESET)
    !!!main                                  0x080000ec   Section        8  __main.o(!!!main)
    !!!scatter                               0x080000f4   Section       52  __scatter.o(!!!scatter)
    !!handler_copy                           0x08000128   Section       26  __scatter_copy.o(!!handler_copy)
    !!handler_zi                             0x08000144   Section       28  __scatter_zi.o(!!handler_zi)
    .ARM.Collect$$libinit$$00000000          0x08000160   Section        2  libinit.o(.ARM.Collect$$libinit$$00000000)
    .ARM.Collect$$libinit$$00000002          0x08000162   Section        0  libinit2.o(.ARM.Collect$$libinit$$00000002)
    .ARM.Collect$$libinit$$00000004          0x08000162   Section        0  libinit2.o(.ARM.Collect$$libinit$$00000004)
    .ARM.Collect$$libinit$$00000006          0x08000162   Section        0  libinit2.o(.ARM.Collect$$libinit$$00000006)
    .ARM.Collect$$libinit$$0000000C          0x08000162   Section        0  libinit2.o(.ARM.Collect$$libinit$$0000000C)
    .ARM.Collect$$libinit$$0000000E          0x08000162   Section        0  libinit2.o(.ARM.Collect$$libinit$$0000000E)
    .ARM.Collect$$libinit$$0000000F          0x08000162   Section        4  libinit2.o(.ARM.Collect$$libinit$$0000000F)
    .ARM.Collect$$libinit$$00000010          0x08000166   Section        0  libinit2.o(.ARM.Collect$$libinit$$00000010)
    .ARM.Collect$$libinit$$00000013          0x08000166   Section        0  libinit2.o(.ARM.Collect$$libinit$$00000013)
    .ARM.Collect$$libinit$$00000015          0x08000166   Section        0  libinit2.o(.ARM.Collect$$libinit$$00000015)
    .ARM.Collect$$libinit$$00000017          0x08000166   Section        0  libinit2.o(.ARM.Collect$$libinit$$00000017)
    .ARM.Collect$$libinit$$00000019          0x08000166   Section        0  libinit2.o(.ARM.Collect$$libinit$$00000019)
    .ARM.Collect$$libinit$$0000001B          0x08000166   Section        0  libinit2.o(.ARM.Collect$$libinit$$0000001B)
    .ARM.Collect$$libinit$$0000001D          0x08000166   Section        0  libinit2.o(.ARM.Collect$$libinit$$0000001D)
    .ARM.Collect$$libinit$$0000001F          0x08000166   Section        0  libinit2.o(.ARM.Collect$$libinit$$0000001F)
    .ARM.Collect$$libinit$$00000021          0x08000166   Section        0  libinit2.o(.ARM.Collect$$libinit$$00000021)
    .ARM.Collect$$libinit$$00000023          0x08000166   Section        0  libinit2.o(.ARM.Collect$$libinit$$00000023)
    .ARM.Collect$$libinit$$00000025          0x08000166   Section        0  libinit2.o(.ARM.Collect$$libinit$$00000025)
    .ARM.Collect$$libinit$$00000027          0x08000166   Section        0  libinit2.o(.ARM.Collect$$libinit$$00000027)
    .ARM.Collect$$libinit$$0000002E          0x08000166   Section        0  libinit2.o(.ARM.Collect$$libinit$$0000002E)
    .ARM.Collect$$libinit$$00000030          0x08000166   Section        0  libinit2.o(.ARM.Collect$$libinit$$00000030)
    .ARM.Collect$$libinit$$00000032          0x08000166   Section        0  libinit2.o(.ARM.Collect$$libinit$$00000032)
    .ARM.Collect$$libinit$$00000034          0x08000166   Section        0  libinit2.o(.ARM.Collect$$libinit$$00000034)
    .ARM.Collect$$libinit$$00000035          0x08000166   Section        2  libinit2.o(.ARM.Collect$$libinit$$00000035)
    .ARM.Collect$$libshutdown$$00000000      0x08000168   Section        2  libshutdown.o(.ARM.Collect$$libshutdown$$00000000)
    .ARM.Collect$$libshutdown$$00000002      0x0800016a   Section        0  libshutdown2.o(.ARM.Collect$$libshutdown$$00000002)
    .ARM.Collect$$libshutdown$$00000004      0x0800016a   Section        0  libshutdown2.o(.ARM.Collect$$libshutdown$$00000004)
    .ARM.Collect$$libshutdown$$00000007      0x0800016a   Section        0  libshutdown2.o(.ARM.Collect$$libshutdown$$00000007)
    .ARM.Collect$$libshutdown$$0000000A      0x0800016a   Section        0  libshutdown2.o(.ARM.Collect$$libshutdown$$0000000A)
    .ARM.Collect$$libshutdown$$0000000C      0x0800016a   Section        0  libshutdown2.o(.ARM.Collect$$libshutdown$$0000000C)
    .ARM.Collect$$libshutdown$$0000000F      0x0800016a   Section        0  libshutdown2.o(.ARM.Collect$$libshutdown$$0000000F)
    .ARM.Collect$$libshutdown$$00000010      0x0800016a   Section        2  libshutdown2.o(.ARM.Collect$$libshutdown$$00000010)
    .ARM.Collect$$rtentry$$00000000          0x0800016c   Section        0  __rtentry.o(.ARM.Collect$$rtentry$$00000000)
    .ARM.Collect$$rtentry$$00000002          0x0800016c   Section        0  __rtentry2.o(.ARM.Collect$$rtentry$$00000002)
    .ARM.Collect$$rtentry$$00000004          0x0800016c   Section        6  __rtentry4.o(.ARM.Collect$$rtentry$$00000004)
    .ARM.Collect$$rtentry$$00000009          0x08000172   Section        0  __rtentry2.o(.ARM.Collect$$rtentry$$00000009)
    .ARM.Collect$$rtentry$$0000000A          0x08000172   Section        4  __rtentry2.o(.ARM.Collect$$rtentry$$0000000A)
    .ARM.Collect$$rtentry$$0000000C          0x08000176   Section        0  __rtentry2.o(.ARM.Collect$$rtentry$$0000000C)
    .ARM.Collect$$rtentry$$0000000D          0x08000176   Section        8  __rtentry2.o(.ARM.Collect$$rtentry$$0000000D)
    .ARM.Collect$$rtexit$$00000000           0x0800017e   Section        2  rtexit.o(.ARM.Collect$$rtexit$$00000000)
    .ARM.Collect$$rtexit$$00000002           0x08000180   Section        0  rtexit2.o(.ARM.Collect$$rtexit$$00000002)
    .ARM.Collect$$rtexit$$00000003           0x08000180   Section        4  rtexit2.o(.ARM.Collect$$rtexit$$00000003)
    .ARM.Collect$$rtexit$$00000004           0x08000184   Section        6  rtexit2.o(.ARM.Collect$$rtexit$$00000004)
    .emb_text                                0x0800018c   Section       52  rand.o(.emb_text)
    .text                                    0x080001c0   Section       64  startup_stm32f103xb.o(.text)
    .text                                    0x08000200   Section        0  rand.o(.text)
    .text                                    0x0800023c   Section        0  memcmp.o(.text)
    .text                                    0x08000294   Section       78  rt_memclr_w.o(.text)
    .text                                    0x080002e2   Section        0  heapauxi.o(.text)
    .text                                    0x080002e8   Section       74  sys_stackheap_outer.o(.text)
    .text                                    0x08000332   Section        0  exit.o(.text)
    .text                                    0x08000344   Section        8  libspace.o(.text)
    .text                                    0x0800034c   Section        2  use_no_semi.o(.text)
    .text                                    0x0800034e   Section        0  indicate_semi.o(.text)
    .text                                    0x08000350   Section        0  sys_exit.o(.text)
    [Anonymous Symbol]                       0x0800035c   Section        0  stm32f1xx_it.o(.text.BusFault_Handler)
    [Anonymous Symbol]                       0x08000360   Section        0  net_dhcp.o(.text.DHCP_BOUND)
    [Anonymous Symbol]                       0x080003b0   Section        0  net_dhcp.o(.text.DHCP_DISCOVER)
    [Anonymous Symbol]                       0x0800047c   Section        0  net_dhcp.o(.text.DHCP_FAIL)
    [Anonymous Symbol]                       0x08000480   Section        0  net_dhcp.o(.text.DHCP_IDLE)
    [Anonymous Symbol]                       0x080004a4   Section        0  net_dhcp.o(.text.DHCP_INIT)
    [Anonymous Symbol]                       0x08000504   Section        0  net_dhcp.o(.text.DHCP_REQUEST)
    [Anonymous Symbol]                       0x08000608   Section        0  net_dhcp.o(.text.DHCP_RETRY)
    [Anonymous Symbol]                       0x08000638   Section        0  net_dhcp.o(.text.DHCP_WAIT_ACK)
    [Anonymous Symbol]                       0x080007b4   Section        0  net_dhcp.o(.text.DHCP_WAIT_OFFER)
    [Anonymous Symbol]                       0x080008ec   Section        0  stm32f1xx_it.o(.text.DMA1_Channel1_IRQHandler)
    [Anonymous Symbol]                       0x080008f8   Section        0  stm32f1xx_it.o(.text.DMA1_Channel4_IRQHandler)
    [Anonymous Symbol]                       0x08000904   Section        0  stm32f1xx_it.o(.text.DMA1_Channel5_IRQHandler)
    [Anonymous Symbol]                       0x08000910   Section        0  stm32f1xx_it.o(.text.DebugMon_Handler)
    [Anonymous Symbol]                       0x08000914   Section        0  main.o(.text.Error_Handler)
    [Anonymous Symbol]                       0x08000920   Section        0  stm32f1xx_hal_adc.o(.text.HAL_ADC_ConfigChannel)
    [Anonymous Symbol]                       0x08000a30   Section        0  stm32f1xx_hal_adc.o(.text.HAL_ADC_Init)
    [Anonymous Symbol]                       0x08000b8c   Section        0  adc.o(.text.HAL_ADC_MspInit)
    [Anonymous Symbol]                       0x08000c30   Section        0  stm32f1xx_hal_dma.o(.text.HAL_DMA_IRQHandler)
    [Anonymous Symbol]                       0x08000da0   Section        0  stm32f1xx_hal_dma.o(.text.HAL_DMA_Init)
    [Anonymous Symbol]                       0x08000e28   Section        0  stm32f1xx_hal.o(.text.HAL_Delay)
    [Anonymous Symbol]                       0x08000e50   Section        0  stm32f1xx_hal_gpio.o(.text.HAL_GPIO_Init)
    [Anonymous Symbol]                       0x08001050   Section        0  stm32f1xx_hal_gpio.o(.text.HAL_GPIO_WritePin)
    [Anonymous Symbol]                       0x0800105c   Section        0  stm32f1xx_hal.o(.text.HAL_GetTick)
    [Anonymous Symbol]                       0x08001068   Section        0  stm32f1xx_hal.o(.text.HAL_IncTick)
    [Anonymous Symbol]                       0x08001084   Section        0  stm32f1xx_hal.o(.text.HAL_Init)
    [Anonymous Symbol]                       0x080010ac   Section        0  stm32f1xx_hal.o(.text.HAL_InitTick)
    [Anonymous Symbol]                       0x080010fc   Section        0  stm32f1xx_hal_msp.o(.text.HAL_MspInit)
    [Anonymous Symbol]                       0x08001140   Section        0  stm32f1xx_hal_cortex.o(.text.HAL_NVIC_EnableIRQ)
    [Anonymous Symbol]                       0x08001160   Section        0  stm32f1xx_hal_cortex.o(.text.HAL_NVIC_SetPriority)
    [Anonymous Symbol]                       0x080011b8   Section        0  stm32f1xx_hal_cortex.o(.text.HAL_NVIC_SetPriorityGrouping)
    [Anonymous Symbol]                       0x080011d8   Section        0  stm32f1xx_hal_rcc_ex.o(.text.HAL_RCCEx_PeriphCLKConfig)
    [Anonymous Symbol]                       0x080012e0   Section        0  stm32f1xx_hal_rcc.o(.text.HAL_RCC_ClockConfig)
    [Anonymous Symbol]                       0x0800149c   Section        0  stm32f1xx_hal_rcc.o(.text.HAL_RCC_OscConfig)
    [Anonymous Symbol]                       0x080017cc   Section        0  stm32f1xx_hal_spi.o(.text.HAL_SPI_Init)
    [Anonymous Symbol]                       0x08001878   Section        0  spi.o(.text.HAL_SPI_MspInit)
    [Anonymous Symbol]                       0x08001964   Section        0  stm32f1xx_hal_spi.o(.text.HAL_SPI_Receive)
    [Anonymous Symbol]                       0x08001afc   Section        0  stm32f1xx_hal_spi.o(.text.HAL_SPI_Transmit)
    [Anonymous Symbol]                       0x08001ca4   Section        0  stm32f1xx_hal_spi.o(.text.HAL_SPI_TransmitReceive)
    [Anonymous Symbol]                       0x08001ebc   Section        0  stm32f1xx_hal_cortex.o(.text.HAL_SYSTICK_Config)
    [Anonymous Symbol]                       0x08001ee8   Section        0  stm32f1xx_hal_tim_ex.o(.text.HAL_TIMEx_BreakCallback)
    [Anonymous Symbol]                       0x08001eec   Section        0  stm32f1xx_hal_tim_ex.o(.text.HAL_TIMEx_CommutCallback)
    [Anonymous Symbol]                       0x08001ef0   Section        0  stm32f1xx_hal_tim_ex.o(.text.HAL_TIMEx_MasterConfigSynchronization)
    [Anonymous Symbol]                       0x08001f68   Section        0  stm32f1xx_hal_tim.o(.text.HAL_TIM_Base_Init)
    [Anonymous Symbol]                       0x08002050   Section        0  tim.o(.text.HAL_TIM_Base_MspInit)
    [Anonymous Symbol]                       0x08002090   Section        0  stm32f1xx_hal_tim.o(.text.HAL_TIM_Base_Start_IT)
    [Anonymous Symbol]                       0x080020f8   Section        0  stm32f1xx_hal_tim.o(.text.HAL_TIM_ConfigClockSource)
    [Anonymous Symbol]                       0x08002294   Section        0  stm32f1xx_hal_tim.o(.text.HAL_TIM_IC_CaptureCallback)
    [Anonymous Symbol]                       0x08002298   Section        0  stm32f1xx_hal_tim.o(.text.HAL_TIM_IRQHandler)
    [Anonymous Symbol]                       0x080023e4   Section        0  stm32f1xx_hal_tim.o(.text.HAL_TIM_OC_DelayElapsedCallback)
    [Anonymous Symbol]                       0x080023e8   Section        0  stm32f1xx_hal_tim.o(.text.HAL_TIM_PWM_PulseFinishedCallback)
    [Anonymous Symbol]                       0x080023ec   Section        0  main.o(.text.HAL_TIM_PeriodElapsedCallback)
    [Anonymous Symbol]                       0x08002404   Section        0  stm32f1xx_hal_tim.o(.text.HAL_TIM_TriggerCallback)
    [Anonymous Symbol]                       0x08002408   Section        0  stm32f1xx_it.o(.text.HardFault_Handler)
    [Anonymous Symbol]                       0x0800240c   Section        0  adc.o(.text.MX_ADC1_Init)
    [Anonymous Symbol]                       0x0800246c   Section        0  dma.o(.text.MX_DMA_Init)
    [Anonymous Symbol]                       0x080024c0   Section        0  gpio.o(.text.MX_GPIO_Init)
    [Anonymous Symbol]                       0x08002598   Section        0  spi.o(.text.MX_SPI2_Init)
    [Anonymous Symbol]                       0x080025e4   Section        0  tim.o(.text.MX_TIM2_Init)
    [Anonymous Symbol]                       0x0800265c   Section        0  stm32f1xx_it.o(.text.MemManage_Handler)
    [Anonymous Symbol]                       0x08002660   Section        0  stm32f1xx_it.o(.text.NMI_Handler)
    [Anonymous Symbol]                       0x08002664   Section        0  stm32f1xx_it.o(.text.PendSV_Handler)
    SPI_WaitFlagStateUntilTimeout            0x08002669   Thumb Code   224  stm32f1xx_hal_spi.o(.text.SPI_WaitFlagStateUntilTimeout)
    [Anonymous Symbol]                       0x08002668   Section        0  stm32f1xx_hal_spi.o(.text.SPI_WaitFlagStateUntilTimeout)
    [Anonymous Symbol]                       0x08002748   Section        0  stm32f1xx_it.o(.text.SVC_Handler)
    [Anonymous Symbol]                       0x0800274c   Section        0  stm32f1xx_it.o(.text.SysTick_Handler)
    [Anonymous Symbol]                       0x08002750   Section        0  main.o(.text.SystemClock_Config)
    [Anonymous Symbol]                       0x080027e4   Section        0  system_stm32f1xx.o(.text.SystemInit)
    [Anonymous Symbol]                       0x080027e8   Section        0  stm32f1xx_it.o(.text.TIM2_IRQHandler)
    [Anonymous Symbol]                       0x080027f4   Section        0  stm32f1xx_it.o(.text.UsageFault_Handler)
    [Anonymous Symbol]                       0x080027f8   Section        0  w5500.o(.text.W5500_HardwareReset)
    [Anonymous Symbol]                       0x0800282c   Section        0  net_dhcp.o(.text.W5500_Init_DHCP)
    [Anonymous Symbol]                       0x08002878   Section        0  w5500_core.o(.text.W5500_Init_static_IP)
    [Anonymous Symbol]                       0x080028ec   Section        0  w5500_core.o(.text.W5500_MemInit)
    [Anonymous Symbol]                       0x08002924   Section        0  w5500.o(.text.W5500_ReadBuf)
    [Anonymous Symbol]                       0x080029d4   Section        0  w5500.o(.text.W5500_ReadByte)
    [Anonymous Symbol]                       0x08002a7c   Section        0  w5500_core.o(.text.W5500_Recv_UDP)
    [Anonymous Symbol]                       0x08002bb4   Section        0  w5500_core.o(.text.W5500_Send_UDP)
    [Anonymous Symbol]                       0x08002cf0   Section        0  w5500_core.o(.text.W5500_Set_UDP_Destination)
    [Anonymous Symbol]                       0x08002d28   Section        0  w5500_core.o(.text.W5500_SocketInit)
    [Anonymous Symbol]                       0x08002de8   Section        0  w5500_core.o(.text.W5500_SocketListen)
    [Anonymous Symbol]                       0x08002e14   Section        0  w5500_core.o(.text.W5500_SoftwareReset)
    [Anonymous Symbol]                       0x08002e44   Section        0  w5500.o(.text.W5500_WriteBuf)
    [Anonymous Symbol]                       0x08002ef4   Section        0  w5500.o(.text.W5500_WriteByte)
    [Anonymous Symbol]                       0x08002f9c   Section        0  w5500.o(.text.W5500_WriteReg)
    [Anonymous Symbol]                       0x08003070   Section        0  net_dhcp.o(.text.dhcp_stateMachine)
    dhcp_sm                                  0x08003084   Number         0  net_dhcp.o(.text.dhcp_stateMachine)
    get_dhcp_option                          0x080030a9   Thumb Code    84  net_dhcp.o(.text.get_dhcp_option)
    [Anonymous Symbol]                       0x080030a8   Section        0  net_dhcp.o(.text.get_dhcp_option)
    [Anonymous Symbol]                       0x080030fc   Section        0  main.o(.text.main)
    [Anonymous Symbol]                       0x080031c0   Section        0  net_if.o(.text.netif_get_mac)
    [Anonymous Symbol]                       0x080031cc   Section        0  net_if.o(.text.netif_init_mac)
    [Anonymous Symbol]                       0x080031f8   Section        0  net_if.o(.text.netif_set_dns1)
    [Anonymous Symbol]                       0x08003208   Section        0  net_if.o(.text.netif_set_ip)
    HAL_RCC_GetSysClockFreq.aPredivFactorTable 0x08003232   Data           2  stm32f1xx_hal_rcc.o(.rodata.HAL_RCC_GetSysClockFreq.aPredivFactorTable)
    [Anonymous Symbol]                       0x08003232   Section        0  stm32f1xx_hal_rcc.o(.rodata.HAL_RCC_GetSysClockFreq.aPredivFactorTable)
    w5_sock_masks                            0x08003234   Data          16  w5500_core.o(.rodata.cst16)
    [Anonymous Symbol]                       0x08003234   Section        0  w5500_core.o(.rodata.cst16)
    HAL_RCC_GetSysClockFreq.aPLLMULFactorTable 0x08003244   Data          16  stm32f1xx_hal_rcc.o(.rodata.cst16)
    [Anonymous Symbol]                       0x08003244   Section        0  stm32f1xx_hal_rcc.o(.rodata.cst16)
    .bss                                     0x20000010   Section      228  rand.o(.bss)
    .bss                                     0x200000f4   Section       96  libspace.o(.bss)
    device_mac                               0x20000154   Data           6  net_if.o(.bss.device_mac)
    [Anonymous Symbol]                       0x20000154   Section        0  net_if.o(.bss.device_mac)
    dhcp_ctx                                 0x2000015c   Data          52  net_dhcp.o(.bss.dhcp_ctx)
    [Anonymous Symbol]                       0x2000015c   Section        0  net_dhcp.o(.bss.dhcp_ctx)
    main.link                                0x20000334   Data           1  main.o(.bss.main.link)
    [Anonymous Symbol]                       0x20000334   Section        0  main.o(.bss.main.link)
    main.t                                   0x20000338   Data           4  main.o(.bss.main.t)
    [Anonymous Symbol]                       0x20000338   Section        0  main.o(.bss.main.t)
    net_dns1                                 0x2000033c   Data           4  net_if.o(.bss.net_dns1)
    [Anonymous Symbol]                       0x2000033c   Section        0  net_if.o(.bss.net_dns1)
    net_ip                                   0x20000340   Data           4  net_if.o(.bss.net_ip)
    [Anonymous Symbol]                       0x20000340   Section        0  net_if.o(.bss.net_ip)
    Heap_Mem                                 0x20000348   Data         512  startup_stm32f103xb.o(HEAP)
    HEAP                                     0x20000348   Section      512  startup_stm32f103xb.o(HEAP)
    Stack_Mem                                0x20000548   Data        1024  startup_stm32f103xb.o(STACK)
    STACK                                    0x20000548   Section     1024  startup_stm32f103xb.o(STACK)
    __initial_sp                             0x20000948   Data           0  startup_stm32f103xb.o(STACK)

    Global Symbols

    Symbol Name                              Value     Ov Type        Size  Object(Section)

    BuildAttributes$$THM_ISAv4$P$D$K$B$S$PE$A:L22UL41UL21$X:L11$S22US41US21$IEEE1$IW$~IW$USESV6$~STKCKD$USESV7$~SHL$OTIME$ROPI$EBA8$UX$STANDARDLIB$REQ8$PRES8$EABIv2 0x00000000   Number         0  anon$$obj.o ABSOLUTE
    __fp_init_empty                          0x00000000   Number         0  fpinit_empty.o ABSOLUTE
    __ARM_exceptions_init                     - Undefined Weak Reference
    __alloca_initialize                       - Undefined Weak Reference
    __arm_preinit_                            - Undefined Weak Reference
    __arm_relocate_pie_                       - Undefined Weak Reference
    __cpp_initialize__aeabi_                  - Undefined Weak Reference
    __cxa_finalize                            - Undefined Weak Reference
    __rt_locale                               - Undefined Weak Reference
    __sigvec_lookup                           - Undefined Weak Reference
    _atexit_init                              - Undefined Weak Reference
    _call_atexit_fns                          - Undefined Weak Reference
    _clock_init                               - Undefined Weak Reference
    _fp_trap_init                             - Undefined Weak Reference
    _fp_trap_shutdown                         - Undefined Weak Reference
    _get_lc_collate                           - Undefined Weak Reference
    _get_lc_ctype                             - Undefined Weak Reference
    _get_lc_monetary                          - Undefined Weak Reference
    _get_lc_numeric                           - Undefined Weak Reference
    _get_lc_time                              - Undefined Weak Reference
    _getenv_init                              - Undefined Weak Reference
    _handle_redirection                       - Undefined Weak Reference
    _init_alloc                               - Undefined Weak Reference
    _init_user_alloc                          - Undefined Weak Reference
    _initio                                   - Undefined Weak Reference
    _signal_finish                            - Undefined Weak Reference
    _signal_init                              - Undefined Weak Reference
    _terminate_alloc                          - Undefined Weak Reference
    _terminate_user_alloc                     - Undefined Weak Reference
    _terminateio                              - Undefined Weak Reference
    __Vectors_Size                           0x000000ec   Number         0  startup_stm32f103xb.o ABSOLUTE
    __Vectors                                0x08000000   Data           4  startup_stm32f103xb.o(RESET)
    __Vectors_End                            0x080000ec   Data           0  startup_stm32f103xb.o(RESET)
    __main                                   0x080000ed   Thumb Code     8  __main.o(!!!main)
    __scatterload                            0x080000f5   Thumb Code     0  __scatter.o(!!!scatter)
    __scatterload_rt2                        0x080000f5   Thumb Code    44  __scatter.o(!!!scatter)
    __scatterload_rt2_thumb_only             0x080000f5   Thumb Code     0  __scatter.o(!!!scatter)
    __scatterload_null                       0x08000103   Thumb Code     0  __scatter.o(!!!scatter)
    __scatterload_copy                       0x08000129   Thumb Code    26  __scatter_copy.o(!!handler_copy)
    __scatterload_zeroinit                   0x08000145   Thumb Code    28  __scatter_zi.o(!!handler_zi)
    __rt_lib_init                            0x08000161   Thumb Code     0  libinit.o(.ARM.Collect$$libinit$$00000000)
    __rt_lib_init_fp_1                       0x08000163   Thumb Code     0  libinit2.o(.ARM.Collect$$libinit$$00000002)
    __rt_lib_init_heap_1                     0x08000163   Thumb Code     0  libinit2.o(.ARM.Collect$$libinit$$0000000C)
    __rt_lib_init_preinit_1                  0x08000163   Thumb Code     0  libinit2.o(.ARM.Collect$$libinit$$00000006)
    __rt_lib_init_rand_2                     0x08000163   Thumb Code     0  libinit2.o(.ARM.Collect$$libinit$$0000000F)
    __rt_lib_init_relocate_pie_1             0x08000163   Thumb Code     0  libinit2.o(.ARM.Collect$$libinit$$00000004)
    __rt_lib_init_user_alloc_1               0x08000163   Thumb Code     0  libinit2.o(.ARM.Collect$$libinit$$0000000E)
    __rt_lib_init_alloca_1                   0x08000167   Thumb Code     0  libinit2.o(.ARM.Collect$$libinit$$00000030)
    __rt_lib_init_argv_1                     0x08000167   Thumb Code     0  libinit2.o(.ARM.Collect$$libinit$$0000002E)
    __rt_lib_init_atexit_1                   0x08000167   Thumb Code     0  libinit2.o(.ARM.Collect$$libinit$$0000001D)
    __rt_lib_init_clock_1                    0x08000167   Thumb Code     0  libinit2.o(.ARM.Collect$$libinit$$00000023)
    __rt_lib_init_cpp_1                      0x08000167   Thumb Code     0  libinit2.o(.ARM.Collect$$libinit$$00000034)
    __rt_lib_init_exceptions_1               0x08000167   Thumb Code     0  libinit2.o(.ARM.Collect$$libinit$$00000032)
    __rt_lib_init_fp_trap_1                  0x08000167   Thumb Code     0  libinit2.o(.ARM.Collect$$libinit$$00000021)
    __rt_lib_init_getenv_1                   0x08000167   Thumb Code     0  libinit2.o(.ARM.Collect$$libinit$$00000025)
    __rt_lib_init_lc_collate_1               0x08000167   Thumb Code     0  libinit2.o(.ARM.Collect$$libinit$$00000013)
    __rt_lib_init_lc_ctype_1                 0x08000167   Thumb Code     0  libinit2.o(.ARM.Collect$$libinit$$00000015)
    __rt_lib_init_lc_monetary_1              0x08000167   Thumb Code     0  libinit2.o(.ARM.Collect$$libinit$$00000017)
    __rt_lib_init_lc_numeric_1               0x08000167   Thumb Code     0  libinit2.o(.ARM.Collect$$libinit$$00000019)
    __rt_lib_init_lc_time_1                  0x08000167   Thumb Code     0  libinit2.o(.ARM.Collect$$libinit$$0000001B)
    __rt_lib_init_rand_1                     0x08000167   Thumb Code     0  libinit2.o(.ARM.Collect$$libinit$$00000010)
    __rt_lib_init_return                     0x08000167   Thumb Code     0  libinit2.o(.ARM.Collect$$libinit$$00000035)
    __rt_lib_init_signal_1                   0x08000167   Thumb Code     0  libinit2.o(.ARM.Collect$$libinit$$0000001F)
    __rt_lib_init_stdio_1                    0x08000167   Thumb Code     0  libinit2.o(.ARM.Collect$$libinit$$00000027)
    __rt_lib_shutdown                        0x08000169   Thumb Code     0  libshutdown.o(.ARM.Collect$$libshutdown$$00000000)
    __rt_lib_shutdown_cpp_1                  0x0800016b   Thumb Code     0  libshutdown2.o(.ARM.Collect$$libshutdown$$00000002)
    __rt_lib_shutdown_fp_trap_1              0x0800016b   Thumb Code     0  libshutdown2.o(.ARM.Collect$$libshutdown$$00000007)
    __rt_lib_shutdown_heap_1                 0x0800016b   Thumb Code     0  libshutdown2.o(.ARM.Collect$$libshutdown$$0000000F)
    __rt_lib_shutdown_return                 0x0800016b   Thumb Code     0  libshutdown2.o(.ARM.Collect$$libshutdown$$00000010)
    __rt_lib_shutdown_signal_1               0x0800016b   Thumb Code     0  libshutdown2.o(.ARM.Collect$$libshutdown$$0000000A)
    __rt_lib_shutdown_stdio_1                0x0800016b   Thumb Code     0  libshutdown2.o(.ARM.Collect$$libshutdown$$00000004)
    __rt_lib_shutdown_user_alloc_1           0x0800016b   Thumb Code     0  libshutdown2.o(.ARM.Collect$$libshutdown$$0000000C)
    __rt_entry                               0x0800016d   Thumb Code     0  __rtentry.o(.ARM.Collect$$rtentry$$00000000)
    __rt_entry_presh_1                       0x0800016d   Thumb Code     0  __rtentry2.o(.ARM.Collect$$rtentry$$00000002)
    __rt_entry_sh                            0x0800016d   Thumb Code     0  __rtentry4.o(.ARM.Collect$$rtentry$$00000004)
    __rt_entry_li                            0x08000173   Thumb Code     0  __rtentry2.o(.ARM.Collect$$rtentry$$0000000A)
    __rt_entry_postsh_1                      0x08000173   Thumb Code     0  __rtentry2.o(.ARM.Collect$$rtentry$$00000009)
    __rt_entry_main                          0x08000177   Thumb Code     0  __rtentry2.o(.ARM.Collect$$rtentry$$0000000D)
    __rt_entry_postli_1                      0x08000177   Thumb Code     0  __rtentry2.o(.ARM.Collect$$rtentry$$0000000C)
    __rt_exit                                0x0800017f   Thumb Code     0  rtexit.o(.ARM.Collect$$rtexit$$00000000)
    __rt_exit_ls                             0x08000181   Thumb Code     0  rtexit2.o(.ARM.Collect$$rtexit$$00000003)
    __rt_exit_prels_1                        0x08000181   Thumb Code     0  rtexit2.o(.ARM.Collect$$rtexit$$00000002)
    __rt_exit_exit                           0x08000185   Thumb Code     0  rtexit2.o(.ARM.Collect$$rtexit$$00000004)
    rand                                     0x0800018d   Thumb Code    48  rand.o(.emb_text)
    Reset_Handler                            0x080001c1   Thumb Code     8  startup_stm32f103xb.o(.text)
    ADC1_2_IRQHandler                        0x080001db   Thumb Code     0  startup_stm32f103xb.o(.text)
    CAN1_RX1_IRQHandler                      0x080001db   Thumb Code     0  startup_stm32f103xb.o(.text)
    CAN1_SCE_IRQHandler                      0x080001db   Thumb Code     0  startup_stm32f103xb.o(.text)
    DMA1_Channel2_IRQHandler                 0x080001db   Thumb Code     0  startup_stm32f103xb.o(.text)
    DMA1_Channel3_IRQHandler                 0x080001db   Thumb Code     0  startup_stm32f103xb.o(.text)
    DMA1_Channel6_IRQHandler                 0x080001db   Thumb Code     0  startup_stm32f103xb.o(.text)
    DMA1_Channel7_IRQHandler                 0x080001db   Thumb Code     0  startup_stm32f103xb.o(.text)
    EXTI0_IRQHandler                         0x080001db   Thumb Code     0  startup_stm32f103xb.o(.text)
    EXTI15_10_IRQHandler                     0x080001db   Thumb Code     0  startup_stm32f103xb.o(.text)
    EXTI1_IRQHandler                         0x080001db   Thumb Code     0  startup_stm32f103xb.o(.text)
    EXTI2_IRQHandler                         0x080001db   Thumb Code     0  startup_stm32f103xb.o(.text)
    EXTI3_IRQHandler                         0x080001db   Thumb Code     0  startup_stm32f103xb.o(.text)
    EXTI4_IRQHandler                         0x080001db   Thumb Code     0  startup_stm32f103xb.o(.text)
    EXTI9_5_IRQHandler                       0x080001db   Thumb Code     0  startup_stm32f103xb.o(.text)
    FLASH_IRQHandler                         0x080001db   Thumb Code     0  startup_stm32f103xb.o(.text)
    I2C1_ER_IRQHandler                       0x080001db   Thumb Code     0  startup_stm32f103xb.o(.text)
    I2C1_EV_IRQHandler                       0x080001db   Thumb Code     0  startup_stm32f103xb.o(.text)
    I2C2_ER_IRQHandler                       0x080001db   Thumb Code     0  startup_stm32f103xb.o(.text)
    I2C2_EV_IRQHandler                       0x080001db   Thumb Code     0  startup_stm32f103xb.o(.text)
    PVD_IRQHandler                           0x080001db   Thumb Code     0  startup_stm32f103xb.o(.text)
    RCC_IRQHandler                           0x080001db   Thumb Code     0  startup_stm32f103xb.o(.text)
    RTC_Alarm_IRQHandler                     0x080001db   Thumb Code     0  startup_stm32f103xb.o(.text)
    RTC_IRQHandler                           0x080001db   Thumb Code     0  startup_stm32f103xb.o(.text)
    SPI1_IRQHandler                          0x080001db   Thumb Code     0  startup_stm32f103xb.o(.text)
    SPI2_IRQHandler                          0x080001db   Thumb Code     0  startup_stm32f103xb.o(.text)
    TAMPER_IRQHandler                        0x080001db   Thumb Code     0  startup_stm32f103xb.o(.text)
    TIM1_BRK_IRQHandler                      0x080001db   Thumb Code     0  startup_stm32f103xb.o(.text)
    TIM1_CC_IRQHandler                       0x080001db   Thumb Code     0  startup_stm32f103xb.o(.text)
    TIM1_TRG_COM_IRQHandler                  0x080001db   Thumb Code     0  startup_stm32f103xb.o(.text)
    TIM1_UP_IRQHandler                       0x080001db   Thumb Code     0  startup_stm32f103xb.o(.text)
    TIM3_IRQHandler                          0x080001db   Thumb Code     0  startup_stm32f103xb.o(.text)
    TIM4_IRQHandler                          0x080001db   Thumb Code     0  startup_stm32f103xb.o(.text)
    USART1_IRQHandler                        0x080001db   Thumb Code     0  startup_stm32f103xb.o(.text)
    USART2_IRQHandler                        0x080001db   Thumb Code     0  startup_stm32f103xb.o(.text)
    USART3_IRQHandler                        0x080001db   Thumb Code     0  startup_stm32f103xb.o(.text)
    USBWakeUp_IRQHandler                     0x080001db   Thumb Code     0  startup_stm32f103xb.o(.text)
    USB_HP_CAN1_TX_IRQHandler                0x080001db   Thumb Code     0  startup_stm32f103xb.o(.text)
    USB_LP_CAN1_RX0_IRQHandler               0x080001db   Thumb Code     0  startup_stm32f103xb.o(.text)
    WWDG_IRQHandler                          0x080001db   Thumb Code     0  startup_stm32f103xb.o(.text)
    __user_initial_stackheap                 0x080001dd   Thumb Code     0  startup_stm32f103xb.o(.text)
    srand                                    0x08000201   Thumb Code    42  rand.o(.text)
    _rand_init                               0x0800022b   Thumb Code     4  rand.o(.text)
    memcmp                                   0x0800023d   Thumb Code    88  memcmp.o(.text)
    __aeabi_memclr4                          0x08000295   Thumb Code     0  rt_memclr_w.o(.text)
    __aeabi_memclr8                          0x08000295   Thumb Code     0  rt_memclr_w.o(.text)
    __rt_memclr_w                            0x08000295   Thumb Code     0  rt_memclr_w.o(.text)
    _memset_w                                0x08000299   Thumb Code    74  rt_memclr_w.o(.text)
    __use_two_region_memory                  0x080002e3   Thumb Code     2  heapauxi.o(.text)
    __rt_heap_escrow$2region                 0x080002e5   Thumb Code     2  heapauxi.o(.text)
    __rt_heap_expand$2region                 0x080002e7   Thumb Code     2  heapauxi.o(.text)
    __user_setup_stackheap                   0x080002e9   Thumb Code    74  sys_stackheap_outer.o(.text)
    exit                                     0x08000333   Thumb Code    18  exit.o(.text)
    __user_libspace                          0x08000345   Thumb Code     8  libspace.o(.text)
    __user_perproc_libspace                  0x08000345   Thumb Code     0  libspace.o(.text)
    __user_perthread_libspace                0x08000345   Thumb Code     0  libspace.o(.text)
    __I$use$semihosting                      0x0800034d   Thumb Code     0  use_no_semi.o(.text)
    __use_no_semihosting_swi                 0x0800034d   Thumb Code     2  use_no_semi.o(.text)
    __semihosting_library_function           0x0800034f   Thumb Code     0  indicate_semi.o(.text)
    _sys_exit                                0x08000351   Thumb Code     8  sys_exit.o(.text)
    BusFault_Handler                         0x0800035d   Thumb Code     2  stm32f1xx_it.o(.text.BusFault_Handler)
    DHCP_BOUND                               0x08000361   Thumb Code    78  net_dhcp.o(.text.DHCP_BOUND)
    DHCP_DISCOVER                            0x080003b1   Thumb Code   204  net_dhcp.o(.text.DHCP_DISCOVER)
    DHCP_FAIL                                0x0800047d   Thumb Code     2  net_dhcp.o(.text.DHCP_FAIL)
    DHCP_IDLE                                0x08000481   Thumb Code    34  net_dhcp.o(.text.DHCP_IDLE)
    DHCP_INIT                                0x080004a5   Thumb Code    94  net_dhcp.o(.text.DHCP_INIT)
    DHCP_REQUEST                             0x08000505   Thumb Code   260  net_dhcp.o(.text.DHCP_REQUEST)
    DHCP_RETRY                               0x08000609   Thumb Code    48  net_dhcp.o(.text.DHCP_RETRY)
    DHCP_WAIT_ACK                            0x08000639   Thumb Code   380  net_dhcp.o(.text.DHCP_WAIT_ACK)
    DHCP_WAIT_OFFER                          0x080007b5   Thumb Code   312  net_dhcp.o(.text.DHCP_WAIT_OFFER)
    DMA1_Channel1_IRQHandler                 0x080008ed   Thumb Code    12  stm32f1xx_it.o(.text.DMA1_Channel1_IRQHandler)
    DMA1_Channel4_IRQHandler                 0x080008f9   Thumb Code    12  stm32f1xx_it.o(.text.DMA1_Channel4_IRQHandler)
    DMA1_Channel5_IRQHandler                 0x08000905   Thumb Code    12  stm32f1xx_it.o(.text.DMA1_Channel5_IRQHandler)
    DebugMon_Handler                         0x08000911   Thumb Code     2  stm32f1xx_it.o(.text.DebugMon_Handler)
    Error_Handler                            0x08000915   Thumb Code    10  main.o(.text.Error_Handler)
    HAL_ADC_ConfigChannel                    0x08000921   Thumb Code   270  stm32f1xx_hal_adc.o(.text.HAL_ADC_ConfigChannel)
    HAL_ADC_Init                             0x08000a31   Thumb Code   348  stm32f1xx_hal_adc.o(.text.HAL_ADC_Init)
    HAL_ADC_MspInit                          0x08000b8d   Thumb Code   164  adc.o(.text.HAL_ADC_MspInit)
    HAL_DMA_IRQHandler                       0x08000c31   Thumb Code   368  stm32f1xx_hal_dma.o(.text.HAL_DMA_IRQHandler)
    HAL_DMA_Init                             0x08000da1   Thumb Code   136  stm32f1xx_hal_dma.o(.text.HAL_DMA_Init)
    HAL_Delay                                0x08000e29   Thumb Code    40  stm32f1xx_hal.o(.text.HAL_Delay)
    HAL_GPIO_Init                            0x08000e51   Thumb Code   512  stm32f1xx_hal_gpio.o(.text.HAL_GPIO_Init)
    HAL_GPIO_WritePin                        0x08001051   Thumb Code    10  stm32f1xx_hal_gpio.o(.text.HAL_GPIO_WritePin)
    HAL_GetTick                              0x0800105d   Thumb Code    12  stm32f1xx_hal.o(.text.HAL_GetTick)
    HAL_IncTick                              0x08001069   Thumb Code    26  stm32f1xx_hal.o(.text.HAL_IncTick)
    HAL_Init                                 0x08001085   Thumb Code    38  stm32f1xx_hal.o(.text.HAL_Init)
    HAL_InitTick                             0x080010ad   Thumb Code    80  stm32f1xx_hal.o(.text.HAL_InitTick)
    HAL_MspInit                              0x080010fd   Thumb Code    66  stm32f1xx_hal_msp.o(.text.HAL_MspInit)
    HAL_NVIC_EnableIRQ                       0x08001141   Thumb Code    32  stm32f1xx_hal_cortex.o(.text.HAL_NVIC_EnableIRQ)
    HAL_NVIC_SetPriority                     0x08001161   Thumb Code    86  stm32f1xx_hal_cortex.o(.text.HAL_NVIC_SetPriority)
    HAL_NVIC_SetPriorityGrouping             0x080011b9   Thumb Code    32  stm32f1xx_hal_cortex.o(.text.HAL_NVIC_SetPriorityGrouping)
    HAL_RCCEx_PeriphCLKConfig                0x080011d9   Thumb Code   262  stm32f1xx_hal_rcc_ex.o(.text.HAL_RCCEx_PeriphCLKConfig)
    HAL_RCC_ClockConfig                      0x080012e1   Thumb Code   442  stm32f1xx_hal_rcc.o(.text.HAL_RCC_ClockConfig)
    HAL_RCC_OscConfig                        0x0800149d   Thumb Code   816  stm32f1xx_hal_rcc.o(.text.HAL_RCC_OscConfig)
    HAL_SPI_Init                             0x080017cd   Thumb Code   172  stm32f1xx_hal_spi.o(.text.HAL_SPI_Init)
    HAL_SPI_MspInit                          0x08001879   Thumb Code   234  spi.o(.text.HAL_SPI_MspInit)
    HAL_SPI_Receive                          0x08001965   Thumb Code   406  stm32f1xx_hal_spi.o(.text.HAL_SPI_Receive)
    HAL_SPI_Transmit                         0x08001afd   Thumb Code   424  stm32f1xx_hal_spi.o(.text.HAL_SPI_Transmit)
    HAL_SPI_TransmitReceive                  0x08001ca5   Thumb Code   536  stm32f1xx_hal_spi.o(.text.HAL_SPI_TransmitReceive)
    HAL_SYSTICK_Config                       0x08001ebd   Thumb Code    44  stm32f1xx_hal_cortex.o(.text.HAL_SYSTICK_Config)
    HAL_TIMEx_BreakCallback                  0x08001ee9   Thumb Code     2  stm32f1xx_hal_tim_ex.o(.text.HAL_TIMEx_BreakCallback)
    HAL_TIMEx_CommutCallback                 0x08001eed   Thumb Code     2  stm32f1xx_hal_tim_ex.o(.text.HAL_TIMEx_CommutCallback)
    HAL_TIMEx_MasterConfigSynchronization    0x08001ef1   Thumb Code   118  stm32f1xx_hal_tim_ex.o(.text.HAL_TIMEx_MasterConfigSynchronization)
    HAL_TIM_Base_Init                        0x08001f69   Thumb Code   230  stm32f1xx_hal_tim.o(.text.HAL_TIM_Base_Init)
    HAL_TIM_Base_MspInit                     0x08002051   Thumb Code    64  tim.o(.text.HAL_TIM_Base_MspInit)
    HAL_TIM_Base_Start_IT                    0x08002091   Thumb Code   102  stm32f1xx_hal_tim.o(.text.HAL_TIM_Base_Start_IT)
    HAL_TIM_ConfigClockSource                0x080020f9   Thumb Code   412  stm32f1xx_hal_tim.o(.text.HAL_TIM_ConfigClockSource)
    HAL_TIM_IC_CaptureCallback               0x08002295   Thumb Code     2  stm32f1xx_hal_tim.o(.text.HAL_TIM_IC_CaptureCallback)
    HAL_TIM_IRQHandler                       0x08002299   Thumb Code   330  stm32f1xx_hal_tim.o(.text.HAL_TIM_IRQHandler)
    HAL_TIM_OC_DelayElapsedCallback          0x080023e5   Thumb Code     2  stm32f1xx_hal_tim.o(.text.HAL_TIM_OC_DelayElapsedCallback)
    HAL_TIM_PWM_PulseFinishedCallback        0x080023e9   Thumb Code     2  stm32f1xx_hal_tim.o(.text.HAL_TIM_PWM_PulseFinishedCallback)
    HAL_TIM_PeriodElapsedCallback            0x080023ed   Thumb Code    24  main.o(.text.HAL_TIM_PeriodElapsedCallback)
    HAL_TIM_TriggerCallback                  0x08002405   Thumb Code     2  stm32f1xx_hal_tim.o(.text.HAL_TIM_TriggerCallback)
    HardFault_Handler                        0x08002409   Thumb Code     2  stm32f1xx_it.o(.text.HardFault_Handler)
    MX_ADC1_Init                             0x0800240d   Thumb Code    94  adc.o(.text.MX_ADC1_Init)
    MX_DMA_Init                              0x0800246d   Thumb Code    84  dma.o(.text.MX_DMA_Init)
    MX_GPIO_Init                             0x080024c1   Thumb Code   214  gpio.o(.text.MX_GPIO_Init)
    MX_SPI2_Init                             0x08002599   Thumb Code    76  spi.o(.text.MX_SPI2_Init)
    MX_TIM2_Init                             0x080025e5   Thumb Code   120  tim.o(.text.MX_TIM2_Init)
    MemManage_Handler                        0x0800265d   Thumb Code     2  stm32f1xx_it.o(.text.MemManage_Handler)
    NMI_Handler                              0x08002661   Thumb Code     2  stm32f1xx_it.o(.text.NMI_Handler)
    PendSV_Handler                           0x08002665   Thumb Code     2  stm32f1xx_it.o(.text.PendSV_Handler)
    SVC_Handler                              0x08002749   Thumb Code     2  stm32f1xx_it.o(.text.SVC_Handler)
    SysTick_Handler                          0x0800274d   Thumb Code     4  stm32f1xx_it.o(.text.SysTick_Handler)
    SystemClock_Config                       0x08002751   Thumb Code   146  main.o(.text.SystemClock_Config)
    SystemInit                               0x080027e5   Thumb Code     2  system_stm32f1xx.o(.text.SystemInit)
    TIM2_IRQHandler                          0x080027e9   Thumb Code    12  stm32f1xx_it.o(.text.TIM2_IRQHandler)
    UsageFault_Handler                       0x080027f5   Thumb Code     2  stm32f1xx_it.o(.text.UsageFault_Handler)
    W5500_HardwareReset                      0x080027f9   Thumb Code    50  w5500.o(.text.W5500_HardwareReset)
    W5500_Init_DHCP                          0x0800282d   Thumb Code    76  net_dhcp.o(.text.W5500_Init_DHCP)
    W5500_Init_static_IP                     0x08002879   Thumb Code   114  w5500_core.o(.text.W5500_Init_static_IP)
    W5500_MemInit                            0x080028ed   Thumb Code    48  w5500_core.o(.text.W5500_MemInit)
    W5500_ReadBuf                            0x08002925   Thumb Code   174  w5500.o(.text.W5500_ReadBuf)
    W5500_ReadByte                           0x080029d5   Thumb Code   168  w5500.o(.text.W5500_ReadByte)
    W5500_Recv_UDP                           0x08002a7d   Thumb Code   312  w5500_core.o(.text.W5500_Recv_UDP)
    W5500_Send_UDP                           0x08002bb5   Thumb Code   314  w5500_core.o(.text.W5500_Send_UDP)
    W5500_Set_UDP_Destination                0x08002cf1   Thumb Code    54  w5500_core.o(.text.W5500_Set_UDP_Destination)
    W5500_SocketInit                         0x08002d29   Thumb Code   190  w5500_core.o(.text.W5500_SocketInit)
    W5500_SocketListen                       0x08002de9   Thumb Code    44  w5500_core.o(.text.W5500_SocketListen)
    W5500_SoftwareReset                      0x08002e15   Thumb Code    48  w5500_core.o(.text.W5500_SoftwareReset)
    W5500_WriteBuf                           0x08002e45   Thumb Code   176  w5500.o(.text.W5500_WriteBuf)
    W5500_WriteByte                          0x08002ef5   Thumb Code   166  w5500.o(.text.W5500_WriteByte)
    W5500_WriteReg                           0x08002f9d   Thumb Code   210  w5500.o(.text.W5500_WriteReg)
    dhcp_stateMachine                        0x08003071   Thumb Code    20  net_dhcp.o(.text.dhcp_stateMachine)
    main                                     0x080030fd   Thumb Code   194  main.o(.text.main)
    netif_get_mac                            0x080031c1   Thumb Code    10  net_if.o(.text.netif_get_mac)
    netif_init_mac                           0x080031cd   Thumb Code    42  net_if.o(.text.netif_init_mac)
    netif_set_dns1                           0x080031f9   Thumb Code    14  net_if.o(.text.netif_set_dns1)
    netif_set_ip                             0x08003209   Thumb Code    26  net_if.o(.text.netif_set_ip)
    AHBPrescTable                            0x08003222   Data          16  system_stm32f1xx.o(.rodata.AHBPrescTable)
    Region$$Table$$Base                      0x08003254   Number         0  anon$$obj.o(Region$$Table)
    Region$$Table$$Limit                     0x08003274   Number         0  anon$$obj.o(Region$$Table)
    SystemCoreClock                          0x20000000   Data           4  system_stm32f1xx.o(.data.SystemCoreClock)
    uwTickFreq                               0x20000004   Data           1  stm32f1xx_hal.o(.data.uwTickFreq)
    uwTickPrio                               0x20000008   Data           4  stm32f1xx_hal.o(.data.uwTickPrio)
    _random_number_data                      0x20000010   Data         228  rand.o(.bss)
    __libspace_start                         0x200000f4   Data          96  libspace.o(.bss)
    __temporary_stack_top$libspace           0x20000154   Data           0  libspace.o(.bss)
    dhcp_flag                                0x20000190   Data           1  main.o(.bss.dhcp_flag)
    hadc1                                    0x20000194   Data          48  adc.o(.bss.hadc1)
    has_ip                                   0x200001c4   Data           1  net_if.o(.bss.has_ip)
    hdma_adc1                                0x200001c8   Data          68  adc.o(.bss.hdma_adc1)
    hdma_spi2_rx                             0x2000020c   Data          68  spi.o(.bss.hdma_spi2_rx)
    hdma_spi2_tx                             0x20000250   Data          68  spi.o(.bss.hdma_spi2_tx)
    hspi2                                    0x20000294   Data          88  spi.o(.bss.hspi2)
    htim2                                    0x200002ec   Data          72  tim.o(.bss.htim2)
    uwTick                                   0x20000344   Data           4  stm32f1xx_hal.o(.bss.uwTick)



==============================================================================

Memory Map of the image

  Image Entry point : 0x080000ed

  Load Region LR_IROM1 (Base: 0x08000000, Size: 0x00003288, Max: 0x00010000, ABSOLUTE)

    Execution Region ER_IROM1 (Exec base: 0x08000000, Load base: 0x08000000, Size: 0x00003274, Max: 0x00010000, ABSOLUTE)

    Exec Addr    Load Addr    Size         Type   Attr      Idx    E Section Name        Object

    0x08000000   0x08000000   0x000000ec   Data   RO            3    RESET               startup_stm32f103xb.o
    0x080000ec   0x080000ec   0x00000008   Code   RO         1165  * !!!main             c_w.l(__main.o)
    0x080000f4   0x080000f4   0x00000034   Code   RO         1330    !!!scatter          c_w.l(__scatter.o)
    0x08000128   0x08000128   0x0000001a   Code   RO         1332    !!handler_copy      c_w.l(__scatter_copy.o)
    0x08000142   0x08000142   0x00000002   PAD
    0x08000144   0x08000144   0x0000001c   Code   RO         1334    !!handler_zi        c_w.l(__scatter_zi.o)
    0x08000160   0x08000160   0x00000002   Code   RO         1247    .ARM.Collect$$libinit$$00000000  c_w.l(libinit.o)
    0x08000162   0x08000162   0x00000000   Code   RO         1169    .ARM.Collect$$libinit$$00000002  c_w.l(libinit2.o)
    0x08000162   0x08000162   0x00000000   Code   RO         1171    .ARM.Collect$$libinit$$00000004  c_w.l(libinit2.o)
    0x08000162   0x08000162   0x00000000   Code   RO         1173    .ARM.Collect$$libinit$$00000006  c_w.l(libinit2.o)
    0x08000162   0x08000162   0x00000000   Code   RO         1176    .ARM.Collect$$libinit$$0000000C  c_w.l(libinit2.o)
    0x08000162   0x08000162   0x00000000   Code   RO         1178    .ARM.Collect$$libinit$$0000000E  c_w.l(libinit2.o)
    0x08000162   0x08000162   0x00000004   Code   RO         1179    .ARM.Collect$$libinit$$0000000F  c_w.l(libinit2.o)
    0x08000166   0x08000166   0x00000000   Code   RO         1180    .ARM.Collect$$libinit$$00000010  c_w.l(libinit2.o)
    0x08000166   0x08000166   0x00000000   Code   RO         1183    .ARM.Collect$$libinit$$00000013  c_w.l(libinit2.o)
    0x08000166   0x08000166   0x00000000   Code   RO         1185    .ARM.Collect$$libinit$$00000015  c_w.l(libinit2.o)
    0x08000166   0x08000166   0x00000000   Code   RO         1187    .ARM.Collect$$libinit$$00000017  c_w.l(libinit2.o)
    0x08000166   0x08000166   0x00000000   Code   RO         1189    .ARM.Collect$$libinit$$00000019  c_w.l(libinit2.o)
    0x08000166   0x08000166   0x00000000   Code   RO         1191    .ARM.Collect$$libinit$$0000001B  c_w.l(libinit2.o)
    0x08000166   0x08000166   0x00000000   Code   RO         1193    .ARM.Collect$$libinit$$0000001D  c_w.l(libinit2.o)
    0x08000166   0x08000166   0x00000000   Code   RO         1195    .ARM.Collect$$libinit$$0000001F  c_w.l(libinit2.o)
    0x08000166   0x08000166   0x00000000   Code   RO         1197    .ARM.Collect$$libinit$$00000021  c_w.l(libinit2.o)
    0x08000166   0x08000166   0x00000000   Code   RO         1199    .ARM.Collect$$libinit$$00000023  c_w.l(libinit2.o)
    0x08000166   0x08000166   0x00000000   Code   RO         1201    .ARM.Collect$$libinit$$00000025  c_w.l(libinit2.o)
    0x08000166   0x08000166   0x00000000   Code   RO         1203    .ARM.Collect$$libinit$$00000027  c_w.l(libinit2.o)
    0x08000166   0x08000166   0x00000000   Code   RO         1207    .ARM.Collect$$libinit$$0000002E  c_w.l(libinit2.o)
    0x08000166   0x08000166   0x00000000   Code   RO         1209    .ARM.Collect$$libinit$$00000030  c_w.l(libinit2.o)
    0x08000166   0x08000166   0x00000000   Code   RO         1211    .ARM.Collect$$libinit$$00000032  c_w.l(libinit2.o)
    0x08000166   0x08000166   0x00000000   Code   RO         1213    .ARM.Collect$$libinit$$00000034  c_w.l(libinit2.o)
    0x08000166   0x08000166   0x00000002   Code   RO         1214    .ARM.Collect$$libinit$$00000035  c_w.l(libinit2.o)
    0x08000168   0x08000168   0x00000002   Code   RO         1289    .ARM.Collect$$libshutdown$$00000000  c_w.l(libshutdown.o)
    0x0800016a   0x0800016a   0x00000000   Code   RO         1297    .ARM.Collect$$libshutdown$$00000002  c_w.l(libshutdown2.o)
    0x0800016a   0x0800016a   0x00000000   Code   RO         1299    .ARM.Collect$$libshutdown$$00000004  c_w.l(libshutdown2.o)
    0x0800016a   0x0800016a   0x00000000   Code   RO         1302    .ARM.Collect$$libshutdown$$00000007  c_w.l(libshutdown2.o)
    0x0800016a   0x0800016a   0x00000000   Code   RO         1305    .ARM.Collect$$libshutdown$$0000000A  c_w.l(libshutdown2.o)
    0x0800016a   0x0800016a   0x00000000   Code   RO         1307    .ARM.Collect$$libshutdown$$0000000C  c_w.l(libshutdown2.o)
    0x0800016a   0x0800016a   0x00000000   Code   RO         1310    .ARM.Collect$$libshutdown$$0000000F  c_w.l(libshutdown2.o)
    0x0800016a   0x0800016a   0x00000002   Code   RO         1311    .ARM.Collect$$libshutdown$$00000010  c_w.l(libshutdown2.o)
    0x0800016c   0x0800016c   0x00000000   Code   RO         1167    .ARM.Collect$$rtentry$$00000000  c_w.l(__rtentry.o)
    0x0800016c   0x0800016c   0x00000000   Code   RO         1216    .ARM.Collect$$rtentry$$00000002  c_w.l(__rtentry2.o)
    0x0800016c   0x0800016c   0x00000006   Code   RO         1228    .ARM.Collect$$rtentry$$00000004  c_w.l(__rtentry4.o)
    0x08000172   0x08000172   0x00000000   Code   RO         1218    .ARM.Collect$$rtentry$$00000009  c_w.l(__rtentry2.o)
    0x08000172   0x08000172   0x00000004   Code   RO         1219    .ARM.Collect$$rtentry$$0000000A  c_w.l(__rtentry2.o)
    0x08000176   0x08000176   0x00000000   Code   RO         1221    .ARM.Collect$$rtentry$$0000000C  c_w.l(__rtentry2.o)
    0x08000176   0x08000176   0x00000008   Code   RO         1222    .ARM.Collect$$rtentry$$0000000D  c_w.l(__rtentry2.o)
    0x0800017e   0x0800017e   0x00000002   Code   RO         1255    .ARM.Collect$$rtexit$$00000000  c_w.l(rtexit.o)
    0x08000180   0x08000180   0x00000000   Code   RO         1267    .ARM.Collect$$rtexit$$00000002  c_w.l(rtexit2.o)
    0x08000180   0x08000180   0x00000004   Code   RO         1268    .ARM.Collect$$rtexit$$00000003  c_w.l(rtexit2.o)
    0x08000184   0x08000184   0x00000006   Code   RO         1269    .ARM.Collect$$rtexit$$00000004  c_w.l(rtexit2.o)
    0x0800018a   0x0800018a   0x00000002   PAD
    0x0800018c   0x0800018c   0x00000034   Code   RO         1154    .emb_text           c_w.l(rand.o)
    0x080001c0   0x080001c0   0x00000040   Code   RO            4    .text               startup_stm32f103xb.o
    0x08000200   0x08000200   0x0000003c   Code   RO         1155    .text               c_w.l(rand.o)
    0x0800023c   0x0800023c   0x00000058   Code   RO         1159    .text               c_w.l(memcmp.o)
    0x08000294   0x08000294   0x0000004e   Code   RO         1161    .text               c_w.l(rt_memclr_w.o)
    0x080002e2   0x080002e2   0x00000006   Code   RO         1163    .text               c_w.l(heapauxi.o)
    0x080002e8   0x080002e8   0x0000004a   Code   RO         1234    .text               c_w.l(sys_stackheap_outer.o)
    0x08000332   0x08000332   0x00000012   Code   RO         1236    .text               c_w.l(exit.o)
    0x08000344   0x08000344   0x00000008   Code   RO         1252    .text               c_w.l(libspace.o)
    0x0800034c   0x0800034c   0x00000002   Code   RO         1263    .text               c_w.l(use_no_semi.o)
    0x0800034e   0x0800034e   0x00000000   Code   RO         1265    .text               c_w.l(indicate_semi.o)
    0x0800034e   0x0800034e   0x00000002   PAD
    0x08000350   0x08000350   0x0000000c   Code   RO         1279    .text               c_w.l(sys_exit.o)
    0x0800035c   0x0800035c   0x00000002   Code   RO          188    .text.BusFault_Handler  stm32f1xx_it.o
    0x0800035e   0x0800035e   0x00000002   PAD
    0x08000360   0x08000360   0x0000004e   Code   RO           26    .text.DHCP_BOUND    net_dhcp.o
    0x080003ae   0x080003ae   0x00000002   PAD
    0x080003b0   0x080003b0   0x000000cc   Code   RO           16    .text.DHCP_DISCOVER  net_dhcp.o
    0x0800047c   0x0800047c   0x00000002   Code   RO           30    .text.DHCP_FAIL     net_dhcp.o
    0x0800047e   0x0800047e   0x00000002   PAD
    0x08000480   0x08000480   0x00000022   Code   RO           32    .text.DHCP_IDLE     net_dhcp.o
    0x080004a2   0x080004a2   0x00000002   PAD
    0x080004a4   0x080004a4   0x0000005e   Code   RO           14    .text.DHCP_INIT     net_dhcp.o
    0x08000502   0x08000502   0x00000002   PAD
    0x08000504   0x08000504   0x00000104   Code   RO           22    .text.DHCP_REQUEST  net_dhcp.o
    0x08000608   0x08000608   0x00000030   Code   RO           28    .text.DHCP_RETRY    net_dhcp.o
    0x08000638   0x08000638   0x0000017c   Code   RO           24    .text.DHCP_WAIT_ACK  net_dhcp.o
    0x080007b4   0x080007b4   0x00000138   Code   RO           18    .text.DHCP_WAIT_OFFER  net_dhcp.o
    0x080008ec   0x080008ec   0x0000000c   Code   RO          200    .text.DMA1_Channel1_IRQHandler  stm32f1xx_it.o
    0x080008f8   0x080008f8   0x0000000c   Code   RO          202    .text.DMA1_Channel4_IRQHandler  stm32f1xx_it.o
    0x08000904   0x08000904   0x0000000c   Code   RO          204    .text.DMA1_Channel5_IRQHandler  stm32f1xx_it.o
    0x08000910   0x08000910   0x00000002   Code   RO          194    .text.DebugMon_Handler  stm32f1xx_it.o
    0x08000912   0x08000912   0x00000002   PAD
    0x08000914   0x08000914   0x0000000a   Code   RO          100    .text.Error_Handler  main.o
    0x0800091e   0x0800091e   0x00000002   PAD
    0x08000920   0x08000920   0x0000010e   Code   RO          321    .text.HAL_ADC_ConfigChannel  stm32f1xx_hal_adc.o
    0x08000a2e   0x08000a2e   0x00000002   PAD
    0x08000a30   0x08000a30   0x0000015c   Code   RO          275    .text.HAL_ADC_Init  stm32f1xx_hal_adc.o
    0x08000b8c   0x08000b8c   0x000000a4   Code   RO          127    .text.HAL_ADC_MspInit  adc.o
    0x08000c30   0x08000c30   0x00000170   Code   RO          522    .text.HAL_DMA_IRQHandler  stm32f1xx_hal_dma.o
    0x08000da0   0x08000da0   0x00000088   Code   RO          508    .text.HAL_DMA_Init  stm32f1xx_hal_dma.o
    0x08000e28   0x08000e28   0x00000028   Code   RO          391    .text.HAL_Delay     stm32f1xx_hal.o
    0x08000e50   0x08000e50   0x00000200   Code   RO          484    .text.HAL_GPIO_Init  stm32f1xx_hal_gpio.o
    0x08001050   0x08001050   0x0000000a   Code   RO          490    .text.HAL_GPIO_WritePin  stm32f1xx_hal_gpio.o
    0x0800105a   0x0800105a   0x00000002   PAD
    0x0800105c   0x0800105c   0x0000000c   Code   RO          383    .text.HAL_GetTick   stm32f1xx_hal.o
    0x08001068   0x08001068   0x0000001a   Code   RO          381    .text.HAL_IncTick   stm32f1xx_hal.o
    0x08001082   0x08001082   0x00000002   PAD
    0x08001084   0x08001084   0x00000026   Code   RO          371    .text.HAL_Init      stm32f1xx_hal.o
    0x080010aa   0x080010aa   0x00000002   PAD
    0x080010ac   0x080010ac   0x00000050   Code   RO          373    .text.HAL_InitTick  stm32f1xx_hal.o
    0x080010fc   0x080010fc   0x00000042   Code   RO          215    .text.HAL_MspInit   stm32f1xx_hal_msp.o
    0x0800113e   0x0800113e   0x00000002   PAD
    0x08001140   0x08001140   0x00000020   Code   RO          544    .text.HAL_NVIC_EnableIRQ  stm32f1xx_hal_cortex.o
    0x08001160   0x08001160   0x00000056   Code   RO          542    .text.HAL_NVIC_SetPriority  stm32f1xx_hal_cortex.o
    0x080011b6   0x080011b6   0x00000002   PAD
    0x080011b8   0x080011b8   0x00000020   Code   RO          540    .text.HAL_NVIC_SetPriorityGrouping  stm32f1xx_hal_cortex.o
    0x080011d8   0x080011d8   0x00000106   Code   RO          470    .text.HAL_RCCEx_PeriphCLKConfig  stm32f1xx_hal_rcc_ex.o
    0x080012de   0x080012de   0x00000002   PAD
    0x080012e0   0x080012e0   0x000001ba   Code   RO          436    .text.HAL_RCC_ClockConfig  stm32f1xx_hal_rcc.o
    0x0800149a   0x0800149a   0x00000002   PAD
    0x0800149c   0x0800149c   0x00000330   Code   RO          434    .text.HAL_RCC_OscConfig  stm32f1xx_hal_rcc.o
    0x080017cc   0x080017cc   0x000000ac   Code   RO          705    .text.HAL_SPI_Init  stm32f1xx_hal_spi.o
    0x08001878   0x08001878   0x000000ea   Code   RO          152    .text.HAL_SPI_MspInit  spi.o
    0x08001962   0x08001962   0x00000002   PAD
    0x08001964   0x08001964   0x00000196   Code   RO          715    .text.HAL_SPI_Receive  stm32f1xx_hal_spi.o
    0x08001afa   0x08001afa   0x00000002   PAD
    0x08001afc   0x08001afc   0x000001a8   Code   RO          713    .text.HAL_SPI_Transmit  stm32f1xx_hal_spi.o
    0x08001ca4   0x08001ca4   0x00000218   Code   RO          717    .text.HAL_SPI_TransmitReceive  stm32f1xx_hal_spi.o
    0x08001ebc   0x08001ebc   0x0000002c   Code   RO          552    .text.HAL_SYSTICK_Config  stm32f1xx_hal_cortex.o
    0x08001ee8   0x08001ee8   0x00000002   Code   RO         1124    .text.HAL_TIMEx_BreakCallback  stm32f1xx_hal_tim_ex.o
    0x08001eea   0x08001eea   0x00000002   PAD
    0x08001eec   0x08001eec   0x00000002   Code   RO         1120    .text.HAL_TIMEx_CommutCallback  stm32f1xx_hal_tim_ex.o
    0x08001eee   0x08001eee   0x00000002   PAD
    0x08001ef0   0x08001ef0   0x00000076   Code   RO         1114    .text.HAL_TIMEx_MasterConfigSynchronization  stm32f1xx_hal_tim_ex.o
    0x08001f66   0x08001f66   0x00000002   PAD
    0x08001f68   0x08001f68   0x000000e6   Code   RO          819    .text.HAL_TIM_Base_Init  stm32f1xx_hal_tim.o
    0x0800204e   0x0800204e   0x00000002   PAD
    0x08002050   0x08002050   0x00000040   Code   RO          169    .text.HAL_TIM_Base_MspInit  tim.o
    0x08002090   0x08002090   0x00000066   Code   RO          833    .text.HAL_TIM_Base_Start_IT  stm32f1xx_hal_tim.o
    0x080020f6   0x080020f6   0x00000002   PAD
    0x080020f8   0x080020f8   0x0000019c   Code   RO          999    .text.HAL_TIM_ConfigClockSource  stm32f1xx_hal_tim.o
    0x08002294   0x08002294   0x00000002   Code   RO          955    .text.HAL_TIM_IC_CaptureCallback  stm32f1xx_hal_tim.o
    0x08002296   0x08002296   0x00000002   PAD
    0x08002298   0x08002298   0x0000014a   Code   RO          953    .text.HAL_TIM_IRQHandler  stm32f1xx_hal_tim.o
    0x080023e2   0x080023e2   0x00000002   PAD
    0x080023e4   0x080023e4   0x00000002   Code   RO          957    .text.HAL_TIM_OC_DelayElapsedCallback  stm32f1xx_hal_tim.o
    0x080023e6   0x080023e6   0x00000002   PAD
    0x080023e8   0x080023e8   0x00000002   Code   RO          959    .text.HAL_TIM_PWM_PulseFinishedCallback  stm32f1xx_hal_tim.o
    0x080023ea   0x080023ea   0x00000002   PAD
    0x080023ec   0x080023ec   0x00000018   Code   RO          102    .text.HAL_TIM_PeriodElapsedCallback  main.o
    0x08002404   0x08002404   0x00000002   Code   RO          963    .text.HAL_TIM_TriggerCallback  stm32f1xx_hal_tim.o
    0x08002406   0x08002406   0x00000002   PAD
    0x08002408   0x08002408   0x00000002   Code   RO          184    .text.HardFault_Handler  stm32f1xx_it.o
    0x0800240a   0x0800240a   0x00000002   PAD
    0x0800240c   0x0800240c   0x0000005e   Code   RO          125    .text.MX_ADC1_Init  adc.o
    0x0800246a   0x0800246a   0x00000002   PAD
    0x0800246c   0x0800246c   0x00000054   Code   RO          141    .text.MX_DMA_Init   dma.o
    0x080024c0   0x080024c0   0x000000d6   Code   RO          116    .text.MX_GPIO_Init  gpio.o
    0x08002596   0x08002596   0x00000002   PAD
    0x08002598   0x08002598   0x0000004c   Code   RO          150    .text.MX_SPI2_Init  spi.o
    0x080025e4   0x080025e4   0x00000078   Code   RO          167    .text.MX_TIM2_Init  tim.o
    0x0800265c   0x0800265c   0x00000002   Code   RO          186    .text.MemManage_Handler  stm32f1xx_it.o
    0x0800265e   0x0800265e   0x00000002   PAD
    0x08002660   0x08002660   0x00000002   Code   RO          182    .text.NMI_Handler   stm32f1xx_it.o
    0x08002662   0x08002662   0x00000002   PAD
    0x08002664   0x08002664   0x00000002   Code   RO          196    .text.PendSV_Handler  stm32f1xx_it.o
    0x08002666   0x08002666   0x00000002   PAD
    0x08002668   0x08002668   0x000000e0   Code   RO          809    .text.SPI_WaitFlagStateUntilTimeout  stm32f1xx_hal_spi.o
    0x08002748   0x08002748   0x00000002   Code   RO          192    .text.SVC_Handler   stm32f1xx_it.o
    0x0800274a   0x0800274a   0x00000002   PAD
    0x0800274c   0x0800274c   0x00000004   Code   RO          198    .text.SysTick_Handler  stm32f1xx_it.o
    0x08002750   0x08002750   0x00000092   Code   RO           98    .text.SystemClock_Config  main.o
    0x080027e2   0x080027e2   0x00000002   PAD
    0x080027e4   0x080027e4   0x00000002   Code   RO         1138    .text.SystemInit    system_stm32f1xx.o
    0x080027e6   0x080027e6   0x00000002   PAD
    0x080027e8   0x080027e8   0x0000000c   Code   RO          206    .text.TIM2_IRQHandler  stm32f1xx_it.o
    0x080027f4   0x080027f4   0x00000002   Code   RO          190    .text.UsageFault_Handler  stm32f1xx_it.o
    0x080027f6   0x080027f6   0x00000002   PAD
    0x080027f8   0x080027f8   0x00000032   Code   RO           57    .text.W5500_HardwareReset  w5500.o
    0x0800282a   0x0800282a   0x00000002   PAD
    0x0800282c   0x0800282c   0x0000004c   Code   RO           12    .text.W5500_Init_DHCP  net_dhcp.o
    0x08002878   0x08002878   0x00000072   Code   RO           71    .text.W5500_Init_static_IP  w5500_core.o
    0x080028ea   0x080028ea   0x00000002   PAD
    0x080028ec   0x080028ec   0x00000038   Code   RO           67    .text.W5500_MemInit  w5500_core.o
    0x08002924   0x08002924   0x000000ae   Code   RO           55    .text.W5500_ReadBuf  w5500.o
    0x080029d2   0x080029d2   0x00000002   PAD
    0x080029d4   0x080029d4   0x000000a8   Code   RO           47    .text.W5500_ReadByte  w5500.o
    0x08002a7c   0x08002a7c   0x00000138   Code   RO           85    .text.W5500_Recv_UDP  w5500_core.o
    0x08002bb4   0x08002bb4   0x0000013a   Code   RO           83    .text.W5500_Send_UDP  w5500_core.o
    0x08002cee   0x08002cee   0x00000002   PAD
    0x08002cf0   0x08002cf0   0x00000036   Code   RO           81    .text.W5500_Set_UDP_Destination  w5500_core.o
    0x08002d26   0x08002d26   0x00000002   PAD
    0x08002d28   0x08002d28   0x000000be   Code   RO           73    .text.W5500_SocketInit  w5500_core.o
    0x08002de6   0x08002de6   0x00000002   PAD
    0x08002de8   0x08002de8   0x0000002c   Code   RO           75    .text.W5500_SocketListen  w5500_core.o
    0x08002e14   0x08002e14   0x00000030   Code   RO           69    .text.W5500_SoftwareReset  w5500_core.o
    0x08002e44   0x08002e44   0x000000b0   Code   RO           53    .text.W5500_WriteBuf  w5500.o
    0x08002ef4   0x08002ef4   0x000000a6   Code   RO           45    .text.W5500_WriteByte  w5500.o
    0x08002f9a   0x08002f9a   0x00000002   PAD
    0x08002f9c   0x08002f9c   0x000000d2   Code   RO           49    .text.W5500_WriteReg  w5500.o
    0x0800306e   0x0800306e   0x00000002   PAD
    0x08003070   0x08003070   0x00000038   Code   RO           34    .text.dhcp_stateMachine  net_dhcp.o
    0x080030a8   0x080030a8   0x00000054   Code   RO           20    .text.get_dhcp_option  net_dhcp.o
    0x080030fc   0x080030fc   0x000000c2   Code   RO           96    .text.main          main.o
    0x080031be   0x080031be   0x00000002   PAD
    0x080031c0   0x080031c0   0x0000000a   Code   RO          226    .text.netif_get_mac  net_if.o
    0x080031ca   0x080031ca   0x00000002   PAD
    0x080031cc   0x080031cc   0x0000002a   Code   RO          224    .text.netif_init_mac  net_if.o
    0x080031f6   0x080031f6   0x00000002   PAD
    0x080031f8   0x080031f8   0x0000000e   Code   RO          228    .text.netif_set_dns1  net_if.o
    0x08003206   0x08003206   0x00000002   PAD
    0x08003208   0x08003208   0x0000001a   Code   RO          236    .text.netif_set_ip  net_if.o
    0x08003222   0x08003222   0x00000010   Data   RO         1143    .rodata.AHBPrescTable  system_stm32f1xx.o
    0x08003232   0x08003232   0x00000002   Data   RO          461    .rodata.HAL_RCC_GetSysClockFreq.aPredivFactorTable  stm32f1xx_hal_rcc.o
    0x08003234   0x08003234   0x00000010   Data   RO           87    .rodata.cst16       w5500_core.o
    0x08003244   0x08003244   0x00000010   Data   RO          460    .rodata.cst16       stm32f1xx_hal_rcc.o
    0x08003254   0x08003254   0x00000020   Data   RO         1329    Region$$Table       anon$$obj.o


    Execution Region RW_IRAM1 (Exec base: 0x20000000, Load base: 0x08003278, Size: 0x00000948, Max: 0x00005000, ABSOLUTE)

    Exec Addr    Load Addr    Size         Type   Attr      Idx    E Section Name        Object

    0x20000000   0x08003278   0x00000004   Data   RW         1142    .data.SystemCoreClock  system_stm32f1xx.o
    0x20000004   0x0800327c   0x00000001   Data   RW          422    .data.uwTickFreq    stm32f1xx_hal.o
    0x20000005   0x0800327d   0x00000003   PAD
    0x20000008   0x08003280   0x00000004   Data   RW          421    .data.uwTickPrio    stm32f1xx_hal.o
    0x2000000c   0x08003284   0x00000004   PAD
    0x20000010        -       0x000000e4   Zero   RW         1156    .bss                c_w.l(rand.o)
    0x200000f4        -       0x00000060   Zero   RW         1253    .bss                c_w.l(libspace.o)
    0x20000154        -       0x00000006   Zero   RW          241    .bss.device_mac     net_if.o
    0x2000015a   0x08003284   0x00000002   PAD
    0x2000015c        -       0x00000034   Zero   RW           36    .bss.dhcp_ctx       net_dhcp.o
    0x20000190        -       0x00000001   Zero   RW          104    .bss.dhcp_flag      main.o
    0x20000191   0x08003284   0x00000003   PAD
    0x20000194        -       0x00000030   Zero   RW          131    .bss.hadc1          adc.o
    0x200001c4        -       0x00000001   Zero   RW          240    .bss.has_ip         net_if.o
    0x200001c5   0x08003284   0x00000003   PAD
    0x200001c8        -       0x00000044   Zero   RW          132    .bss.hdma_adc1      adc.o
    0x2000020c        -       0x00000044   Zero   RW          158    .bss.hdma_spi2_rx   spi.o
    0x20000250        -       0x00000044   Zero   RW          157    .bss.hdma_spi2_tx   spi.o
    0x20000294        -       0x00000058   Zero   RW          156    .bss.hspi2          spi.o
    0x200002ec        -       0x00000048   Zero   RW          173    .bss.htim2          tim.o
    0x20000334        -       0x00000001   Zero   RW          106    .bss.main.link      main.o
    0x20000335   0x08003284   0x00000003   PAD
    0x20000338        -       0x00000004   Zero   RW          105    .bss.main.t         main.o
    0x2000033c        -       0x00000004   Zero   RW          242    .bss.net_dns1       net_if.o
    0x20000340        -       0x00000004   Zero   RW          244    .bss.net_ip         net_if.o
    0x20000344        -       0x00000004   Zero   RW          423    .bss.uwTick         stm32f1xx_hal.o
    0x20000348        -       0x00000200   Zero   RW            2    HEAP                startup_stm32f103xb.o
    0x20000548        -       0x00000400   Zero   RW            1    STACK               startup_stm32f103xb.o


==============================================================================

Image component sizes


      Code (inc. data)   RO Data    RW Data    ZI Data      Debug   Object Name

       258          0          0          0        116       4150   adc.o
        84          0          0          0          0       2180   dma.o
       214          0          0          0          0       1605   gpio.o
       374          0          0          0          6       7538   main.o
      1628         40          0          0         52       8655   net_dhcp.o
        92          0          0          0         15       1796   net_if.o
       310          0          0          0        224       4441   spi.o
        64         26        236          0       1536        804   startup_stm32f103xb.o
       196          0          0          5          4       5744   stm32f1xx_hal.o
       618          0          0          0          0      12757   stm32f1xx_hal_adc.o
       194          0          0          0          0       8488   stm32f1xx_hal_cortex.o
       504          0          0          0          0       7555   stm32f1xx_hal_dma.o
       522         20          0          0          0       4624   stm32f1xx_hal_gpio.o
        66          0          0          0          0       1204   stm32f1xx_hal_msp.o
      1258          0         18          0          0       7604   stm32f1xx_hal_rcc.o
       262          0          0          0          0       3576   stm32f1xx_hal_rcc_ex.o
      1762          0          0          0          0      21722   stm32f1xx_hal_spi.o
      1082          0          0          0          0      55125   stm32f1xx_hal_tim.o
       122          0          0          0          0      20986   stm32f1xx_hal_tim_ex.o
        68          0          0          0          0       4602   stm32f1xx_it.o
         2          0         16          4          0       1630   system_stm32f1xx.o
       184          0          0          0         72       5800   tim.o
       944          0          0          0          0       8608   w5500.o
      1132          8         16          0          0      13070   w5500_core.o

    ----------------------------------------------------------------------
     12038         94        318         12       2040     214264   Object Totals
         0          0         32          0          0          0   (incl. Generated)
        98          0          0          3         15          0   (incl. Padding)

    ----------------------------------------------------------------------

      Code (inc. data)   RO Data    RW Data    ZI Data      Debug   Library Member Name

         8          0          0          0          0         68   __main.o
         0          0          0          0          0          0   __rtentry.o
        12          0          0          0          0          0   __rtentry2.o
         6          0          0          0          0          0   __rtentry4.o
        52          8          0          0          0          0   __scatter.o
        26          0          0          0          0          0   __scatter_copy.o
        28          0          0          0          0          0   __scatter_zi.o
        18          0          0          0          0         80   exit.o
         6          0          0          0          0        152   heapauxi.o
         0          0          0          0          0          0   indicate_semi.o
         2          0          0          0          0          0   libinit.o
         6          0          0          0          0          0   libinit2.o
         2          0          0          0          0          0   libshutdown.o
         2          0          0          0          0          0   libshutdown2.o
         8          4          0          0         96         68   libspace.o
        88          0          0          0          0         76   memcmp.o
       112         18          0          0        228        160   rand.o
        78          0          0          0          0         80   rt_memclr_w.o
         2          0          0          0          0          0   rtexit.o
        10          0          0          0          0          0   rtexit2.o
        12          4          0          0          0         68   sys_exit.o
        74          0          0          0          0         80   sys_stackheap_outer.o
         2          0          0          0          0         68   use_no_semi.o

    ----------------------------------------------------------------------
       560         34          0          0        324        900   Library Totals
         6          0          0          0          0          0   (incl. Padding)

    ----------------------------------------------------------------------

      Code (inc. data)   RO Data    RW Data    ZI Data      Debug   Library Name

       554         34          0          0        324        900   c_w.l

    ----------------------------------------------------------------------
       560         34          0          0        324        900   Library Totals

    ----------------------------------------------------------------------

==============================================================================


      Code (inc. data)   RO Data    RW Data    ZI Data      Debug   

     12598        128        318         12       2364     214408   Grand Totals
     12598        128        318         12       2364     214408   ELF Image Totals
     12598        128        318         12          0          0   ROM Totals

==============================================================================

    Total RO  Size (Code + RO Data)                12916 (  12.61kB)
    Total RW  Size (RW Data + ZI Data)              2376 (   2.32kB)
    Total ROM Size (Code + RO Data + RW Data)      12928 (  12.62kB)

==============================================================================

