<html>
<body>
<pre>
<h1>µVision Build Log</h1>
<h2>Tool Versions:</h2>
IDE-Version: µVision V5.39.0.0
Copyright (C) 2023 ARM Ltd and ARM Germany GmbH. All rights reserved.
License Information: sajjad sajjad, sajjad, LIC=IK1BF-6QGQN-CX9U6-DTWFD-5KIDJ-LHB6U
 
Tool Versions:
Toolchain:       MDK-ARM Plus  Version: 5.39.0.0
Toolchain Path:  C:\Keil_v5\ARM\ARMCLANG\Bin
C Compiler:      ArmClang.exe V6.21
Assembler:       Armasm.exe V6.21
Linker/Locator:  ArmLink.exe V6.21
Library Manager: ArmAr.exe V6.21
Hex Converter:   FromElf.exe V6.21
CPU DLL:         SARMCM3.DLL V5.39.0.0
Dialog DLL:      DCM.DLL V1.17.5.0
Target DLL:      STLink\ST-LINKIII-KEIL_SWO.dll V3.2.0.0
Dialog DLL:      TCM.DLL V1.56.4.0
 
<h2>Project:</h2>
C:\Users\Electronic\Desktop\w5500 test\w5500 test\MDK-ARM\w5500 test.uvprojx
Project File Date:  12/22/2025

<h2>Output:</h2>
*** Using Compiler 'V6.21', folder: 'C:\Keil_v5\ARM\ARMCLANG\Bin'
Build target 'w5500 test'
compiling net_dhcp.c...
compiling gpio.c...
compiling stm32f1xx_hal_gpio_ex.c...
compiling tim.c...
compiling dma.c...
compiling stm32f1xx_hal_msp.c...
compiling stm32f1xx_it.c...
compiling adc.c...
compiling spi.c...
compiling W5500.c...
compiling w5500_core.c...
compiling main.c...
compiling stm32f1xx_hal.c...
compiling stm32f1xx_hal_adc_ex.c...
compiling stm32f1xx_hal_rcc_ex.c...
compiling stm32f1xx_hal_adc.c...
compiling stm32f1xx_hal_exti.c...
compiling stm32f1xx_hal_cortex.c...
compiling stm32f1xx_hal_pwr.c...
compiling stm32f1xx_hal_gpio.c...
compiling stm32f1xx_hal_rcc.c...
compiling stm32f1xx_hal_flash.c...
compiling stm32f1xx_hal_flash_ex.c...
compiling stm32f1xx_hal_dma.c...
compiling system_stm32f1xx.c...
compiling stm32f1xx_hal_spi.c...
compiling stm32f1xx_hal_tim_ex.c...
compiling stm32f1xx_hal_tim.c...
linking...
Program Size: Code=10436 RO-data=320 RW-data=12 ZI-data=2052  
FromELF: creating hex file...
"w5500 test\w5500 test.axf" - 0 Error(s), 0 Warning(s).

<h2>Software Packages used:</h2>

Package Vendor: ARM
                https://www.keil.com/pack/ARM.CMSIS.6.2.0.pack
                ARM::CMSIS@6.2.0
                CMSIS (Common Microcontroller Software Interface Standard)
   * Component: CORE Version: 6.1.1

Package Vendor: Keil
                https://www.keil.com/pack/Keil.STM32F1xx_DFP.2.4.1.pack
                Keil::STM32F1xx_DFP@2.4.1
                STMicroelectronics STM32F1 Series Device Support, Drivers and Examples

<h2>Collection of Component include folders:</h2>
  ./RTE/_w5500_test
  C:/Users/Electronic/AppData/Local/Arm/Packs/ARM/CMSIS/6.2.0/CMSIS/Core/Include
  C:/Users/Electronic/AppData/Local/Arm/Packs/Keil/STM32F1xx_DFP/2.4.1/Device/Include

<h2>Collection of Component Files used:</h2>

   * Component: ARM::CMSIS:CORE@6.1.1
      Include file:  CMSIS/Core/Include/tz_context.h
Build Time Elapsed:  00:00:02
</pre>
</body>
</html>
