Component: Arm Compiler for Embedded 6.21 Tool: armlink [5ec1fa00]

==============================================================================

Section Cross References

    startup_stm32f103xb.o(STACK) refers (Special) to heapauxi.o(.text) for __use_two_region_memory
    startup_stm32f103xb.o(HEAP) refers (Special) to heapauxi.o(.text) for __use_two_region_memory
    startup_stm32f103xb.o(RESET) refers (Special) to heapauxi.o(.text) for __use_two_region_memory
    startup_stm32f103xb.o(RESET) refers to startup_stm32f103xb.o(STACK) for __initial_sp
    startup_stm32f103xb.o(RESET) refers to startup_stm32f103xb.o(.text) for Reset_Handler
    startup_stm32f103xb.o(RESET) refers to stm32f1xx_it.o(.text.NMI_Handler) for NMI_Handler
    startup_stm32f103xb.o(RESET) refers to stm32f1xx_it.o(.text.HardFault_Handler) for HardFault_Handler
    startup_stm32f103xb.o(RESET) refers to stm32f1xx_it.o(.text.MemManage_Handler) for MemManage_Handler
    startup_stm32f103xb.o(RESET) refers to stm32f1xx_it.o(.text.BusFault_Handler) for BusFault_Handler
    startup_stm32f103xb.o(RESET) refers to stm32f1xx_it.o(.text.UsageFault_Handler) for UsageFault_Handler
    startup_stm32f103xb.o(RESET) refers to stm32f1xx_it.o(.text.SVC_Handler) for SVC_Handler
    startup_stm32f103xb.o(RESET) refers to stm32f1xx_it.o(.text.DebugMon_Handler) for DebugMon_Handler
    startup_stm32f103xb.o(RESET) refers to stm32f1xx_it.o(.text.PendSV_Handler) for PendSV_Handler
    startup_stm32f103xb.o(RESET) refers to stm32f1xx_it.o(.text.SysTick_Handler) for SysTick_Handler
    startup_stm32f103xb.o(RESET) refers to stm32f1xx_it.o(.text.DMA1_Channel1_IRQHandler) for DMA1_Channel1_IRQHandler
    startup_stm32f103xb.o(RESET) refers to stm32f1xx_it.o(.text.DMA1_Channel4_IRQHandler) for DMA1_Channel4_IRQHandler
    startup_stm32f103xb.o(RESET) refers to stm32f1xx_it.o(.text.TIM2_IRQHandler) for TIM2_IRQHandler
    startup_stm32f103xb.o(.text) refers (Special) to heapauxi.o(.text) for __use_two_region_memory
    startup_stm32f103xb.o(.text) refers to system_stm32f1xx.o(.text.SystemInit) for SystemInit
    startup_stm32f103xb.o(.text) refers to __main.o(!!!main) for __main
    startup_stm32f103xb.o(.text) refers to startup_stm32f103xb.o(HEAP) for Heap_Mem
    startup_stm32f103xb.o(.text) refers to startup_stm32f103xb.o(STACK) for Stack_Mem
    alcd.o(.text.ALCD_init) refers to alcd.o(.text.ALCD_initPins) for ALCD_initPins
    alcd.o(.text.ALCD_init) refers to alcd.o(.text.__ALCD_Delay_ms) for __ALCD_Delay_ms
    alcd.o(.text.ALCD_init) refers to alcd.o(.text.ALCD_write4Bit) for ALCD_write4Bit
    alcd.o(.text.ALCD_init) refers to alcd.o(.text.__ALCD_Delay_us) for __ALCD_Delay_us
    alcd.o(.text.ALCD_init) refers to alcd.o(.text.ALCD_write) for ALCD_write
    alcd.o(.text.ALCD_init) refers to alcd.o(.bss.alcdHandle) for alcdHandle
    alcd.o(.ARM.exidx.text.ALCD_init) refers to alcd.o(.text.ALCD_init) for [Anonymous Symbol]
    alcd.o(.text.ALCD_initPins) refers to stm32f1xx_hal_gpio.o(.text.HAL_GPIO_Init) for HAL_GPIO_Init
    alcd.o(.ARM.exidx.text.ALCD_initPins) refers to alcd.o(.text.ALCD_initPins) for [Anonymous Symbol]
    alcd.o(.text.__ALCD_Delay_ms) refers to system_stm32f1xx.o(.data.SystemCoreClock) for SystemCoreClock
    alcd.o(.ARM.exidx.text.__ALCD_Delay_ms) refers to alcd.o(.text.__ALCD_Delay_ms) for [Anonymous Symbol]
    alcd.o(.text.ALCD_write4Bit) refers to stm32f1xx_hal_gpio.o(.text.HAL_GPIO_WritePin) for HAL_GPIO_WritePin
    alcd.o(.text.ALCD_write4Bit) refers to alcd.o(.text.ALCD_trigger) for ALCD_trigger
    alcd.o(.ARM.exidx.text.ALCD_write4Bit) refers to alcd.o(.text.ALCD_write4Bit) for [Anonymous Symbol]
    alcd.o(.text.__ALCD_Delay_us) refers to system_stm32f1xx.o(.data.SystemCoreClock) for SystemCoreClock
    alcd.o(.ARM.exidx.text.__ALCD_Delay_us) refers to alcd.o(.text.__ALCD_Delay_us) for [Anonymous Symbol]
    alcd.o(.text.ALCD_write) refers to stm32f1xx_hal_gpio.o(.text.HAL_GPIO_WritePin) for HAL_GPIO_WritePin
    alcd.o(.text.ALCD_write) refers to alcd.o(.text.ALCD_trigger) for ALCD_trigger
    alcd.o(.text.ALCD_write) refers to alcd.o(.text.__ALCD_Delay_us) for __ALCD_Delay_us
    alcd.o(.ARM.exidx.text.ALCD_write) refers to alcd.o(.text.ALCD_write) for [Anonymous Symbol]
    alcd.o(.text.ALCD_clear) refers to alcd.o(.text.ALCD_write) for ALCD_write
    alcd.o(.ARM.exidx.text.ALCD_clear) refers to alcd.o(.text.ALCD_clear) for [Anonymous Symbol]
    alcd.o(.text.ALCD_putChar) refers to alcd.o(.text.ALCD_write) for ALCD_write
    alcd.o(.text.ALCD_putChar) refers to alcd.o(.bss.alcdHandle) for alcdHandle
    alcd.o(.text.ALCD_putChar) refers to alcd.o(.text.ALCD_goto) for ALCD_goto
    alcd.o(.ARM.exidx.text.ALCD_putChar) refers to alcd.o(.text.ALCD_putChar) for [Anonymous Symbol]
    alcd.o(.text.ALCD_goto) refers to alcd.o(.bss.alcdHandle) for alcdHandle
    alcd.o(.text.ALCD_goto) refers to alcd.o(.rodata.ALCD_goto.LINE_ADDR) for ALCD_goto.LINE_ADDR
[...]
    __fp_init_empty                          0x00000000   Number         0  fpinit_empty.o ABSOLUTE
    _printf_flags                            0x00000000   Number         0  printf_stubs.o ABSOLUTE
    _printf_return_value                     0x00000000   Number         0  printf_stubs.o ABSOLUTE
    _printf_sizespec                         0x00000000   Number         0  printf_stubs.o ABSOLUTE
    _printf_widthprec                        0x00000000   Number         0  printf_stubs.o ABSOLUTE
    __ARM_exceptions_init                     - Undefined Weak Reference
    __alloca_initialize                       - Undefined Weak Reference
    __arm_preinit_                            - Undefined Weak Reference
    __arm_relocate_pie_                       - Undefined Weak Reference
    __cpp_initialize__aeabi_                  - Undefined Weak Reference
    __cxa_finalize                            - Undefined Weak Reference
    __sigvec_lookup                           - Undefined Weak Reference
    _atexit_init                              - Undefined Weak Reference
    _call_atexit_fns                          - Undefined Weak Reference
    _clock_init                               - Undefined Weak Reference
    _fp_trap_init                             - Undefined Weak Reference
    _fp_trap_shutdown                         - Undefined Weak Reference
    _get_lc_collate                           - Undefined Weak Reference
    _get_lc_monetary                          - Undefined Weak Reference
    _get_lc_time                              - Undefined Weak Reference
    _getenv_init                              - Undefined Weak Reference
    _handle_redirection                       - Undefined Weak Reference
    _init_alloc                               - Undefined Weak Reference
    _init_user_alloc                          - Undefined Weak Reference
    _initio                                   - Undefined Weak Reference
    _printf_mbtowc                            - Undefined Weak Reference
    _printf_wc                                - Undefined Weak Reference
    _rand_init                                - Undefined Weak Reference
    _signal_finish                            - Undefined Weak Reference
    _signal_init                              - Undefined Weak Reference
    _terminate_alloc                          - Undefined Weak Reference
    _terminate_user_alloc                     - Undefined Weak Reference
    _terminateio                              - Undefined Weak Reference
    __Vectors_Size                           0x000000ec   Number         0  startup_stm32f103xb.o ABSOLUTE
    __Vectors                                0x08000000   Data           4  startup_stm32f103xb.o(RESET)
    __Vectors_End                            0x080000ec   Data           0  startup_stm32f103xb.o(RESET)
    __main                                   0x080000ed   Thumb Code     8  __main.o(!!!main)
    __scatterload                            0x080000f5   Thumb Code     0  __scatter.o(!!!scatter)
    __scatterload_rt2                        0x080000f5   Thumb Code    84  __scatter.o(!!!scatter)
    __scatterload_rt2_thumb_only             0x080000f5   Thumb Code     0  __scatter.o(!!!scatter)
    __scatterload_loop                       0x080000ff   Thumb Code     0  __scatter.o(!!!scatter)
    __scatterload_copy                       0x08000151   Thumb Code    26  __scatter_copy.o(!!handler_copy)
    __scatterload_null                       0x0800016d   Thumb Code     2  __scatter.o(!!handler_null)
    __scatterload_zeroinit                   0x08000171   Thumb Code    28  __scatter_zi.o(!!handler_zi)
    _printf_n                                0x0800018d   Thumb Code     0  _printf_n.o(.ARM.Collect$$_printf_percent$$00000001)
    _printf_percent                          0x0800018d   Thumb Code     0  _printf_percent.o(.ARM.Collect$$_printf_percent$$00000000)
    _printf_p                                0x08000193   Thumb Code     0  _printf_p.o(.ARM.Collect$$_printf_percent$$00000002)
    _printf_f                                0x08000199   Thumb Code     0  _printf_f.o(.ARM.Collect$$_printf_percent$$00000003)
    _printf_e                                0x0800019f   Thumb Code     0  _printf_e.o(.ARM.Collect$$_printf_percent$$00000004)
    _printf_g                                0x080001a5   Thumb Code     0  _printf_g.o(.ARM.Collect$$_printf_percent$$00000005)
    _printf_a                                0x080001ab   Thumb Code     0  _printf_a.o(.ARM.Collect$$_printf_percent$$00000006)
    _printf_ll                               0x080001b1   Thumb Code     0  _printf_ll.o(.ARM.Collect$$_printf_percent$$00000007)
    _printf_i                                0x080001bb   Thumb Code     0  _printf_i.o(.ARM.Collect$$_printf_percent$$00000008)
    _printf_d                                0x080001c1   Thumb Code     0  _printf_d.o(.ARM.Collect$$_printf_percent$$00000009)
    _printf_u                                0x080001c7   Thumb Code     0  _printf_u.o(.ARM.Collect$$_printf_percent$$0000000A)
    _printf_o                                0x080001cd   Thumb Code     0  _printf_o.o(.ARM.Collect$$_printf_percent$$0000000B)
    _printf_x                                0x080001d3   Thumb Code     0  _printf_x.o(.ARM.Collect$$_printf_percent$$0000000C)
    _printf_lli                              0x080001d9   Thumb Code     0  _printf_lli.o(.ARM.Collect$$_printf_percent$$0000000D)
    _printf_lld                              0x080001df   Thumb Code     0  _printf_lld.o(.ARM.Collect$$_printf_percent$$0000000E)
    _printf_llu                              0x080001e5   Thumb Code     0  _printf_llu.o(.ARM.Collect$$_printf_percent$$0000000F)
    _printf_llo                              0x080001eb   Thumb Code     0  _printf_llo.o(.ARM.Collect$$_printf_percent$$00000010)
    _printf_llx                              0x080001f1   Thumb Code     0  _printf_llx.o(.ARM.Collect$$_printf_percent$$00000011)
    _printf_l                                0x080001f7   Thumb Code     0  _printf_l.o(.ARM.Collect$$_printf_percent$$00000012)
    _printf_c                                0x08000201   Thumb Code     0  _printf_c.o(.ARM.Collect$$_printf_percent$$00000013)
    _printf_s                                0x08000207   Thumb Code     0  _printf_s.o(.ARM.Collect$$_printf_percent$$00000014)
    _printf_lc                               0x0800020d   Thumb Code     0  _printf_lc.o(.ARM.Collect$$_printf_percent$$00000015)
    _printf_ls                               0x08000213   Thumb Code     0  _printf_ls.o(.ARM.Collect$$_printf_percent$$00000016)
    _printf_percent_end                      0x08000219   Thumb Code     0  _printf_percent_end.o(.ARM.Collect$$_printf_percent$$00000017)
    __rt_lib_init                            0x0800021d   Thumb Code     0  libinit.o(.ARM.Collect$$libinit$$00000000)
    __rt_lib_init_fp_1                       0x0800021f   Thumb Code     0  libinit2.o(.ARM.Collect$$libinit$$00000002)
    __rt_lib_init_heap_1                     0x0800021f   Thumb Code     0  libinit2.o(.ARM.Collect$$libinit$$0000000C)
    __rt_lib_init_lc_common                  0x0800021f   Thumb Code     0  libinit2.o(.ARM.Collect$$libinit$$00000011)
    __rt_lib_init_preinit_1                  0x0800021f   Thumb Code     0  libinit2.o(.ARM.Collect$$libinit$$00000006)
    __rt_lib_init_rand_1                     0x0800021f   Thumb Code     0  libinit2.o(.ARM.Collect$$libinit$$00000010)
    __rt_lib_init_relocate_pie_1             0x0800021f   Thumb Code     0  libinit2.o(.ARM.Collect$$libinit$$00000004)
    __rt_lib_init_user_alloc_1               0x0800021f   Thumb Code     0  libinit2.o(.ARM.Collect$$libinit$$0000000E)
    __rt_lib_init_lc_collate_1               0x08000225   Thumb Code     0  libinit2.o(.ARM.Collect$$libinit$$00000013)
    __rt_lib_init_lc_ctype_2                 0x08000225   Thumb Code     0  libinit2.o(.ARM.Collect$$libinit$$00000014)
    __rt_lib_init_lc_ctype_1                 0x08000231   Thumb Code     0  libinit2.o(.ARM.Collect$$libinit$$00000015)
    __rt_lib_init_lc_monetary_1              0x08000231   Thumb Code     0  libinit2.o(.ARM.Collect$$libinit$$00000017)
    __rt_lib_init_lc_numeric_2               0x08000231   Thumb Code     0  libinit2.o(.ARM.Collect$$libinit$$00000018)
    __rt_lib_init_alloca_1                   0x0800023b   Thumb Code     0  libinit2.o(.ARM.Collect$$libinit$$00000030)
    __rt_lib_init_argv_1                     0x0800023b   Thumb Code     0  libinit2.o(.ARM.Collect$$libinit$$0000002E)
    __rt_lib_init_atexit_1                   0x0800023b   Thumb Code     0  libinit2.o(.ARM.Collect$$libinit$$0000001D)
    __rt_lib_init_clock_1                    0x0800023b   Thumb Code     0  libinit2.o(.ARM.Collect$$libinit$$00000023)
    __rt_lib_init_cpp_1                      0x0800023b   Thumb Code     0  libinit2.o(.ARM.Collect$$libinit$$00000034)
    __rt_lib_init_exceptions_1               0x0800023b   Thumb Code     0  libinit2.o(.ARM.Collect$$libinit$$00000032)
    __rt_lib_init_fp_trap_1                  0x0800023b   Thumb Code     0  libinit2.o(.ARM.Collect$$libinit$$00000021)
    __rt_lib_init_getenv_1                   0x0800023b   Thumb Code     0  libinit2.o(.ARM.Collect$$libinit$$00000025)
    __rt_lib_init_lc_numeric_1               0x0800023b   Thumb Code     0  libinit2.o(.ARM.Collect$$libinit$$00000019)
    __rt_lib_init_lc_time_1                  0x0800023b   Thumb Code     0  libinit2.o(.ARM.Collect$$libinit$$0000001B)
    __rt_lib_init_return                     0x0800023b   Thumb Code     0  libinit2.o(.ARM.Collect$$libinit$$00000035)
    __rt_lib_init_signal_1                   0x0800023b   Thumb Code     0  libinit2.o(.ARM.Collect$$libinit$$0000001F)
    __rt_lib_init_stdio_1                    0x0800023b   Thumb Code     0  libinit2.o(.ARM.Collect$$libinit$$00000027)
    __rt_lib_shutdown                        0x0800023d   Thumb Code     0  libshutdown.o(.ARM.Collect$$libshutdown$$00000000)
    __rt_lib_shutdown_cpp_1                  0x0800023f   Thumb Code     0  libshutdown2.o(.ARM.Collect$$libshutdown$$00000002)
    __rt_lib_shutdown_fp_trap_1              0x0800023f   Thumb Code     0  libshutdown2.o(.ARM.Collect$$libshutdown$$00000007)
    __rt_lib_shutdown_heap_1                 0x0800023f   Thumb Code     0  libshutdown2.o(.ARM.Collect$$libshutdown$$0000000F)
    __rt_lib_shutdown_return                 0x0800023f   Thumb Code     0  libshutdown2.o(.ARM.Collect$$libshutdown$$00000010)
    __rt_lib_shutdown_signal_1               0x0800023f   Thumb Code     0  libshutdown2.o(.ARM.Collect$$libshutdown$$0000000A)
    __rt_lib_shutdown_stdio_1                0x0800023f   Thumb Code     0  libshutdown2.o(.ARM.Collect$$libshutdown$$00000004)
    __rt_lib_shutdown_user_alloc_1           0x0800023f   Thumb Code     0  libshutdown2.o(.ARM.Collect$$libshutdown$$0000000C)
    __rt_entry                               0x08000241   Thumb Code     0  __rtentry.o(.ARM.Collect$$rtentry$$00000000)
    __rt_entry_presh_1                       0x08000241   Thumb Code     0  __rtentry2.o(.ARM.Collect$$rtentry$$00000002)
    __rt_entry_sh                            0x08000241   Thumb Code     0  __rtentry4.o(.ARM.Collect$$rtentry$$00000004)
    __rt_entry_li                            0x08000247   Thumb Code     0  __rtentry2.o(.ARM.Collect$$rtentry$$0000000A)
    __rt_entry_postsh_1                      0x08000247   Thumb Code     0  __rtentry2.o(.ARM.Collect$$rtentry$$00000009)
    __rt_entry_main                          0x0800024b   Thumb Code     0  __rtentry2.o(.ARM.Collect$$rtentry$$0000000D)
    __rt_entry_postli_1                      0x0800024b   Thumb Code     0  __rtentry2.o(.ARM.Collect$$rtentry$$0000000C)
    __rt_exit                                0x08000253   Thumb Code     0  rtexit.o(.ARM.Collect$$rtexit$$00000000)
    __rt_exit_ls                             0x08000255   Thumb Code     0  rtexit2.o(.ARM.Collect$$rtexit$$00000003)
    __rt_exit_prels_1                        0x08000255   Thumb Code     0  rtexit2.o(.ARM.Collect$$rtexit$$00000002)
    __rt_exit_exit                           0x08000259   Thumb Code     0  rtexit2.o(.ARM.Collect$$rtexit$$00000004)
    Reset_Handler                            0x08000261   Thumb Code     8  startup_stm32f103xb.o(.text)
    ADC1_2_IRQHandler                        0x0800027b   Thumb Code     0  startup_stm32f103xb.o(.text)
    CAN1_RX1_IRQHandler                      0x0800027b   Thumb Code     0  startup_stm32f103xb.o(.text)
    CAN1_SCE_IRQHandler                      0x0800027b   Thumb Code     0  startup_stm32f103xb.o(.text)
    DMA1_Channel2_IRQHandler                 0x0800027b   Thumb Code     0  startup_stm32f103xb.o(.text)
    DMA1_Channel3_IRQHandler                 0x0800027b   Thumb Code     0  startup_stm32f103xb.o(.text)
    DMA1_Channel5_IRQHandler                 0x0800027b   Thumb Code     0  startup_stm32f103xb.o(.text)
    DMA1_Channel6_IRQHandler                 0x0800027b   Thumb Code     0  startup_stm32f103xb.o(.text)
    DMA1_Channel7_IRQHandler                 0x0800027b   Thumb Code     0  startup_stm32f103xb.o(.text)
    EXTI0_IRQHandler                         0x0800027b   Thumb Code     0  startup_stm32f103xb.o(.text)
    EXTI15_10_IRQHandler                     0x0800027b   Thumb Code     0  startup_stm32f103xb.o(.text)
    EXTI1_IRQHandler                         0x0800027b   Thumb Code     0  startup_stm32f103xb.o(.text)
    EXTI2_IRQHandler                         0x0800027b   Thumb Code     0  startup_stm32f103xb.o(.text)
    EXTI3_IRQHandler                         0x0800027b   Thumb Code     0  startup_stm32f103xb.o(.text)
    EXTI4_IRQHandler                         0x0800027b   Thumb Code     0  startup_stm32f103xb.o(.text)
    EXTI9_5_IRQHandler                       0x0800027b   Thumb Code     0  startup_stm32f103xb.o(.text)
    FLASH_IRQHandler                         0x0800027b   Thumb Code     0  startup_stm32f103xb.o(.text)
    I2C1_ER_IRQHandler                       0x0800027b   Thumb Code     0  startup_stm32f103xb.o(.text)
    I2C1_EV_IRQHandler                       0x0800027b   Thumb Code     0  startup_stm32f103xb.o(.text)
    I2C2_ER_IRQHandler                       0x0800027b   Thumb Code     0  startup_stm32f103xb.o(.text)
    I2C2_EV_IRQHandler                       0x0800027b   Thumb Code     0  startup_stm32f103xb.o(.text)
    PVD_IRQHandler                           0x0800027b   Thumb Code     0  startup_stm32f103xb.o(.text)
    RCC_IRQHandler                           0x0800027b   Thumb Code     0  startup_stm32f103xb.o(.text)
    RTC_Alarm_IRQHandler                     0x0800027b   Thumb Code     0  startup_stm32f103xb.o(.text)
    RTC_IRQHandler                           0x0800027b   Thumb Code     0  startup_stm32f103xb.o(.text)
    SPI1_IRQHandler                          0x0800027b   Thumb Code     0  startup_stm32f103xb.o(.text)
    SPI2_IRQHandler                          0x0800027b   Thumb Code     0  startup_stm32f103xb.o(.text)
    TAMPER_IRQHandler                        0x0800027b   Thumb Code     0  startup_stm32f103xb.o(.text)
    TIM1_BRK_IRQHandler                      0x0800027b   Thumb Code     0  startup_stm32f103xb.o(.text)
    TIM1_CC_IRQHandler                       0x0800027b   Thumb Code     0  startup_stm32f103xb.o(.text)
    TIM1_TRG_COM_IRQHandler                  0x0800027b   Thumb Code     0  startup_stm32f103xb.o(.text)
    TIM1_UP_IRQHandler                       0x0800027b   Thumb Code     0  startup_stm32f103xb.o(.text)
    TIM3_IRQHandler                          0x0800027b   Thumb Code     0  startup_stm32f103xb.o(.text)
    TIM4_IRQHandler                          0x0800027b   Thumb Code     0  startup_stm32f103xb.o(.text)
    USART1_IRQHandler                        0x0800027b   Thumb Code     0  startup_stm32f103xb.o(.text)
    USART2_IRQHandler                        0x0800027b   Thumb Code     0  startup_stm32f103xb.o(.text)
    USART3_IRQHandler                        0x0800027b   Thumb Code     0  startup_stm32f103xb.o(.text)
    USBWakeUp_IRQHandler                     0x0800027b   Thumb Code     0  startup_stm32f103xb.o(.text)
    USB_HP_CAN1_TX_IRQHandler                0x0800027b   Thumb Code     0  startup_stm32f103xb.o(.text)
    USB_LP_CAN1_RX0_IRQHandler               0x0800027b   Thumb Code     0  startup_stm32f103xb.o(.text)
    WWDG_IRQHandler                          0x0800027b   Thumb Code     0  startup_stm32f103xb.o(.text)
    __user_initial_stackheap                 0x0800027d   Thumb Code     0  startup_stm32f103xb.o(.text)
    snprintf                                 0x080002a1   Thumb Code    58  snprintf.o(.text)
    __aeabi_memcpy                           0x080002e1   Thumb Code     0  rt_memcpy_v6.o(.text)
    __rt_memcpy                              0x080002e1   Thumb Code   138  rt_memcpy_v6.o(.text)
    _memcpy_lastbytes                        0x08000347   Thumb Code     0  rt_memcpy_v6.o(.text)
    __aeabi_memclr4                          0x0800036b   Thumb Code     0  rt_memclr_w.o(.text)
    __aeabi_memclr8                          0x0800036b   Thumb Code     0  rt_memclr_w.o(.text)
    __rt_memclr_w                            0x0800036b   Thumb Code     0  rt_memclr_w.o(.text)
    _memset_w                                0x0800036f   Thumb Code    74  rt_memclr_w.o(.text)
    __use_two_region_memory                  0x080003b9   Thumb Code     2  heapauxi.o(.text)
    __rt_heap_escrow$2region                 0x080003bb   Thumb Code     2  heapauxi.o(.text)
    __rt_heap_expand$2region                 0x080003bd   Thumb Code     2  heapauxi.o(.text)
    __read_errno                             0x080003bf   Thumb Code    10  _rserrno.o(.text)
    __set_errno                              0x080003c9   Thumb Code    12  _rserrno.o(.text)
    _printf_pre_padding                      0x080003d5   Thumb Code    44  _printf_pad.o(.text)
    _printf_post_padding                     0x08000401   Thumb Code    34  _printf_pad.o(.text)
    _printf_truncate_signed                  0x08000423   Thumb Code    18  _printf_truncate.o(.text)
    _printf_truncate_unsigned                0x08000435   Thumb Code    18  _printf_truncate.o(.text)
    _printf_str                              0x08000447   Thumb Code    82  _printf_str.o(.text)
    _printf_int_dec                          0x08000499   Thumb Code   104  _printf_dec.o(.text)
    _printf_charcount                        0x08000511   Thumb Code    40  _printf_charcount.o(.text)
    _printf_char_common                      0x08000543   Thumb Code    32  _printf_char_common.o(.text)
    _snputc                                  0x08000569   Thumb Code    16  _snputc.o(.text)
    _printf_wctomb                           0x08000579   Thumb Code   182  _printf_wctomb.o(.text)
    _printf_longlong_dec                     0x08000635   Thumb Code   108  _printf_longlong_dec.o(.text)
    _printf_longlong_oct                     0x080006b1   Thumb Code    68  _printf_oct_int_ll.o(.text)
    _printf_int_oct                          0x080006f5   Thumb Code    24  _printf_oct_int_ll.o(.text)
    _printf_ll_oct                           0x0800070d   Thumb Code    12  _printf_oct_int_ll.o(.text)
    _printf_longlong_hex                     0x08000721   Thumb Code    86  _printf_hex_int_ll_ptr.o(.text)
    _printf_int_hex                          0x08000777   Thumb Code    28  _printf_hex_int_ll_ptr.o(.text)
    _printf_ll_hex                           0x08000793   Thumb Code    12  _printf_hex_int_ll_ptr.o(.text)
    _printf_hex_ptr                          0x0800079f   Thumb Code    18  _printf_hex_int_ll_ptr.o(.text)
    __printf                                 0x080007b5   Thumb Code   388  __printf_flags_ss_wp.o(.text)
    __aeabi_memcpy4                          0x0800093d   Thumb Code     0  rt_memcpy_w.o(.text)
    __aeabi_memcpy8                          0x0800093d   Thumb Code     0  rt_memcpy_w.o(.text)
    __rt_memcpy_w                            0x0800093d   Thumb Code   100  rt_memcpy_w.o(.text)
    _memcpy_lastbytes_aligned                0x08000985   Thumb Code     0  rt_memcpy_w.o(.text)
    __aeabi_errno_addr                       0x080009a1   Thumb Code     8  rt_errno_addr_intlibspace.o(.text)
    __errno$intlibspace                      0x080009a1   Thumb Code     0  rt_errno_addr_intlibspace.o(.text)
    __rt_errno_addr$intlibspace              0x080009a1   Thumb Code     0  rt_errno_addr_intlibspace.o(.text)
    _ll_udiv10                               0x080009a9   Thumb Code   138  lludiv10.o(.text)
    _printf_int_common                       0x08000a33   Thumb Code   178  _printf_intcommon.o(.text)
    _printf_fp_dec_real                      0x08000c95   Thumb Code   620  _printf_fp_dec.o(.text)
    _printf_fp_hex_real                      0x08000f01   Thumb Code   756  _printf_fp_hex.o(.text)
    _printf_cs_common                        0x080011fd   Thumb Code    20  _printf_char.o(.text)
    _printf_char                             0x08001211   Thumb Code    16  _printf_char.o(.text)
    _printf_string                           0x08001221   Thumb Code     8  _printf_char.o(.text)
    _printf_lcs_common                       0x08001229   Thumb Code    20  _printf_wchar.o(.text)
    _printf_wchar                            0x0800123d   Thumb Code    16  _printf_wchar.o(.text)
    _printf_wstring                          0x0800124d   Thumb Code     8  _printf_wchar.o(.text)
    _c16rtomb                                0x08001255   Thumb Code    72  _c16rtomb.o(.text)
    _wcrtomb                                 0x08001255   Thumb Code     0  _c16rtomb.o(.text)
    __user_libspace                          0x0800129d   Thumb Code     8  libspace.o(.text)
    __user_perproc_libspace                  0x0800129d   Thumb Code     0  libspace.o(.text)
    __user_perthread_libspace                0x0800129d   Thumb Code     0  libspace.o(.text)
    __user_setup_stackheap                   0x080012a5   Thumb Code    74  sys_stackheap_outer.o(.text)
    __rt_ctype_table                         0x080012f1   Thumb Code    16  rt_ctype_table.o(.text)
    __rt_locale                              0x08001301   Thumb Code     8  rt_locale_intlibspace.o(.text)
    _printf_fp_infnan                        0x08001309   Thumb Code   112  _printf_fp_infnan.o(.text)
    _btod_etento                             0x08001389   Thumb Code   224  bigflt0.o(.text)
    exit                                     0x0800146d   Thumb Code    18  exit.o(.text)
    strcmp                                   0x08001481   Thumb Code   128  strcmpv7m.o(.text)
    _sys_exit                                0x08001501   Thumb Code     8  sys_exit.o(.text)
    __I$use$semihosting                      0x0800150d   Thumb Code     0  use_no_semi.o(.text)
    __use_no_semihosting_swi                 0x0800150d   Thumb Code     2  use_no_semi.o(.text)
    __semihosting_library_function           0x0800150f   Thumb Code     0  indicate_semi.o(.text)
    ADC_ConversionStop_Disable               0x08001511   Thumb Code   130  stm32f1xx_hal_adc.o(.text.ADC_ConversionStop_Disable)
    ADC_DMAConvCplt                          0x08001595   Thumb Code   120  stm32f1xx_hal_adc.o(.text.ADC_DMAConvCplt)
    ADC_DMAError                             0x0800160d   Thumb Code    42  stm32f1xx_hal_adc.o(.text.ADC_DMAError)
    ADC_DMAHalfConvCplt                      0x08001639   Thumb Code    22  stm32f1xx_hal_adc.o(.text.ADC_DMAHalfConvCplt)
    ADC_Enable                               0x08001651   Thumb Code   188  stm32f1xx_hal_adc.o(.text.ADC_Enable)
    ALCD_clear                               0x0800170d   Thumb Code    16  alcd.o(.text.ALCD_clear)
    ALCD_goto                                0x0800171d   Thumb Code   140  alcd.o(.text.ALCD_goto)
    ALCD_init                                0x080017a9   Thumb Code   146  alcd.o(.text.ALCD_init)
    ALCD_putChar                             0x080018cd   Thumb Code   112  alcd.o(.text.ALCD_putChar)
    ALCD_puts                                0x0800193d   Thumb Code    34  alcd.o(.text.ALCD_puts)
    BusFault_Handler                         0x08001ad9   Thumb Code     4  stm32f1xx_it.o(.text.BusFault_Handler)
    DMA1_Channel1_IRQHandler                 0x08001add   Thumb Code    16  stm32f1xx_it.o(.text.DMA1_Channel1_IRQHandler)
    DMA1_Channel4_IRQHandler                 0x08001aed   Thumb Code    16  stm32f1xx_it.o(.text.DMA1_Channel4_IRQHandler)
    DebugMon_Handler                         0x08001b4d   Thumb Code     2  stm32f1xx_it.o(.text.DebugMon_Handler)
    Error_Handler                            0x08001b51   Thumb Code    14  main.o(.text.Error_Handler)
    HAL_ADC_ConfigChannel                    0x08001b61   Thumb Code   436  stm32f1xx_hal_adc.o(.text.HAL_ADC_ConfigChannel)
    HAL_ADC_ConvCpltCallback                 0x08001d15   Thumb Code   590  main.o(.text.HAL_ADC_ConvCpltCallback)
    HAL_ADC_ConvHalfCpltCallback             0x08001f65   Thumb Code     8  stm32f1xx_hal_adc.o(.text.HAL_ADC_ConvHalfCpltCallback)
    HAL_ADC_ErrorCallback                    0x08001f6d   Thumb Code     8  stm32f1xx_hal_adc.o(.text.HAL_ADC_ErrorCallback)
    HAL_ADC_Init                             0x08001f75   Thumb Code   530  stm32f1xx_hal_adc.o(.text.HAL_ADC_Init)
    HAL_ADC_MspInit                          0x08002189   Thumb Code   202  adc.o(.text.HAL_ADC_MspInit)
    HAL_ADC_Start_DMA                        0x08002255   Thumb Code   550  stm32f1xx_hal_adc.o(.text.HAL_ADC_Start_DMA)
    HAL_DMA_IRQHandler                       0x0800247d   Thumb Code   646  stm32f1xx_hal_dma.o(.text.HAL_DMA_IRQHandler)
    HAL_DMA_Init                             0x08002705   Thumb Code   174  stm32f1xx_hal_dma.o(.text.HAL_DMA_Init)
    HAL_DMA_Start_IT                         0x080027b5   Thumb Code   202  stm32f1xx_hal_dma.o(.text.HAL_DMA_Start_IT)
    HAL_Delay                                0x08002881   Thumb Code    66  stm32f1xx_hal.o(.text.HAL_Delay)
    HAL_GPIO_Init                            0x080028c5   Thumb Code   798  stm32f1xx_hal_gpio.o(.text.HAL_GPIO_Init)
    HAL_GPIO_WritePin                        0x08002be5   Thumb Code    46  stm32f1xx_hal_gpio.o(.text.HAL_GPIO_WritePin)
    HAL_GetTick                              0x08002c15   Thumb Code    12  stm32f1xx_hal.o(.text.HAL_GetTick)
    HAL_IncTick                              0x08002c21   Thumb Code    26  stm32f1xx_hal.o(.text.HAL_IncTick)
    HAL_Init                                 0x08002c3d   Thumb Code    38  stm32f1xx_hal.o(.text.HAL_Init)
    HAL_InitTick                             0x08002c65   Thumb Code   112  stm32f1xx_hal.o(.text.HAL_InitTick)
    HAL_MspInit                              0x08002cd5   Thumb Code   100  stm32f1xx_hal_msp.o(.text.HAL_MspInit)
    HAL_NVIC_EnableIRQ                       0x08002d39   Thumb Code    20  stm32f1xx_hal_cortex.o(.text.HAL_NVIC_EnableIRQ)
    HAL_NVIC_SetPriority                     0x08002d4d   Thumb Code    50  stm32f1xx_hal_cortex.o(.text.HAL_NVIC_SetPriority)
    HAL_NVIC_SetPriorityGrouping             0x08002d81   Thumb Code    16  stm32f1xx_hal_cortex.o(.text.HAL_NVIC_SetPriorityGrouping)
    HAL_RCCEx_PeriphCLKConfig                0x08002d91   Thumb Code   456  stm32f1xx_hal_rcc_ex.o(.text.HAL_RCCEx_PeriphCLKConfig)
    HAL_RCC_ClockConfig                      0x08002f59   Thumb Code   598  stm32f1xx_hal_rcc.o(.text.HAL_RCC_ClockConfig)
    HAL_RCC_GetSysClockFreq                  0x080031b1   Thumb Code   188  stm32f1xx_hal_rcc.o(.text.HAL_RCC_GetSysClockFreq)
    HAL_RCC_OscConfig                        0x0800326d   Thumb Code  1658  stm32f1xx_hal_rcc.o(.text.HAL_RCC_OscConfig)
    HAL_SPI_Init                             0x080038e9   Thumb Code   248  stm32f1xx_hal_spi.o(.text.HAL_SPI_Init)
    HAL_SPI_MspInit                          0x080039e1   Thumb Code   226  spi.o(.text.HAL_SPI_MspInit)
    HAL_SPI_Receive                          0x08003ac5   Thumb Code   590  stm32f1xx_hal_spi.o(.text.HAL_SPI_Receive)
    HAL_SPI_Transmit                         0x08003d15   Thumb Code   674  stm32f1xx_hal_spi.o(.text.HAL_SPI_Transmit)
    HAL_SPI_TransmitReceive                  0x08003fb9   Thumb Code   930  stm32f1xx_hal_spi.o(.text.HAL_SPI_TransmitReceive)
    HAL_SYSTICK_Config                       0x0800435d   Thumb Code    16  stm32f1xx_hal_cortex.o(.text.HAL_SYSTICK_Config)
    HAL_TIMEx_BreakCallback                  0x0800436d   Thumb Code     8  stm32f1xx_hal_tim_ex.o(.text.HAL_TIMEx_BreakCallback)
    HAL_TIMEx_CommutCallback                 0x08004375   Thumb Code     8  stm32f1xx_hal_tim_ex.o(.text.HAL_TIMEx_CommutCallback)
    HAL_TIMEx_MasterConfigSynchronization    0x0800437d   Thumb Code   220  stm32f1xx_hal_tim_ex.o(.text.HAL_TIMEx_MasterConfigSynchronization)
    HAL_TIM_Base_Init                        0x08004459   Thumb Code   156  stm32f1xx_hal_tim.o(.text.HAL_TIM_Base_Init)
    HAL_TIM_Base_MspInit                     0x080044f5   Thumb Code    72  tim.o(.text.HAL_TIM_Base_MspInit)
    HAL_TIM_ConfigClockSource                0x0800453d   Thumb Code   388  stm32f1xx_hal_tim.o(.text.HAL_TIM_ConfigClockSource)
    HAL_TIM_Encoder_Init                     0x080046c1   Thumb Code   296  stm32f1xx_hal_tim.o(.text.HAL_TIM_Encoder_Init)
    HAL_TIM_Encoder_MspInit                  0x080047e9   Thumb Code   124  tim.o(.text.HAL_TIM_Encoder_MspInit)
    HAL_TIM_IC_CaptureCallback               0x08004865   Thumb Code     8  stm32f1xx_hal_tim.o(.text.HAL_TIM_IC_CaptureCallback)
    HAL_TIM_IRQHandler                       0x0800486d   Thumb Code   538  stm32f1xx_hal_tim.o(.text.HAL_TIM_IRQHandler)
    HAL_TIM_OC_DelayElapsedCallback          0x08004a89   Thumb Code     8  stm32f1xx_hal_tim.o(.text.HAL_TIM_OC_DelayElapsedCallback)
    HAL_TIM_PWM_PulseFinishedCallback        0x08004a91   Thumb Code     8  stm32f1xx_hal_tim.o(.text.HAL_TIM_PWM_PulseFinishedCallback)
    HAL_TIM_PeriodElapsedCallback            0x08004a99   Thumb Code     8  stm32f1xx_hal_tim.o(.text.HAL_TIM_PeriodElapsedCallback)
    HAL_TIM_TriggerCallback                  0x08004aa1   Thumb Code     8  stm32f1xx_hal_tim.o(.text.HAL_TIM_TriggerCallback)
    HardFault_Handler                        0x08004aa9   Thumb Code     4  stm32f1xx_it.o(.text.HardFault_Handler)
    MX_ADC1_Init                             0x08004aad   Thumb Code   138  adc.o(.text.MX_ADC1_Init)
    MX_DMA_Init                              0x08004b39   Thumb Code    76  dma.o(.text.MX_DMA_Init)
    MX_GPIO_Init                             0x08004b85   Thumb Code   216  gpio.o(.text.MX_GPIO_Init)
    MX_SPI2_Init                             0x08004c5d   Thumb Code    78  spi.o(.text.MX_SPI2_Init)
    MX_TIM2_Init                             0x08004cad   Thumb Code   126  tim.o(.text.MX_TIM2_Init)
    MX_TIM3_Init                             0x08004d2d   Thumb Code   126  tim.o(.text.MX_TIM3_Init)
    MemManage_Handler                        0x08004dad   Thumb Code     4  stm32f1xx_it.o(.text.MemManage_Handler)
    NMI_Handler                              0x08004db1   Thumb Code     4  stm32f1xx_it.o(.text.NMI_Handler)
    PendSV_Handler                           0x08004e21   Thumb Code     2  stm32f1xx_it.o(.text.PendSV_Handler)
    SVC_Handler                              0x080050b1   Thumb Code     2  stm32f1xx_it.o(.text.SVC_Handler)
    SysTick_Handler                          0x08005109   Thumb Code     8  stm32f1xx_it.o(.text.SysTick_Handler)
    SystemClock_Config                       0x08005111   Thumb Code   144  main.o(.text.SystemClock_Config)
    SystemInit                               0x080051a1   Thumb Code     2  system_stm32f1xx.o(.text.SystemInit)
    TIM2_IRQHandler                          0x080051a5   Thumb Code    16  stm32f1xx_it.o(.text.TIM2_IRQHandler)
    TIM_Base_SetConfig                       0x080051b5   Thumb Code   262  stm32f1xx_hal_tim.o(.text.TIM_Base_SetConfig)
    TIM_ETR_SetConfig                        0x080052bd   Thumb Code    52  stm32f1xx_hal_tim.o(.text.TIM_ETR_SetConfig)
    UsageFault_Handler                       0x080053c1   Thumb Code     4  stm32f1xx_it.o(.text.UsageFault_Handler)
    W5500_Handle_init                        0x080053f1   Thumb Code    64  w5500.o(.text.W5500_Handle_init)
    W5500_HardReset                          0x08005431   Thumb Code    46  w5500.o(.text.W5500_HardReset)
    W5500_IsLinkUp                           0x08005461   Thumb Code    56  w5500.o(.text.W5500_IsLinkUp)
    W5500_NetConfigure                       0x08005499   Thumb Code   170  w5500.o(.text.W5500_NetConfigure)
    W5500_ReadPHYCFGR                        0x0800557d   Thumb Code    54  w5500.o(.text.W5500_ReadPHYCFGR)
    W5500_ReadReg                            0x080055b5   Thumb Code   150  w5500.o(.text.W5500_ReadReg)
    W5500_SoftReset                          0x08005665   Thumb Code    86  w5500.o(.text.W5500_SoftReset)
    W5500_Version                            0x080056d5   Thumb Code    72  w5500.o(.text.W5500_Version)
    W5500_WaitForLink                        0x0800571d   Thumb Code    88  w5500.o(.text.W5500_WaitForLink)
    W5500_WriteGAR                           0x080057ad   Thumb Code    24  w5500.o(.text.W5500_WriteGAR)
    W5500_WriteReg                           0x080057c5   Thumb Code   182  w5500.o(.text.W5500_WriteReg)
    W5500_WriteSHAR                          0x0800587d   Thumb Code    24  w5500.o(.text.W5500_WriteSHAR)
    W5500_WriteSIPR                          0x08005895   Thumb Code    24  w5500.o(.text.W5500_WriteSIPR)
    W5500_WriteSUBR                          0x080058ad   Thumb Code    24  w5500.o(.text.W5500_WriteSUBR)
    __ALCD_Delay_ms                          0x080058c5   Thumb Code    46  alcd.o(.text.__ALCD_Delay_ms)
    __ALCD_Delay_us                          0x080058f5   Thumb Code    46  alcd.o(.text.__ALCD_Delay_us)
    main                                     0x080059e5   Thumb Code   368  main.o(.text.main)
    _btod_d2e                                0x08005b55   Thumb Code    62  btod.o(CL$$btod_d2e)
    _d2e_denorm_low                          0x08005b93   Thumb Code    70  btod.o(CL$$btod_d2e_denorm_low)
    _d2e_norm_op1                            0x08005bd9   Thumb Code    96  btod.o(CL$$btod_d2e_norm_op1)
    __btod_div_common                        0x08005c39   Thumb Code   696  btod.o(CL$$btod_div_common)
    _e2e                                     0x08005f71   Thumb Code   220  btod.o(CL$$btod_e2e)
    _btod_ediv                               0x0800604d   Thumb Code    42  btod.o(CL$$btod_ediv)
    _btod_emul                               0x08006077   Thumb Code    42  btod.o(CL$$btod_emul)
    __btod_mult_common                       0x080060a1   Thumb Code   580  btod.o(CL$$btod_mult_common)
    __ARM_fpclassify                         0x080062e5   Thumb Code    40  fpclassify.o(i.__ARM_fpclassify)
    __mathlib_flt_divzero                    0x0800630d   Thumb Code    10  funder.o(i.__mathlib_flt_divzero)
    __mathlib_flt_infnan                     0x08006317   Thumb Code     6  funder.o(i.__mathlib_flt_infnan)
    __mathlib_flt_invalid                    0x0800631d   Thumb Code     8  funder.o(i.__mathlib_flt_invalid)
    _is_digit                                0x08006325   Thumb Code    14  __printf_wp.o(i._is_digit)
    __mathlib_logf                           0x08006335   Thumb Code     0  logf.o(i.logf)
    logf                                     0x08006335   Thumb Code   362  logf.o(i.logf)
    _get_lc_numeric                          0x080064c5   Thumb Code    44  lc_numeric_c.o(locale$$code)
    _get_lc_ctype                            0x080064f1   Thumb Code    44  lc_ctype_c.o(locale$$code)
    __aeabi_d2f                              0x0800651d   Thumb Code     0  d2f.o(x$fpl$d2f)
    _d2f                                     0x0800651d   Thumb Code    98  d2f.o(x$fpl$d2f)
    __aeabi_dadd                             0x08006581   Thumb Code     0  daddsub_clz.o(x$fpl$dadd)
    _dadd                                    0x08006581   Thumb Code   332  daddsub_clz.o(x$fpl$dadd)
    __aeabi_ddiv                             0x080066d1   Thumb Code     0  ddiv.o(x$fpl$ddiv)
    _ddiv                                    0x080066d1   Thumb Code   556  ddiv.o(x$fpl$ddiv)
    __aeabi_dmul                             0x08006985   Thumb Code     0  dmul.o(x$fpl$dmul)
    _dmul                                    0x08006985   Thumb Code   332  dmul.o(x$fpl$dmul)
    __fpl_dnaninf                            0x08006ad9   Thumb Code   156  dnaninf.o(x$fpl$dnaninf)
    __fpl_dretinf                            0x08006b75   Thumb Code    12  dretinf.o(x$fpl$dretinf)
    __aeabi_dsub                             0x08006b81   Thumb Code     0  daddsub_clz.o(x$fpl$dsub)
    _dsub                                    0x08006b81   Thumb Code   472  daddsub_clz.o(x$fpl$dsub)
    __aeabi_f2d                              0x08006d5d   Thumb Code     0  f2d.o(x$fpl$f2d)
    _f2d                                     0x08006d5d   Thumb Code    86  f2d.o(x$fpl$f2d)
    __aeabi_fadd                             0x08006db5   Thumb Code     0  faddsub_clz.o(x$fpl$fadd)
    _fadd                                    0x08006db5   Thumb Code   196  faddsub_clz.o(x$fpl$fadd)
    __fpl_fcheck_NaN1                        0x08006e79   Thumb Code     6  fcheck1.o(x$fpl$fcheck1)
    __aeabi_fcmpeq                           0x08006e85   Thumb Code     0  fcmp.o(x$fpl$fcmp)
    _feq                                     0x08006e85   Thumb Code    14  fcmp.o(x$fpl$fcmp)
    _fneq                                    0x08006e93   Thumb Code    14  fcmp.o(x$fpl$fcmp)
    __aeabi_fcmpgt                           0x08006ea1   Thumb Code     0  fcmp.o(x$fpl$fcmp)
    _fgr                                     0x08006ea1   Thumb Code    14  fcmp.o(x$fpl$fcmp)
    __aeabi_fcmpge                           0x08006eaf   Thumb Code     0  fcmp.o(x$fpl$fcmp)
    _fgeq                                    0x08006eaf   Thumb Code    14  fcmp.o(x$fpl$fcmp)
    __aeabi_fcmple                           0x08006ebd   Thumb Code     0  fcmp.o(x$fpl$fcmp)
    _fleq                                    0x08006ebd   Thumb Code    14  fcmp.o(x$fpl$fcmp)
    __aeabi_fcmplt                           0x08006ecb   Thumb Code     0  fcmp.o(x$fpl$fcmp)
    _fls                                     0x08006ecb   Thumb Code    14  fcmp.o(x$fpl$fcmp)
    __fpl_fcmp_Inf                           0x08006ed9   Thumb Code    24  fcmpi.o(x$fpl$fcmpinf)
    __aeabi_fdiv                             0x08006ef1   Thumb Code     0  fdiv.o(x$fpl$fdiv)
    _fdiv                                    0x08006ef1   Thumb Code   384  fdiv.o(x$fpl$fdiv)
    __aeabi_cfcmpeq                          0x08007075   Thumb Code     0  feqf.o(x$fpl$feqf)
    _fcmpeq                                  0x08007075   Thumb Code   104  feqf.o(x$fpl$feqf)
    __aeabi_i2f                              0x080070dd   Thumb Code     0  fflt_clz.o(x$fpl$fflt)
    _fflt                                    0x080070dd   Thumb Code    48  fflt_clz.o(x$fpl$fflt)
    __aeabi_ui2f                             0x0800710d   Thumb Code     0  fflt_clz.o(x$fpl$ffltu)
    _ffltu                                   0x0800710d   Thumb Code    38  fflt_clz.o(x$fpl$ffltu)
    _fcmpge                                  0x08007135   Thumb Code   104  fgeqf.o(x$fpl$fgeqf)
    __aeabi_cfcmple                          0x0800719d   Thumb Code     0  fleqf.o(x$fpl$fleqf)
    _fcmple                                  0x0800719d   Thumb Code   104  fleqf.o(x$fpl$fleqf)
    __fpl_fcmple_InfNaN                      0x080071ef   Thumb Code     0  fleqf.o(x$fpl$fleqf)
    __aeabi_fmul                             0x08007205   Thumb Code     0  fmul.o(x$fpl$fmul)
    _fmul                                    0x08007205   Thumb Code   258  fmul.o(x$fpl$fmul)
    __fpl_fnaninf                            0x08007307   Thumb Code   140  fnaninf.o(x$fpl$fnaninf)
    __fpl_fretinf                            0x08007393   Thumb Code    10  fretinf.o(x$fpl$fretinf)
    __aeabi_fsub                             0x0800739d   Thumb Code     0  faddsub_clz.o(x$fpl$fsub)
    _fsub                                    0x0800739d   Thumb Code   234  faddsub_clz.o(x$fpl$fsub)
    _printf_fp_dec                           0x08007487   Thumb Code     4  printf1.o(x$fpl$printf1)
    _printf_fp_hex                           0x0800748b   Thumb Code     4  printf2.o(x$fpl$printf2)
    __fpl_return_NaN                         0x0800748f   Thumb Code   100  retnan.o(x$fpl$retnan)
    __ARM_scalbnf                            0x080074f3   Thumb Code    76  scalbnf.o(x$fpl$scalbnf)
    __fpl_cmpreturn                          0x0800753f   Thumb Code    48  trapv.o(x$fpl$trapveneer)
    __I$use$fp                               0x0800756e   Number         0  usenofp.o(x$fpl$usenofp)
    AHBPrescTable                            0x080076c0   Data          16  system_stm32f1xx.o(.rodata.AHBPrescTable)
    Region$$Table$$Base                      0x080076f4   Number         0  anon$$obj.o(Region$$Table)
    Region$$Table$$Limit                     0x08007714   Number         0  anon$$obj.o(Region$$Table)
    __ctype                                  0x0800773d   Data           0  lc_ctype_c.o(locale$$data)
    SystemCoreClock                          0x20000000   Data           4  system_stm32f1xx.o(.data.SystemCoreClock)
    uwTickFreq                               0x20000004   Data           1  stm32f1xx_hal.o(.data.uwTickFreq)
    uwTickPrio                               0x20000008   Data           4  stm32f1xx_hal.o(.data.uwTickPrio)
    __libspace_start                         0x20000010   Data          96  libspace.o(.bss)
    NTC_avg                                  0x20000070   Data           4  main.o(.bss.NTC_avg)
    __temporary_stack_top$libspace           0x20000070   Data           0  libspace.o(.bss)
    NTC_avg2                                 0x20000074   Data           4  main.o(.bss.NTC_avg2)
    NTC_tmp                                  0x20000078   Data           4  main.o(.bss.NTC_tmp)
    NTC_tmp2                                 0x2000007c   Data           4  main.o(.bss.NTC_tmp2)
    dma_buff                                 0x20000084   Data         200  main.o(.bss.dma_buff)
    hadc1                                    0x2000014c   Data          48  adc.o(.bss.hadc1)
    hdma_adc1                                0x2000017c   Data          68  adc.o(.bss.hdma_adc1)
    hdma_spi2_rx                             0x200001c0   Data          68  spi.o(.bss.hdma_spi2_rx)
    hspi2                                    0x20000204   Data          88  spi.o(.bss.hspi2)
    htim2                                    0x2000025c   Data          72  tim.o(.bss.htim2)
    htim3                                    0x200002a4   Data          72  tim.o(.bss.htim3)
    lcdUpdateFlag                            0x200002ec   Data           1  main.o(.bss.lcdUpdateFlag)
    uwTick                                   0x200002f0   Data           4  stm32f1xx_hal.o(.bss.uwTick)



==============================================================================

Memory Map of the image

  Image Entry point : 0x080000ed

  Load Region LR_IROM1 (Base: 0x08000000, Size: 0x00007850, Max: 0x00010000, ABSOLUTE)

    Execution Region ER_IROM1 (Exec base: 0x08000000, Load base: 0x08000000, Size: 0x00007840, Max: 0x00010000, ABSOLUTE)

    Exec Addr    Load Addr    Size         Type   Attr      Idx    E Section Name        Object

    0x08000000   0x08000000   0x000000ec   Data   RO            3    RESET               startup_stm32f103xb.o
    0x080000ec   0x080000ec   0x00000008   Code   RO         1213  * !!!main             c_w.l(__main.o)
    0x080000f4   0x080000f4   0x0000005c   Code   RO         1638    !!!scatter          c_w.l(__scatter.o)
    0x08000150   0x08000150   0x0000001a   Code   RO         1642    !!handler_copy      c_w.l(__scatter_copy.o)
    0x0800016a   0x0800016a   0x00000002   PAD
    0x0800016c   0x0800016c   0x00000002   Code   RO         1639    !!handler_null      c_w.l(__scatter.o)
    0x0800016e   0x0800016e   0x00000002   PAD
    0x08000170   0x08000170   0x0000001c   Code   RO         1644    !!handler_zi        c_w.l(__scatter_zi.o)
    0x0800018c   0x0800018c   0x00000000   Code   RO         1340    .ARM.Collect$$_printf_percent$$00000000  c_w.l(_printf_percent.o)
    0x0800018c   0x0800018c   0x00000006   Code   RO         1329    .ARM.Collect$$_printf_percent$$00000001  c_w.l(_printf_n.o)
    0x08000192   0x08000192   0x00000006   Code   RO         1331    .ARM.Collect$$_printf_percent$$00000002  c_w.l(_printf_p.o)
    0x08000198   0x08000198   0x00000006   Code   RO         1336    .ARM.Collect$$_printf_percent$$00000003  c_w.l(_printf_f.o)
    0x0800019e   0x0800019e   0x00000006   Code   RO         1337    .ARM.Collect$$_printf_percent$$00000004  c_w.l(_printf_e.o)
    0x080001a4   0x080001a4   0x00000006   Code   RO         1338    .ARM.Collect$$_printf_percent$$00000005  c_w.l(_printf_g.o)
    0x080001aa   0x080001aa   0x00000006   Code   RO         1339    .ARM.Collect$$_printf_percent$$00000006  c_w.l(_printf_a.o)
    0x080001b0   0x080001b0   0x0000000a   Code   RO         1344    .ARM.Collect$$_printf_percent$$00000007  c_w.l(_printf_ll.o)
    0x080001ba   0x080001ba   0x00000006   Code   RO         1333    .ARM.Collect$$_printf_percent$$00000008  c_w.l(_printf_i.o)
    0x080001c0   0x080001c0   0x00000006   Code   RO         1334    .ARM.Collect$$_printf_percent$$00000009  c_w.l(_printf_d.o)
    0x080001c6   0x080001c6   0x00000006   Code   RO         1335    .ARM.Collect$$_printf_percent$$0000000A  c_w.l(_printf_u.o)
    0x080001cc   0x080001cc   0x00000006   Code   RO         1332    .ARM.Collect$$_printf_percent$$0000000B  c_w.l(_printf_o.o)
    0x080001d2   0x080001d2   0x00000006   Code   RO         1330    .ARM.Collect$$_printf_percent$$0000000C  c_w.l(_printf_x.o)
    0x080001d8   0x080001d8   0x00000006   Code   RO         1341    .ARM.Collect$$_printf_percent$$0000000D  c_w.l(_printf_lli.o)
    0x080001de   0x080001de   0x00000006   Code   RO         1342    .ARM.Collect$$_printf_percent$$0000000E  c_w.l(_printf_lld.o)
    0x080001e4   0x080001e4   0x00000006   Code   RO         1343    .ARM.Collect$$_printf_percent$$0000000F  c_w.l(_printf_llu.o)
    0x080001ea   0x080001ea   0x00000006   Code   RO         1348    .ARM.Collect$$_printf_percent$$00000010  c_w.l(_printf_llo.o)
    0x080001f0   0x080001f0   0x00000006   Code   RO         1349    .ARM.Collect$$_printf_percent$$00000011  c_w.l(_printf_llx.o)
    0x080001f6   0x080001f6   0x0000000a   Code   RO         1345    .ARM.Collect$$_printf_percent$$00000012  c_w.l(_printf_l.o)
    0x08000200   0x08000200   0x00000006   Code   RO         1327    .ARM.Collect$$_printf_percent$$00000013  c_w.l(_printf_c.o)
    0x08000206   0x08000206   0x00000006   Code   RO         1328    .ARM.Collect$$_printf_percent$$00000014  c_w.l(_printf_s.o)
    0x0800020c   0x0800020c   0x00000006   Code   RO         1346    .ARM.Collect$$_printf_percent$$00000015  c_w.l(_printf_lc.o)
    0x08000212   0x08000212   0x00000006   Code   RO         1347    .ARM.Collect$$_printf_percent$$00000016  c_w.l(_printf_ls.o)
    0x08000218   0x08000218   0x00000004   Code   RO         1428    .ARM.Collect$$_printf_percent$$00000017  c_w.l(_printf_percent_end.o)
    0x0800021c   0x0800021c   0x00000002   Code   RO         1486    .ARM.Collect$$libinit$$00000000  c_w.l(libinit.o)
    0x0800021e   0x0800021e   0x00000000   Code   RO         1503    .ARM.Collect$$libinit$$00000002  c_w.l(libinit2.o)
    0x0800021e   0x0800021e   0x00000000   Code   RO         1505    .ARM.Collect$$libinit$$00000004  c_w.l(libinit2.o)
    0x0800021e   0x0800021e   0x00000000   Code   RO         1507    .ARM.Collect$$libinit$$00000006  c_w.l(libinit2.o)
    0x0800021e   0x0800021e   0x00000000   Code   RO         1510    .ARM.Collect$$libinit$$0000000C  c_w.l(libinit2.o)
    0x0800021e   0x0800021e   0x00000000   Code   RO         1512    .ARM.Collect$$libinit$$0000000E  c_w.l(libinit2.o)
    0x0800021e   0x0800021e   0x00000000   Code   RO         1514    .ARM.Collect$$libinit$$00000010  c_w.l(libinit2.o)
    0x0800021e   0x0800021e   0x00000006   Code   RO         1515    .ARM.Collect$$libinit$$00000011  c_w.l(libinit2.o)
    0x08000224   0x08000224   0x00000000   Code   RO         1517    .ARM.Collect$$libinit$$00000013  c_w.l(libinit2.o)
    0x08000224   0x08000224   0x0000000c   Code   RO         1518    .ARM.Collect$$libinit$$00000014  c_w.l(libinit2.o)
    0x08000230   0x08000230   0x00000000   Code   RO         1519    .ARM.Collect$$libinit$$00000015  c_w.l(libinit2.o)
    0x08000230   0x08000230   0x00000000   Code   RO         1521    .ARM.Collect$$libinit$$00000017  c_w.l(libinit2.o)
    0x08000230   0x08000230   0x0000000a   Code   RO         1522    .ARM.Collect$$libinit$$00000018  c_w.l(libinit2.o)
    0x0800023a   0x0800023a   0x00000000   Code   RO         1523    .ARM.Collect$$libinit$$00000019  c_w.l(libinit2.o)
    0x0800023a   0x0800023a   0x00000000   Code   RO         1525    .ARM.Collect$$libinit$$0000001B  c_w.l(libinit2.o)
    0x0800023a   0x0800023a   0x00000000   Code   RO         1527    .ARM.Collect$$libinit$$0000001D  c_w.l(libinit2.o)
    0x0800023a   0x0800023a   0x00000000   Code   RO         1529    .ARM.Collect$$libinit$$0000001F  c_w.l(libinit2.o)
    0x0800023a   0x0800023a   0x00000000   Code   RO         1531    .ARM.Collect$$libinit$$00000021  c_w.l(libinit2.o)
    0x0800023a   0x0800023a   0x00000000   Code   RO         1533    .ARM.Collect$$libinit$$00000023  c_w.l(libinit2.o)
    0x0800023a   0x0800023a   0x00000000   Code   RO         1535    .ARM.Collect$$libinit$$00000025  c_w.l(libinit2.o)
    0x0800023a   0x0800023a   0x00000000   Code   RO         1537    .ARM.Collect$$libinit$$00000027  c_w.l(libinit2.o)
    0x0800023a   0x0800023a   0x00000000   Code   RO         1541    .ARM.Collect$$libinit$$0000002E  c_w.l(libinit2.o)
    0x0800023a   0x0800023a   0x00000000   Code   RO         1543    .ARM.Collect$$libinit$$00000030  c_w.l(libinit2.o)
    0x0800023a   0x0800023a   0x00000000   Code   RO         1545    .ARM.Collect$$libinit$$00000032  c_w.l(libinit2.o)
    0x0800023a   0x0800023a   0x00000000   Code   RO         1547    .ARM.Collect$$libinit$$00000034  c_w.l(libinit2.o)
    0x0800023a   0x0800023a   0x00000002   Code   RO         1548    .ARM.Collect$$libinit$$00000035  c_w.l(libinit2.o)
    0x0800023c   0x0800023c   0x00000002   Code   RO         1574    .ARM.Collect$$libshutdown$$00000000  c_w.l(libshutdown.o)
    0x0800023e   0x0800023e   0x00000000   Code   RO         1589    .ARM.Collect$$libshutdown$$00000002  c_w.l(libshutdown2.o)
    0x0800023e   0x0800023e   0x00000000   Code   RO         1591    .ARM.Collect$$libshutdown$$00000004  c_w.l(libshutdown2.o)
    0x0800023e   0x0800023e   0x00000000   Code   RO         1594    .ARM.Collect$$libshutdown$$00000007  c_w.l(libshutdown2.o)
    0x0800023e   0x0800023e   0x00000000   Code   RO         1597    .ARM.Collect$$libshutdown$$0000000A  c_w.l(libshutdown2.o)
    0x0800023e   0x0800023e   0x00000000   Code   RO         1599    .ARM.Collect$$libshutdown$$0000000C  c_w.l(libshutdown2.o)
    0x0800023e   0x0800023e   0x00000000   Code   RO         1602    .ARM.Collect$$libshutdown$$0000000F  c_w.l(libshutdown2.o)
    0x0800023e   0x0800023e   0x00000002   Code   RO         1603    .ARM.Collect$$libshutdown$$00000010  c_w.l(libshutdown2.o)
    0x08000240   0x08000240   0x00000000   Code   RO         1256    .ARM.Collect$$rtentry$$00000000  c_w.l(__rtentry.o)
    0x08000240   0x08000240   0x00000000   Code   RO         1392    .ARM.Collect$$rtentry$$00000002  c_w.l(__rtentry2.o)
    0x08000240   0x08000240   0x00000006   Code   RO         1404    .ARM.Collect$$rtentry$$00000004  c_w.l(__rtentry4.o)
    0x08000246   0x08000246   0x00000000   Code   RO         1394    .ARM.Collect$$rtentry$$00000009  c_w.l(__rtentry2.o)
    0x08000246   0x08000246   0x00000004   Code   RO         1395    .ARM.Collect$$rtentry$$0000000A  c_w.l(__rtentry2.o)
    0x0800024a   0x0800024a   0x00000000   Code   RO         1397    .ARM.Collect$$rtentry$$0000000C  c_w.l(__rtentry2.o)
    0x0800024a   0x0800024a   0x00000008   Code   RO         1398    .ARM.Collect$$rtentry$$0000000D  c_w.l(__rtentry2.o)
    0x08000252   0x08000252   0x00000002   Code   RO         1493    .ARM.Collect$$rtexit$$00000000  c_w.l(rtexit.o)
    0x08000254   0x08000254   0x00000000   Code   RO         1552    .ARM.Collect$$rtexit$$00000002  c_w.l(rtexit2.o)
    0x08000254   0x08000254   0x00000004   Code   RO         1553    .ARM.Collect$$rtexit$$00000003  c_w.l(rtexit2.o)
    0x08000258   0x08000258   0x00000006   Code   RO         1554    .ARM.Collect$$rtexit$$00000004  c_w.l(rtexit2.o)
    0x0800025e   0x0800025e   0x00000002   PAD
    0x08000260   0x08000260   0x00000040   Code   RO            4    .text               startup_stm32f103xb.o
    0x080002a0   0x080002a0   0x00000040   Code   RO         1203    .text               c_w.l(snprintf.o)
    0x080002e0   0x080002e0   0x0000008a   Code   RO         1207    .text               c_w.l(rt_memcpy_v6.o)
    0x0800036a   0x0800036a   0x0000004e   Code   RO         1209    .text               c_w.l(rt_memclr_w.o)
    0x080003b8   0x080003b8   0x00000006   Code   RO         1211    .text               c_w.l(heapauxi.o)
    0x080003be   0x080003be   0x00000016   Code   RO         1257    .text               c_w.l(_rserrno.o)
    0x080003d4   0x080003d4   0x0000004e   Code   RO         1261    .text               c_w.l(_printf_pad.o)
    0x08000422   0x08000422   0x00000024   Code   RO         1263    .text               c_w.l(_printf_truncate.o)
    0x08000446   0x08000446   0x00000052   Code   RO         1265    .text               c_w.l(_printf_str.o)
    0x08000498   0x08000498   0x00000078   Code   RO         1267    .text               c_w.l(_printf_dec.o)
    0x08000510   0x08000510   0x00000028   Code   RO         1269    .text               c_w.l(_printf_charcount.o)
    0x08000538   0x08000538   0x00000030   Code   RO         1271    .text               c_w.l(_printf_char_common.o)
    0x08000568   0x08000568   0x00000010   Code   RO         1273    .text               c_w.l(_snputc.o)
    0x08000578   0x08000578   0x000000bc   Code   RO         1275    .text               c_w.l(_printf_wctomb.o)
    0x08000634   0x08000634   0x0000007c   Code   RO         1278    .text               c_w.l(_printf_longlong_dec.o)
    0x080006b0   0x080006b0   0x00000070   Code   RO         1284    .text               c_w.l(_printf_oct_int_ll.o)
    0x08000720   0x08000720   0x00000094   Code   RO         1304    .text               c_w.l(_printf_hex_int_ll_ptr.o)
    0x080007b4   0x080007b4   0x00000188   Code   RO         1324    .text               c_w.l(__printf_flags_ss_wp.o)
    0x0800093c   0x0800093c   0x00000064   Code   RO         1350    .text               c_w.l(rt_memcpy_w.o)
    0x080009a0   0x080009a0   0x00000008   Code   RO         1409    .text               c_w.l(rt_errno_addr_intlibspace.o)
    0x080009a8   0x080009a8   0x0000008a   Code   RO         1411    .text               c_w.l(lludiv10.o)
    0x08000a32   0x08000a32   0x000000b2   Code   RO         1413    .text               c_w.l(_printf_intcommon.o)
    0x08000ae4   0x08000ae4   0x0000041c   Code   RO         1415    .text               c_w.l(_printf_fp_dec.o)
    0x08000f00   0x08000f00   0x000002fc   Code   RO         1419    .text               c_w.l(_printf_fp_hex.o)
    0x080011fc   0x080011fc   0x0000002c   Code   RO         1424    .text               c_w.l(_printf_char.o)
    0x08001228   0x08001228   0x0000002c   Code   RO         1426    .text               c_w.l(_printf_wchar.o)
    0x08001254   0x08001254   0x00000048   Code   RO         1429    .text               c_w.l(_c16rtomb.o)
    0x0800129c   0x0800129c   0x00000008   Code   RO         1435    .text               c_w.l(libspace.o)
    0x080012a4   0x080012a4   0x0000004a   Code   RO         1438    .text               c_w.l(sys_stackheap_outer.o)
    0x080012ee   0x080012ee   0x00000002   PAD
    0x080012f0   0x080012f0   0x00000010   Code   RO         1440    .text               c_w.l(rt_ctype_table.o)
    0x08001300   0x08001300   0x00000008   Code   RO         1445    .text               c_w.l(rt_locale_intlibspace.o)
    0x08001308   0x08001308   0x00000080   Code   RO         1447    .text               c_w.l(_printf_fp_infnan.o)
    0x08001388   0x08001388   0x000000e4   Code   RO         1449    .text               c_w.l(bigflt0.o)
    0x0800146c   0x0800146c   0x00000012   Code   RO         1479    .text               c_w.l(exit.o)
    0x0800147e   0x0800147e   0x00000002   PAD
    0x08001480   0x08001480   0x00000080   Code   RO         1500    .text               c_w.l(strcmpv7m.o)
    0x08001500   0x08001500   0x0000000c   Code   RO         1564    .text               c_w.l(sys_exit.o)
    0x0800150c   0x0800150c   0x00000002   Code   RO         1579    .text               c_w.l(use_no_semi.o)
    0x0800150e   0x0800150e   0x00000000   Code   RO         1581    .text               c_w.l(indicate_semi.o)
    0x0800150e   0x0800150e   0x00000002   PAD
    0x08001510   0x08001510   0x00000082   Code   RO          267    .text.ADC_ConversionStop_Disable  stm32f1xx_hal_adc.o
    0x08001592   0x08001592   0x00000002   PAD
    0x08001594   0x08001594   0x00000078   Code   RO          289    .text.ADC_DMAConvCplt  stm32f1xx_hal_adc.o
    0x0800160c   0x0800160c   0x0000002a   Code   RO          293    .text.ADC_DMAError  stm32f1xx_hal_adc.o
    0x08001636   0x08001636   0x00000002   PAD
    0x08001638   0x08001638   0x00000016   Code   RO          291    .text.ADC_DMAHalfConvCplt  stm32f1xx_hal_adc.o
    0x0800164e   0x0800164e   0x00000002   PAD
    0x08001650   0x08001650   0x000000bc   Code   RO          275    .text.ADC_Enable    stm32f1xx_hal_adc.o
    0x0800170c   0x0800170c   0x00000010   Code   RO           23    .text.ALCD_clear    alcd.o
    0x0800171c   0x0800171c   0x0000008c   Code   RO           27    .text.ALCD_goto     alcd.o
    0x080017a8   0x080017a8   0x00000092   Code   RO           11    .text.ALCD_init     alcd.o
    0x0800183a   0x0800183a   0x00000002   PAD
    0x0800183c   0x0800183c   0x0000008e   Code   RO           13    .text.ALCD_initPins  alcd.o
    0x080018ca   0x080018ca   0x00000002   PAD
    0x080018cc   0x080018cc   0x00000070   Code   RO           25    .text.ALCD_putChar  alcd.o
    0x0800193c   0x0800193c   0x00000022   Code   RO           29    .text.ALCD_puts     alcd.o
    0x0800195e   0x0800195e   0x00000002   PAD
    0x08001960   0x08001960   0x00000034   Code   RO           43    .text.ALCD_trigger  alcd.o
    0x08001994   0x08001994   0x000000cc   Code   RO           21    .text.ALCD_write    alcd.o
    0x08001a60   0x08001a60   0x00000078   Code   RO           17    .text.ALCD_write4Bit  alcd.o
    0x08001ad8   0x08001ad8   0x00000004   Code   RO          217    .text.BusFault_Handler  stm32f1xx_it.o
    0x08001adc   0x08001adc   0x00000010   Code   RO          229    .text.DMA1_Channel1_IRQHandler  stm32f1xx_it.o
    0x08001aec   0x08001aec   0x00000010   Code   RO          231    .text.DMA1_Channel4_IRQHandler  stm32f1xx_it.o
    0x08001afc   0x08001afc   0x00000050   Code   RO          500    .text.DMA_SetConfig  stm32f1xx_hal_dma.o
    0x08001b4c   0x08001b4c   0x00000002   Code   RO          223    .text.DebugMon_Handler  stm32f1xx_it.o
    0x08001b4e   0x08001b4e   0x00000002   PAD
    0x08001b50   0x08001b50   0x0000000e   Code   RO          124    .text.Error_Handler  main.o
    0x08001b5e   0x08001b5e   0x00000002   PAD
    0x08001b60   0x08001b60   0x000001b4   Code   RO          309    .text.HAL_ADC_ConfigChannel  stm32f1xx_hal_adc.o
    0x08001d14   0x08001d14   0x0000024e   Code   RO          126    .text.HAL_ADC_ConvCpltCallback  main.o
    0x08001f62   0x08001f62   0x00000002   PAD
    0x08001f64   0x08001f64   0x00000008   Code   RO          305    .text.HAL_ADC_ConvHalfCpltCallback  stm32f1xx_hal_adc.o
    0x08001f6c   0x08001f6c   0x00000008   Code   RO          307    .text.HAL_ADC_ErrorCallback  stm32f1xx_hal_adc.o
    0x08001f74   0x08001f74   0x00000212   Code   RO          263    .text.HAL_ADC_Init  stm32f1xx_hal_adc.o
    0x08002186   0x08002186   0x00000002   PAD
    0x08002188   0x08002188   0x000000ca   Code   RO          154    .text.HAL_ADC_MspInit  adc.o
    0x08002252   0x08002252   0x00000002   PAD
    0x08002254   0x08002254   0x00000226   Code   RO          287    .text.HAL_ADC_Start_DMA  stm32f1xx_hal_adc.o
    0x0800247a   0x0800247a   0x00000002   PAD
    0x0800247c   0x0800247c   0x00000286   Code   RO          510    .text.HAL_DMA_IRQHandler  stm32f1xx_hal_dma.o
    0x08002702   0x08002702   0x00000002   PAD
    0x08002704   0x08002704   0x000000ae   Code   RO          494    .text.HAL_DMA_Init  stm32f1xx_hal_dma.o
    0x080027b2   0x080027b2   0x00000002   PAD
    0x080027b4   0x080027b4   0x000000ca   Code   RO          502    .text.HAL_DMA_Start_IT  stm32f1xx_hal_dma.o
    0x0800287e   0x0800287e   0x00000002   PAD
    0x08002880   0x08002880   0x00000042   Code   RO          377    .text.HAL_Delay     stm32f1xx_hal.o
    0x080028c2   0x080028c2   0x00000002   PAD
    0x080028c4   0x080028c4   0x0000031e   Code   RO          471    .text.HAL_GPIO_Init  stm32f1xx_hal_gpio.o
    0x08002be2   0x08002be2   0x00000002   PAD
    0x08002be4   0x08002be4   0x0000002e   Code   RO          477    .text.HAL_GPIO_WritePin  stm32f1xx_hal_gpio.o
    0x08002c12   0x08002c12   0x00000002   PAD
    0x08002c14   0x08002c14   0x0000000c   Code   RO          369    .text.HAL_GetTick   stm32f1xx_hal.o
    0x08002c20   0x08002c20   0x0000001a   Code   RO          367    .text.HAL_IncTick   stm32f1xx_hal.o
    0x08002c3a   0x08002c3a   0x00000002   PAD
    0x08002c3c   0x08002c3c   0x00000026   Code   RO          357    .text.HAL_Init      stm32f1xx_hal.o
    0x08002c62   0x08002c62   0x00000002   PAD
    0x08002c64   0x08002c64   0x00000070   Code   RO          359    .text.HAL_InitTick  stm32f1xx_hal.o
    0x08002cd4   0x08002cd4   0x00000064   Code   RO          242    .text.HAL_MspInit   stm32f1xx_hal_msp.o
    0x08002d38   0x08002d38   0x00000014   Code   RO          539    .text.HAL_NVIC_EnableIRQ  stm32f1xx_hal_cortex.o
    0x08002d4c   0x08002d4c   0x00000032   Code   RO          531    .text.HAL_NVIC_SetPriority  stm32f1xx_hal_cortex.o
    0x08002d7e   0x08002d7e   0x00000002   PAD
    0x08002d80   0x08002d80   0x00000010   Code   RO          527    .text.HAL_NVIC_SetPriorityGrouping  stm32f1xx_hal_cortex.o
    0x08002d90   0x08002d90   0x000001c8   Code   RO          456    .text.HAL_RCCEx_PeriphCLKConfig  stm32f1xx_hal_rcc_ex.o
    0x08002f58   0x08002f58   0x00000256   Code   RO          423    .text.HAL_RCC_ClockConfig  stm32f1xx_hal_rcc.o
    0x080031ae   0x080031ae   0x00000002   PAD
    0x080031b0   0x080031b0   0x000000bc   Code   RO          425    .text.HAL_RCC_GetSysClockFreq  stm32f1xx_hal_rcc.o
    0x0800326c   0x0800326c   0x0000067a   Code   RO          419    .text.HAL_RCC_OscConfig  stm32f1xx_hal_rcc.o
    0x080038e6   0x080038e6   0x00000002   PAD
    0x080038e8   0x080038e8   0x000000f8   Code   RO          735    .text.HAL_SPI_Init  stm32f1xx_hal_spi.o
    0x080039e0   0x080039e0   0x000000e2   Code   RO          177    .text.HAL_SPI_MspInit  spi.o
    0x08003ac2   0x08003ac2   0x00000002   PAD
    0x08003ac4   0x08003ac4   0x0000024e   Code   RO          747    .text.HAL_SPI_Receive  stm32f1xx_hal_spi.o
    0x08003d12   0x08003d12   0x00000002   PAD
    0x08003d14   0x08003d14   0x000002a2   Code   RO          743    .text.HAL_SPI_Transmit  stm32f1xx_hal_spi.o
    0x08003fb6   0x08003fb6   0x00000002   PAD
    0x08003fb8   0x08003fb8   0x000003a2   Code   RO          749    .text.HAL_SPI_TransmitReceive  stm32f1xx_hal_spi.o
    0x0800435a   0x0800435a   0x00000002   PAD
    0x0800435c   0x0800435c   0x00000010   Code   RO          551    .text.HAL_SYSTICK_Config  stm32f1xx_hal_cortex.o
    0x0800436c   0x0800436c   0x00000008   Code   RO         1175    .text.HAL_TIMEx_BreakCallback  stm32f1xx_hal_tim_ex.o
    0x08004374   0x08004374   0x00000008   Code   RO         1171    .text.HAL_TIMEx_CommutCallback  stm32f1xx_hal_tim_ex.o
    0x0800437c   0x0800437c   0x000000dc   Code   RO         1165    .text.HAL_TIMEx_MasterConfigSynchronization  stm32f1xx_hal_tim_ex.o
    0x08004458   0x08004458   0x0000009c   Code   RO          852    .text.HAL_TIM_Base_Init  stm32f1xx_hal_tim.o
    0x080044f4   0x080044f4   0x00000048   Code   RO          194    .text.HAL_TIM_Base_MspInit  tim.o
    0x0800453c   0x0800453c   0x00000184   Code   RO         1044    .text.HAL_TIM_ConfigClockSource  stm32f1xx_hal_tim.o
    0x080046c0   0x080046c0   0x00000128   Code   RO          966    .text.HAL_TIM_Encoder_Init  stm32f1xx_hal_tim.o
    0x080047e8   0x080047e8   0x0000007c   Code   RO          196    .text.HAL_TIM_Encoder_MspInit  tim.o
    0x08004864   0x08004864   0x00000008   Code   RO          988    .text.HAL_TIM_IC_CaptureCallback  stm32f1xx_hal_tim.o
    0x0800486c   0x0800486c   0x0000021a   Code   RO          986    .text.HAL_TIM_IRQHandler  stm32f1xx_hal_tim.o
    0x08004a86   0x08004a86   0x00000002   PAD
    0x08004a88   0x08004a88   0x00000008   Code   RO          990    .text.HAL_TIM_OC_DelayElapsedCallback  stm32f1xx_hal_tim.o
    0x08004a90   0x08004a90   0x00000008   Code   RO          992    .text.HAL_TIM_PWM_PulseFinishedCallback  stm32f1xx_hal_tim.o
    0x08004a98   0x08004a98   0x00000008   Code   RO          994    .text.HAL_TIM_PeriodElapsedCallback  stm32f1xx_hal_tim.o
    0x08004aa0   0x08004aa0   0x00000008   Code   RO          996    .text.HAL_TIM_TriggerCallback  stm32f1xx_hal_tim.o
    0x08004aa8   0x08004aa8   0x00000004   Code   RO          213    .text.HardFault_Handler  stm32f1xx_it.o
    0x08004aac   0x08004aac   0x0000008a   Code   RO          152    .text.MX_ADC1_Init  adc.o
    0x08004b36   0x08004b36   0x00000002   PAD
    0x08004b38   0x08004b38   0x0000004c   Code   RO          167    .text.MX_DMA_Init   dma.o
    0x08004b84   0x08004b84   0x000000d8   Code   RO          144    .text.MX_GPIO_Init  gpio.o
    0x08004c5c   0x08004c5c   0x0000004e   Code   RO          175    .text.MX_SPI2_Init  spi.o
    0x08004caa   0x08004caa   0x00000002   PAD
    0x08004cac   0x08004cac   0x0000007e   Code   RO          190    .text.MX_TIM2_Init  tim.o
    0x08004d2a   0x08004d2a   0x00000002   PAD
    0x08004d2c   0x08004d2c   0x0000007e   Code   RO          192    .text.MX_TIM3_Init  tim.o
    0x08004daa   0x08004daa   0x00000002   PAD
    0x08004dac   0x08004dac   0x00000004   Code   RO          215    .text.MemManage_Handler  stm32f1xx_it.o
    0x08004db0   0x08004db0   0x00000004   Code   RO          211    .text.NMI_Handler   stm32f1xx_it.o
    0x08004db4   0x08004db4   0x0000006c   Code   RO          537    .text.NVIC_EncodePriority  stm32f1xx_hal_cortex.o
    0x08004e20   0x08004e20   0x00000002   Code   RO          225    .text.PendSV_Handler  stm32f1xx_it.o
    0x08004e22   0x08004e22   0x00000002   PAD
    0x08004e24   0x08004e24   0x0000003a   Code   RO          421    .text.RCC_Delay     stm32f1xx_hal_rcc.o
    0x08004e5e   0x08004e5e   0x00000002   PAD
    0x08004e60   0x08004e60   0x000000b8   Code   RO          751    .text.SPI_EndRxTransaction  stm32f1xx_hal_spi.o
    0x08004f18   0x08004f18   0x0000006a   Code   RO          745    .text.SPI_EndRxTxTransaction  stm32f1xx_hal_spi.o
    0x08004f82   0x08004f82   0x00000002   PAD
    0x08004f84   0x08004f84   0x0000012a   Code   RO          843    .text.SPI_WaitFlagStateUntilTimeout  stm32f1xx_hal_spi.o
    0x080050ae   0x080050ae   0x00000002   PAD
    0x080050b0   0x080050b0   0x00000002   Code   RO          221    .text.SVC_Handler   stm32f1xx_it.o
    0x080050b2   0x080050b2   0x00000002   PAD
    0x080050b4   0x080050b4   0x00000052   Code   RO          553    .text.SysTick_Config  stm32f1xx_hal_cortex.o
    0x08005106   0x08005106   0x00000002   PAD
    0x08005108   0x08005108   0x00000008   Code   RO          227    .text.SysTick_Handler  stm32f1xx_it.o
    0x08005110   0x08005110   0x00000090   Code   RO          122    .text.SystemClock_Config  main.o
    0x080051a0   0x080051a0   0x00000002   Code   RO         1188    .text.SystemInit    system_stm32f1xx.o
    0x080051a2   0x080051a2   0x00000002   PAD
    0x080051a4   0x080051a4   0x00000010   Code   RO          233    .text.TIM2_IRQHandler  stm32f1xx_it.o
    0x080051b4   0x080051b4   0x00000106   Code   RO          856    .text.TIM_Base_SetConfig  stm32f1xx_hal_tim.o
    0x080052ba   0x080052ba   0x00000002   PAD
    0x080052bc   0x080052bc   0x00000034   Code   RO         1042    .text.TIM_ETR_SetConfig  stm32f1xx_hal_tim.o
    0x080052f0   0x080052f0   0x0000002a   Code   RO         1048    .text.TIM_ITRx_SetConfig  stm32f1xx_hal_tim.o
    0x0800531a   0x0800531a   0x00000002   PAD
    0x0800531c   0x0800531c   0x00000050   Code   RO         1046    .text.TIM_TI1_ConfigInputStage  stm32f1xx_hal_tim.o
    0x0800536c   0x0800536c   0x00000052   Code   RO         1050    .text.TIM_TI2_ConfigInputStage  stm32f1xx_hal_tim.o
    0x080053be   0x080053be   0x00000002   PAD
    0x080053c0   0x080053c0   0x00000004   Code   RO          219    .text.UsageFault_Handler  stm32f1xx_it.o
    0x080053c4   0x080053c4   0x0000002c   Code   RO           61    .text.W5500_ControlByte  w5500.o
    0x080053f0   0x080053f0   0x00000040   Code   RO           55    .text.W5500_Handle_init  w5500.o
    0x08005430   0x08005430   0x0000002e   Code   RO           57    .text.W5500_HardReset  w5500.o
    0x0800545e   0x0800545e   0x00000002   PAD
    0x08005460   0x08005460   0x00000038   Code   RO          101    .text.W5500_IsLinkUp  w5500.o
    0x08005498   0x08005498   0x000000aa   Code   RO           83    .text.W5500_NetConfigure  w5500.o
    0x08005542   0x08005542   0x00000002   PAD
    0x08005544   0x08005544   0x00000036   Code   RO           97    .text.W5500_ReadCommonRegBlock  w5500.o
    0x0800557a   0x0800557a   0x00000002   PAD
    0x0800557c   0x0800557c   0x00000036   Code   RO           95    .text.W5500_ReadPHYCFGR  w5500.o
    0x080055b2   0x080055b2   0x00000002   PAD
    0x080055b4   0x080055b4   0x00000096   Code   RO           67    .text.W5500_ReadReg  w5500.o
    0x0800564a   0x0800564a   0x00000002   PAD
    0x0800564c   0x0800564c   0x00000016   Code   RO           63    .text.W5500_Select  w5500.o
    0x08005662   0x08005662   0x00000002   PAD
    0x08005664   0x08005664   0x00000056   Code   RO           69    .text.W5500_SoftReset  w5500.o
    0x080056ba   0x080056ba   0x00000002   PAD
    0x080056bc   0x080056bc   0x00000016   Code   RO           65    .text.W5500_Unselect  w5500.o
    0x080056d2   0x080056d2   0x00000002   PAD
    0x080056d4   0x080056d4   0x00000048   Code   RO           71    .text.W5500_Version  w5500.o
    0x0800571c   0x0800571c   0x00000058   Code   RO          103    .text.W5500_WaitForLink  w5500.o
    0x08005774   0x08005774   0x00000036   Code   RO           75    .text.W5500_WriteCommonRegBlock  w5500.o
    0x080057aa   0x080057aa   0x00000002   PAD
    0x080057ac   0x080057ac   0x00000018   Code   RO           73    .text.W5500_WriteGAR  w5500.o
    0x080057c4   0x080057c4   0x000000b6   Code   RO           59    .text.W5500_WriteReg  w5500.o
    0x0800587a   0x0800587a   0x00000002   PAD
    0x0800587c   0x0800587c   0x00000018   Code   RO           79    .text.W5500_WriteSHAR  w5500.o
    0x08005894   0x08005894   0x00000018   Code   RO           81    .text.W5500_WriteSIPR  w5500.o
    0x080058ac   0x080058ac   0x00000018   Code   RO           77    .text.W5500_WriteSUBR  w5500.o
    0x080058c4   0x080058c4   0x0000002e   Code   RO           15    .text.__ALCD_Delay_ms  alcd.o
    0x080058f2   0x080058f2   0x00000002   PAD
    0x080058f4   0x080058f4   0x0000002e   Code   RO           19    .text.__ALCD_Delay_us  alcd.o
    0x08005922   0x08005922   0x00000002   PAD
    0x08005924   0x08005924   0x00000030   Code   RO          541    .text.__NVIC_EnableIRQ  stm32f1xx_hal_cortex.o
    0x08005954   0x08005954   0x00000010   Code   RO          533    .text.__NVIC_GetPriorityGrouping  stm32f1xx_hal_cortex.o
    0x08005964   0x08005964   0x00000042   Code   RO          535    .text.__NVIC_SetPriority  stm32f1xx_hal_cortex.o
    0x080059a6   0x080059a6   0x00000002   PAD
    0x080059a8   0x080059a8   0x0000003c   Code   RO          529    .text.__NVIC_SetPriorityGrouping  stm32f1xx_hal_cortex.o
    0x080059e4   0x080059e4   0x00000170   Code   RO          120    .text.main          main.o
    0x08005b54   0x08005b54   0x0000003e   Code   RO         1452    CL$$btod_d2e        c_w.l(btod.o)
    0x08005b92   0x08005b92   0x00000046   Code   RO         1454    CL$$btod_d2e_denorm_low  c_w.l(btod.o)
    0x08005bd8   0x08005bd8   0x00000060   Code   RO         1453    CL$$btod_d2e_norm_op1  c_w.l(btod.o)
    0x08005c38   0x08005c38   0x00000338   Code   RO         1462    CL$$btod_div_common  c_w.l(btod.o)
    0x08005f70   0x08005f70   0x000000dc   Code   RO         1459    CL$$btod_e2e        c_w.l(btod.o)
    0x0800604c   0x0800604c   0x0000002a   Code   RO         1456    CL$$btod_ediv       c_w.l(btod.o)
    0x08006076   0x08006076   0x0000002a   Code   RO         1455    CL$$btod_emul       c_w.l(btod.o)
    0x080060a0   0x080060a0   0x00000244   Code   RO         1461    CL$$btod_mult_common  c_w.l(btod.o)
    0x080062e4   0x080062e4   0x00000028   Code   RO         1491    i.__ARM_fpclassify  m_ws.l(fpclassify.o)
    0x0800630c   0x0800630c   0x0000000a   Code   RO         1377    i.__mathlib_flt_divzero  m_ws.l(funder.o)
    0x08006316   0x08006316   0x00000006   Code   RO         1378    i.__mathlib_flt_infnan  m_ws.l(funder.o)
    0x0800631c   0x0800631c   0x00000008   Code   RO         1380    i.__mathlib_flt_invalid  m_ws.l(funder.o)
    0x08006324   0x08006324   0x0000000e   Code   RO         1317    i._is_digit         c_w.l(__printf_wp.o)
    0x08006332   0x08006332   0x00000002   PAD
    0x08006334   0x08006334   0x00000190   Code   RO         1252    i.logf              m_ws.l(logf.o)
    0x080064c4   0x080064c4   0x0000002c   Code   RO         1477    locale$$code        c_w.l(lc_numeric_c.o)
    0x080064f0   0x080064f0   0x0000002c   Code   RO         1498    locale$$code        c_w.l(lc_ctype_c.o)
    0x0800651c   0x0800651c   0x00000062   Code   RO         1215    x$fpl$d2f           fz_ws.l(d2f.o)
    0x0800657e   0x0800657e   0x00000002   PAD
    0x08006580   0x08006580   0x00000150   Code   RO         1217    x$fpl$dadd          fz_ws.l(daddsub_clz.o)
    0x080066d0   0x080066d0   0x000002b4   Code   RO         1224    x$fpl$ddiv          fz_ws.l(ddiv.o)
    0x08006984   0x08006984   0x00000154   Code   RO         1227    x$fpl$dmul          fz_ws.l(dmul.o)
    0x08006ad8   0x08006ad8   0x0000009c   Code   RO         1352    x$fpl$dnaninf       fz_ws.l(dnaninf.o)
    0x08006b74   0x08006b74   0x0000000c   Code   RO         1354    x$fpl$dretinf       fz_ws.l(dretinf.o)
    0x08006b80   0x08006b80   0x000001dc   Code   RO         1219    x$fpl$dsub          fz_ws.l(daddsub_clz.o)
    0x08006d5c   0x08006d5c   0x00000056   Code   RO         1229    x$fpl$f2d           fz_ws.l(f2d.o)
    0x08006db2   0x08006db2   0x00000002   PAD
    0x08006db4   0x08006db4   0x000000c4   Code   RO         1231    x$fpl$fadd          fz_ws.l(faddsub_clz.o)
    0x08006e78   0x08006e78   0x0000000c   Code   RO         1431    x$fpl$fcheck1       fz_ws.l(fcheck1.o)
    0x08006e84   0x08006e84   0x00000054   Code   RO         1237    x$fpl$fcmp          fz_ws.l(fcmp.o)
    0x08006ed8   0x08006ed8   0x00000018   Code   RO         1433    x$fpl$fcmpinf       fz_ws.l(fcmpi.o)
    0x08006ef0   0x08006ef0   0x00000184   Code   RO         1240    x$fpl$fdiv          fz_ws.l(fdiv.o)
    0x08007074   0x08007074   0x00000068   Code   RO         1356    x$fpl$feqf          fz_ws.l(feqf.o)
    0x080070dc   0x080070dc   0x00000030   Code   RO         1244    x$fpl$fflt          fz_ws.l(fflt_clz.o)
    0x0800710c   0x0800710c   0x00000026   Code   RO         1243    x$fpl$ffltu         fz_ws.l(fflt_clz.o)
    0x08007132   0x08007132   0x00000002   PAD
    0x08007134   0x08007134   0x00000068   Code   RO         1358    x$fpl$fgeqf         fz_ws.l(fgeqf.o)
    0x0800719c   0x0800719c   0x00000068   Code   RO         1360    x$fpl$fleqf         fz_ws.l(fleqf.o)
    0x08007204   0x08007204   0x00000102   Code   RO         1249    x$fpl$fmul          fz_ws.l(fmul.o)
    0x08007306   0x08007306   0x0000008c   Code   RO         1362    x$fpl$fnaninf       fz_ws.l(fnaninf.o)
    0x08007392   0x08007392   0x0000000a   Code   RO         1364    x$fpl$fretinf       fz_ws.l(fretinf.o)
    0x0800739c   0x0800739c   0x000000ea   Code   RO         1233    x$fpl$fsub          fz_ws.l(faddsub_clz.o)
    0x08007486   0x08007486   0x00000004   Code   RO         1366    x$fpl$printf1       fz_ws.l(printf1.o)
    0x0800748a   0x0800748a   0x00000004   Code   RO         1368    x$fpl$printf2       fz_ws.l(printf2.o)
    0x0800748e   0x0800748e   0x00000064   Code   RO         1489    x$fpl$retnan        fz_ws.l(retnan.o)
    0x080074f2   0x080074f2   0x0000004c   Code   RO         1374    x$fpl$scalbnf       fz_ws.l(scalbnf.o)
    0x0800753e   0x0800753e   0x00000030   Code   RO         1549    x$fpl$trapveneer    fz_ws.l(trapv.o)
    0x0800756e   0x0800756e   0x00000000   Code   RO         1376    x$fpl$usenofp       fz_ws.l(usenofp.o)
    0x0800756e   0x0800756e   0x00000002   PAD
    0x08007570   0x08007570   0x00000040   Data   RO         1253    .constdata          m_ws.l(logf.o)
    0x080075b0   0x080075b0   0x00000008   Data   RO         1276    .constdata          c_w.l(_printf_wctomb.o)
    0x080075b8   0x080075b8   0x00000028   Data   RO         1305    .constdata          c_w.l(_printf_hex_int_ll_ptr.o)
    0x080075e0   0x080075e0   0x00000011   Data   RO         1325    .constdata          c_w.l(__printf_flags_ss_wp.o)
    0x080075f1   0x080075f1   0x00000026   Data   RO         1420    .constdata          c_w.l(_printf_fp_hex.o)
    0x08007617   0x08007617   0x00000001   PAD
    0x08007618   0x08007618   0x00000094   Data   RO         1450    .constdata          c_w.l(bigflt0.o)
    0x080076ac   0x080076ac   0x00000014   Data   RO          133    .rodata..L__const.main.net_cfg  main.o
    0x080076c0   0x080076c0   0x00000010   Data   RO         1193    .rodata.AHBPrescTable  system_stm32f1xx.o
    0x080076d0   0x080076d0   0x00000004   Data   RO           46    .rodata.ALCD_goto.LINE_ADDR  alcd.o
    0x080076d4   0x080076d4   0x00000010   Data   RO          447    .rodata.HAL_RCC_GetSysClockFreq.aPLLMULFactorTable  stm32f1xx_hal_rcc.o
    0x080076e4   0x080076e4   0x00000002   Data   RO          448    .rodata.HAL_RCC_GetSysClockFreq.aPredivFactorTable  stm32f1xx_hal_rcc.o
    0x080076e6   0x080076e6   0x0000000e   Data   RO          135    .rodata.str1.1      main.o
    0x080076f4   0x080076f4   0x00000020   Data   RO         1637    Region$$Table       anon$$obj.o
    0x08007714   0x08007714   0x0000001c   Data   RO         1476    locale$$data        c_w.l(lc_numeric_c.o)
    0x08007730   0x08007730   0x00000110   Data   RO         1497    locale$$data        c_w.l(lc_ctype_c.o)


    Execution Region RW_IRAM1 (Exec base: 0x20000000, Load base: 0x08007840, Size: 0x000008f8, Max: 0x00005000, ABSOLUTE)

    Exec Addr    Load Addr    Size         Type   Attr      Idx    E Section Name        Object

    0x20000000   0x08007840   0x00000004   Data   RW         1192    .data.SystemCoreClock  system_stm32f1xx.o
    0x20000004   0x08007844   0x00000001   Data   RW          408    .data.uwTickFreq    stm32f1xx_hal.o
    0x20000005   0x08007845   0x00000003   PAD
    0x20000008   0x08007848   0x00000004   Data   RW          407    .data.uwTickPrio    stm32f1xx_hal.o
    0x2000000c   0x0800784c   0x00000004   PAD
    0x20000010        -       0x00000060   Zero   RW         1436    .bss                c_w.l(libspace.o)
    0x20000070        -       0x00000004   Zero   RW          128    .bss.NTC_avg        main.o
    0x20000074        -       0x00000004   Zero   RW          130    .bss.NTC_avg2       main.o
    0x20000078        -       0x00000004   Zero   RW          129    .bss.NTC_tmp        main.o
    0x2000007c        -       0x00000004   Zero   RW          131    .bss.NTC_tmp2       main.o
    0x20000080        -       0x00000004   Zero   RW           45    .bss.alcdHandle     alcd.o
    0x20000084        -       0x000000c8   Zero   RW          134    .bss.dma_buff       main.o
    0x2000014c        -       0x00000030   Zero   RW          158    .bss.hadc1          adc.o
    0x2000017c        -       0x00000044   Zero   RW          159    .bss.hdma_adc1      adc.o
    0x200001c0        -       0x00000044   Zero   RW          182    .bss.hdma_spi2_rx   spi.o
    0x20000204        -       0x00000058   Zero   RW          181    .bss.hspi2          spi.o
    0x2000025c        -       0x00000048   Zero   RW          202    .bss.htim2          tim.o
    0x200002a4        -       0x00000048   Zero   RW          203    .bss.htim3          tim.o
    0x200002ec        -       0x00000001   Zero   RW          132    .bss.lcdUpdateFlag  main.o
    0x200002ed   0x0800784c   0x00000003   PAD
    0x200002f0        -       0x00000004   Zero   RW          409    .bss.uwTick         stm32f1xx_hal.o
    0x200002f4   0x0800784c   0x00000004   PAD
    0x200002f8        -       0x00000200   Zero   RW            2    HEAP                startup_stm32f103xb.o
    0x200004f8        -       0x00000400   Zero   RW            1    STACK               startup_stm32f103xb.o


==============================================================================

Image component sizes


      Code (inc. data)   RO Data    RW Data    ZI Data      Debug   Object Name

       340          0          0          0        116       4006   adc.o
      1058          0          4          0          4       4976   alcd.o
        76          0          0          0          0       1989   dma.o
       216          0          0          0          0       1518   gpio.o
      1116          0         34          0        217       6918   main.o
       304          0          0          0        156       4153   spi.o
        64         26        236          0       1536        792   startup_stm32f103xb.o
       254          0          0          5          4       5549   stm32f1xx_hal.o
      2034          0          0          0          0       9388   stm32f1xx_hal_adc.o
       482          0          0          0          0       7535   stm32f1xx_hal_cortex.o
      1102          0          0          0          0       6288   stm32f1xx_hal_dma.o
       844          0          0          0          0       4213   stm32f1xx_hal_gpio.o
       100          0          0          0          0       1187   stm32f1xx_hal_msp.o
      2502          0         18          0          0       7414   stm32f1xx_hal_rcc.o
       456          0          0          0          0       3111   stm32f1xx_hal_rcc_ex.o
      3030          0          0          0          0      18920   stm32f1xx_hal_spi.o
      1936          0          0          0          0      35667   stm32f1xx_hal_tim.o
       236          0          0          0          0      15096   stm32f1xx_hal_tim_ex.o
        82          0          0          0          0       1292   stm32f1xx_it.o
         2          0         16          4          0       1556   system_stm32f1xx.o
       448          0          0          0        144       6768   tim.o
      1260          0          0          0          0      10897   w5500.o

    ----------------------------------------------------------------------
     18052         26        340         12       2188     159233   Object Totals
         0          0         32          0          0          0   (incl. Generated)
       110          0          0          3         11          0   (incl. Padding)

    ----------------------------------------------------------------------

      Code (inc. data)   RO Data    RW Data    ZI Data      Debug   Library Member Name

         8          0          0          0          0         68   __main.o
       392          4         17          0          0         92   __printf_flags_ss_wp.o
        14          0          0          0          0         68   __printf_wp.o
         0          0          0          0          0          0   __rtentry.o
        12          0          0          0          0          0   __rtentry2.o
         6          0          0          0          0          0   __rtentry4.o
        94          8          0          0          0          0   __scatter.o
        26          0          0          0          0          0   __scatter_copy.o
        28          0          0          0          0          0   __scatter_zi.o
        72          0          0          0          0         96   _c16rtomb.o
         6          0          0          0          0          0   _printf_a.o
         6          0          0          0          0          0   _printf_c.o
        44          0          0          0          0        108   _printf_char.o
        48          6          0          0          0         96   _printf_char_common.o
        40          0          0          0          0         68   _printf_charcount.o
         6          0          0          0          0          0   _printf_d.o
       120         16          0          0          0         92   _printf_dec.o
         6          0          0          0          0          0   _printf_e.o
         6          0          0          0          0          0   _printf_f.o
      1052          0          0          0          0        148   _printf_fp_dec.o
       764          8         38          0          0        100   _printf_fp_hex.o
       128         16          0          0          0         84   _printf_fp_infnan.o
         6          0          0          0          0          0   _printf_g.o
       148          4         40          0          0        160   _printf_hex_int_ll_ptr.o
         6          0          0          0          0          0   _printf_i.o
       178          0          0          0          0         88   _printf_intcommon.o
        10          0          0          0          0          0   _printf_l.o
         6          0          0          0          0          0   _printf_lc.o
        10          0          0          0          0          0   _printf_ll.o
         6          0          0          0          0          0   _printf_lld.o
         6          0          0          0          0          0   _printf_lli.o
         6          0          0          0          0          0   _printf_llo.o
         6          0          0          0          0          0   _printf_llu.o
         6          0          0          0          0          0   _printf_llx.o
       124         16          0          0          0         92   _printf_longlong_dec.o
         6          0          0          0          0          0   _printf_ls.o
         6          0          0          0          0          0   _printf_n.o
         6          0          0          0          0          0   _printf_o.o
       112          8          0          0          0        124   _printf_oct_int_ll.o
         6          0          0          0          0          0   _printf_p.o
        78          0          0          0          0        108   _printf_pad.o
         0          0          0          0          0          0   _printf_percent.o
         4          0          0          0          0          0   _printf_percent_end.o
         6          0          0          0          0          0   _printf_s.o
        82          0          0          0          0         80   _printf_str.o
        36          0          0          0          0         84   _printf_truncate.o
         6          0          0          0          0          0   _printf_u.o
        44          0          0          0          0        108   _printf_wchar.o
       188          6          8          0          0         92   _printf_wctomb.o
         6          0          0          0          0          0   _printf_x.o
        22          0          0          0          0        100   _rserrno.o
        16          0          0          0          0         68   _snputc.o
       228          4        148          0          0         96   bigflt0.o
      1936        128          0          0          0        668   btod.o
        18          0          0          0          0         80   exit.o
         6          0          0          0          0        152   heapauxi.o
         0          0          0          0          0          0   indicate_semi.o
        44         10        272          0          0         76   lc_ctype_c.o
        44         10         28          0          0         76   lc_numeric_c.o
         2          0          0          0          0          0   libinit.o
        30          0          0          0          0          0   libinit2.o
         2          0          0          0          0          0   libshutdown.o
         2          0          0          0          0          0   libshutdown2.o
         8          4          0          0         96         68   libspace.o
       138          0          0          0          0         80   lludiv10.o
        16          4          0          0          0         76   rt_ctype_table.o
         8          4          0          0          0         68   rt_errno_addr_intlibspace.o
         8          4          0          0          0         68   rt_locale_intlibspace.o
        78          0          0          0          0         80   rt_memclr_w.o
       138          0          0          0          0         68   rt_memcpy_v6.o
       100          0          0          0          0         80   rt_memcpy_w.o
         2          0          0          0          0          0   rtexit.o
        10          0          0          0          0          0   rtexit2.o
        64          6          0          0          0         84   snprintf.o
       128          0          0          0          0         68   strcmpv7m.o
        12          4          0          0          0         68   sys_exit.o
        74          0          0          0          0         80   sys_stackheap_outer.o
         2          0          0          0          0         68   use_no_semi.o
        98          4          0          0          0         92   d2f.o
       812         16          0          0          0        296   daddsub_clz.o
       692        140          0          0          0        216   ddiv.o
       340         12          0          0          0        104   dmul.o
       156          4          0          0          0         92   dnaninf.o
        12          0          0          0          0         68   dretinf.o
        86          4          0          0          0         84   f2d.o
       430          8          0          0          0        168   faddsub_clz.o
        12          4          0          0          0         68   fcheck1.o
        84          0          0          0          0        196   fcmp.o
        24          0          0          0          0         68   fcmpi.o
       388         76          0          0          0         96   fdiv.o
       104          4          0          0          0         84   feqf.o
        86          0          0          0          0        136   fflt_clz.o
       104          4          0          0          0         84   fgeqf.o
       104          4          0          0          0         84   fleqf.o
       258          4          0          0          0         84   fmul.o
       140          4          0          0          0         84   fnaninf.o
        10          0          0          0          0         68   fretinf.o
         4          0          0          0          0         68   printf1.o
         4          0          0          0          0         68   printf2.o
       100          0          0          0          0         68   retnan.o
        76          0          0          0          0         68   scalbnf.o
        48          0          0          0          0         68   trapv.o
         0          0          0          0          0          0   usenofp.o
        40          0          0          0          0         68   fpclassify.o
        24          0          0          0          0        204   funder.o
       400         38         64          0          0        132   logf.o

    ----------------------------------------------------------------------
     11776        596        616          0         96       7144   Library Totals
        22          0          1          0          0          0   (incl. Padding)

    ----------------------------------------------------------------------

      Code (inc. data)   RO Data    RW Data    ZI Data      Debug   Library Name

      7118        270        551          0         96       4228   c_w.l
      4172        288          0          0          0       2512   fz_ws.l
       464         38         64          0          0        404   m_ws.l

    ----------------------------------------------------------------------
     11776        596        616          0         96       7144   Library Totals

    ----------------------------------------------------------------------

==============================================================================


      Code (inc. data)   RO Data    RW Data    ZI Data      Debug   

     29828        622        956         12       2284     162141   Grand Totals
     29828        622        956         12       2284     162141   ELF Image Totals
     29828        622        956         12          0          0   ROM Totals

==============================================================================

    Total RO  Size (Code + RO Data)                30784 (  30.06kB)
    Total RW  Size (RW Data + ZI Data)              2296 (   2.24kB)
    Total ROM Size (Code + RO Data + RW Data)      30796 (  30.07kB)

==============================================================================

